Archive member included to satisfy reference by file (symbol)

C:/Users/Rick/AppData/Roaming/Code/User/globalStorage/bmd.stm32-for-vscode/@xpack-dev-tools/arm-none-eabi-gcc/14.2.1-1.1.1/.content/bin/../lib/gcc/arm-none-eabi/14.2.1/../../../../arm-none-eabi/lib/thumb/v7e-m+fp/hard\libc_nano.a(libc_a-atexit.o)
                              C:/Users/Rick/AppData/Roaming/Code/User/globalStorage/bmd.stm32-for-vscode/@xpack-dev-tools/arm-none-eabi-gcc/14.2.1-1.1.1/.content/bin/../lib/gcc/arm-none-eabi/14.2.1/../../../../arm-none-eabi/lib/thumb/v7e-m+fp/hard/crt0.o (atexit)
C:/Users/Rick/AppData/Roaming/Code/User/globalStorage/bmd.stm32-for-vscode/@xpack-dev-tools/arm-none-eabi-gcc/14.2.1-1.1.1/.content/bin/../lib/gcc/arm-none-eabi/14.2.1/../../../../arm-none-eabi/lib/thumb/v7e-m+fp/hard\libc_nano.a(libc_a-exit.o)
                              C:/Users/Rick/AppData/Roaming/Code/User/globalStorage/bmd.stm32-for-vscode/@xpack-dev-tools/arm-none-eabi-gcc/14.2.1-1.1.1/.content/bin/../lib/gcc/arm-none-eabi/14.2.1/../../../../arm-none-eabi/lib/thumb/v7e-m+fp/hard/crt0.o (exit)
C:/Users/Rick/AppData/Roaming/Code/User/globalStorage/bmd.stm32-for-vscode/@xpack-dev-tools/arm-none-eabi-gcc/14.2.1-1.1.1/.content/bin/../lib/gcc/arm-none-eabi/14.2.1/../../../../arm-none-eabi/lib/thumb/v7e-m+fp/hard\libc_nano.a(libc_a-findfp.o)
                              C:/Users/Rick/AppData/Roaming/Code/User/globalStorage/bmd.stm32-for-vscode/@xpack-dev-tools/arm-none-eabi-gcc/14.2.1-1.1.1/.content/bin/../lib/gcc/arm-none-eabi/14.2.1/../../../../arm-none-eabi/lib/thumb/v7e-m+fp/hard\libc_nano.a(libc_a-exit.o) (__stdio_exit_handler)
C:/Users/Rick/AppData/Roaming/Code/User/globalStorage/bmd.stm32-for-vscode/@xpack-dev-tools/arm-none-eabi-gcc/14.2.1-1.1.1/.content/bin/../lib/gcc/arm-none-eabi/14.2.1/../../../../arm-none-eabi/lib/thumb/v7e-m+fp/hard\libc_nano.a(libc_a-fwalk.o)
                              C:/Users/Rick/AppData/Roaming/Code/User/globalStorage/bmd.stm32-for-vscode/@xpack-dev-tools/arm-none-eabi-gcc/14.2.1-1.1.1/.content/bin/../lib/gcc/arm-none-eabi/14.2.1/../../../../arm-none-eabi/lib/thumb/v7e-m+fp/hard\libc_nano.a(libc_a-findfp.o) (_fwalk_sglue)
C:/Users/Rick/AppData/Roaming/Code/User/globalStorage/bmd.stm32-for-vscode/@xpack-dev-tools/arm-none-eabi-gcc/14.2.1-1.1.1/.content/bin/../lib/gcc/arm-none-eabi/14.2.1/../../../../arm-none-eabi/lib/thumb/v7e-m+fp/hard\libc_nano.a(libc_a-stdio.o)
                              C:/Users/Rick/AppData/Roaming/Code/User/globalStorage/bmd.stm32-for-vscode/@xpack-dev-tools/arm-none-eabi-gcc/14.2.1-1.1.1/.content/bin/../lib/gcc/arm-none-eabi/14.2.1/../../../../arm-none-eabi/lib/thumb/v7e-m+fp/hard\libc_nano.a(libc_a-findfp.o) (__sread)
C:/Users/Rick/AppData/Roaming/Code/User/globalStorage/bmd.stm32-for-vscode/@xpack-dev-tools/arm-none-eabi-gcc/14.2.1-1.1.1/.content/bin/../lib/gcc/arm-none-eabi/14.2.1/../../../../arm-none-eabi/lib/thumb/v7e-m+fp/hard\libc_nano.a(libc_a-memset.o)
                              C:/Users/Rick/AppData/Roaming/Code/User/globalStorage/bmd.stm32-for-vscode/@xpack-dev-tools/arm-none-eabi-gcc/14.2.1-1.1.1/.content/bin/../lib/gcc/arm-none-eabi/14.2.1/../../../../arm-none-eabi/lib/thumb/v7e-m+fp/hard/crt0.o (memset)
C:/Users/Rick/AppData/Roaming/Code/User/globalStorage/bmd.stm32-for-vscode/@xpack-dev-tools/arm-none-eabi-gcc/14.2.1-1.1.1/.content/bin/../lib/gcc/arm-none-eabi/14.2.1/../../../../arm-none-eabi/lib/thumb/v7e-m+fp/hard\libc_nano.a(libc_a-closer.o)
                              C:/Users/Rick/AppData/Roaming/Code/User/globalStorage/bmd.stm32-for-vscode/@xpack-dev-tools/arm-none-eabi-gcc/14.2.1-1.1.1/.content/bin/../lib/gcc/arm-none-eabi/14.2.1/../../../../arm-none-eabi/lib/thumb/v7e-m+fp/hard\libc_nano.a(libc_a-stdio.o) (_close_r)
C:/Users/Rick/AppData/Roaming/Code/User/globalStorage/bmd.stm32-for-vscode/@xpack-dev-tools/arm-none-eabi-gcc/14.2.1-1.1.1/.content/bin/../lib/gcc/arm-none-eabi/14.2.1/../../../../arm-none-eabi/lib/thumb/v7e-m+fp/hard\libc_nano.a(libc_a-reent.o)
                              C:/Users/Rick/AppData/Roaming/Code/User/globalStorage/bmd.stm32-for-vscode/@xpack-dev-tools/arm-none-eabi-gcc/14.2.1-1.1.1/.content/bin/../lib/gcc/arm-none-eabi/14.2.1/../../../../arm-none-eabi/lib/thumb/v7e-m+fp/hard\libc_nano.a(libc_a-closer.o) (errno)
C:/Users/Rick/AppData/Roaming/Code/User/globalStorage/bmd.stm32-for-vscode/@xpack-dev-tools/arm-none-eabi-gcc/14.2.1-1.1.1/.content/bin/../lib/gcc/arm-none-eabi/14.2.1/../../../../arm-none-eabi/lib/thumb/v7e-m+fp/hard\libc_nano.a(libc_a-impure.o)
                              C:/Users/Rick/AppData/Roaming/Code/User/globalStorage/bmd.stm32-for-vscode/@xpack-dev-tools/arm-none-eabi-gcc/14.2.1-1.1.1/.content/bin/../lib/gcc/arm-none-eabi/14.2.1/../../../../arm-none-eabi/lib/thumb/v7e-m+fp/hard\libc_nano.a(libc_a-reent.o) (_impure_ptr)
[...]
Memory Configuration

Name             Origin             Length             Attributes
RAM              0x20000000         0x00020000         xrw
FLASH            0x08000000         0x00080000         xr
*default*        0x00000000         0xffffffff

Linker script and memory map

LOAD C:/Users/Rick/AppData/Roaming/Code/User/globalStorage/bmd.stm32-for-vscode/@xpack-dev-tools/arm-none-eabi-gcc/14.2.1-1.1.1/.content/bin/../lib/gcc/arm-none-eabi/14.2.1/thumb/v7e-m+fp/hard/crti.o
LOAD C:/Users/Rick/AppData/Roaming/Code/User/globalStorage/bmd.stm32-for-vscode/@xpack-dev-tools/arm-none-eabi-gcc/14.2.1-1.1.1/.content/bin/../lib/gcc/arm-none-eabi/14.2.1/thumb/v7e-m+fp/hard/crtbegin.o
LOAD C:/Users/Rick/AppData/Roaming/Code/User/globalStorage/bmd.stm32-for-vscode/@xpack-dev-tools/arm-none-eabi-gcc/14.2.1-1.1.1/.content/bin/../lib/gcc/arm-none-eabi/14.2.1/../../../../arm-none-eabi/lib/thumb/v7e-m+fp/hard/crt0.o
LOAD build/debug/adc.o
LOAD build/debug/can.o
LOAD build/debug/cmsis_os.o
LOAD build/debug/controller.o
LOAD build/debug/croutine.o
LOAD build/debug/current.o
LOAD build/debug/dev_usart.o
LOAD build/debug/dma.o
LOAD build/debug/drv8323.o
LOAD build/debug/event_groups.o
LOAD build/debug/freertos.o
LOAD build/debug/gpio.o
LOAD build/debug/hall.o
LOAD build/debug/heap_4.o
LOAD build/debug/i2c.o
LOAD build/debug/list.o
LOAD build/debug/main.o
LOAD build/debug/port.o
LOAD build/debug/pwm.o
LOAD build/debug/queue.o
LOAD build/debug/spi.o
LOAD build/debug/state.o
LOAD build/debug/stm32f4xx_hal.o
LOAD build/debug/stm32f4xx_hal_adc.o
LOAD build/debug/stm32f4xx_hal_adc_ex.o
LOAD build/debug/stm32f4xx_hal_can.o
LOAD build/debug/stm32f4xx_hal_cortex.o
LOAD build/debug/stm32f4xx_hal_dma.o
LOAD build/debug/stm32f4xx_hal_dma_ex.o
LOAD build/debug/stm32f4xx_hal_exti.o
LOAD build/debug/stm32f4xx_hal_flash.o
LOAD build/debug/stm32f4xx_hal_flash_ex.o
LOAD build/debug/stm32f4xx_hal_flash_ramfunc.o
LOAD build/debug/stm32f4xx_hal_gpio.o
LOAD build/debug/stm32f4xx_hal_i2c.o
LOAD build/debug/stm32f4xx_hal_i2c_ex.o
LOAD build/debug/stm32f4xx_hal_msp.o
LOAD build/debug/stm32f4xx_hal_pwr.o
LOAD build/debug/stm32f4xx_hal_pwr_ex.o
LOAD build/debug/stm32f4xx_hal_rcc.o
LOAD build/debug/stm32f4xx_hal_rcc_ex.o
LOAD build/debug/stm32f4xx_hal_spi.o
LOAD build/debug/stm32f4xx_hal_tim.o
LOAD build/debug/stm32f4xx_hal_tim_ex.o
LOAD build/debug/stm32f4xx_hal_timebase_tim.o
LOAD build/debug/stm32f4xx_hal_uart.o
LOAD build/debug/stm32f4xx_it.o
LOAD build/debug/stm32f4xx_ll_adc.o
LOAD build/debug/stream_buffer.o
LOAD build/debug/syscalls.o
LOAD build/debug/sysmem.o
LOAD build/debug/system_stm32f4xx.o
LOAD build/debug/tasks.o
LOAD build/debug/temp.o
LOAD build/debug/tim.o
LOAD build/debug/timers.o
LOAD build/debug/usart.o
LOAD build/debug/vbus.o
LOAD build/debug/startup_stm32f446xx.o
LOAD C:/Users/Rick/AppData/Roaming/Code/User/globalStorage/bmd.stm32-for-vscode/@xpack-dev-tools/arm-none-eabi-gcc/14.2.1-1.1.1/.content/bin/../lib/gcc/arm-none-eabi/14.2.1/../../../../arm-none-eabi/lib/thumb/v7e-m+fp/hard\libc_nano.a
LOAD C:/Users/Rick/AppData/Roaming/Code/User/globalStorage/bmd.stm32-for-vscode/@xpack-dev-tools/arm-none-eabi-gcc/14.2.1-1.1.1/.content/bin/../lib/gcc/arm-none-eabi/14.2.1/../../../../arm-none-eabi/lib/thumb/v7e-m+fp/hard\libm.a
LOAD C:/Users/Rick/AppData/Roaming/Code/User/globalStorage/bmd.stm32-for-vscode/@xpack-dev-tools/arm-none-eabi-gcc/14.2.1-1.1.1/.content/bin/../lib/gcc/arm-none-eabi/14.2.1/../../../../arm-none-eabi/lib/thumb/v7e-m+fp/hard\libnosys.a
START GROUP
LOAD C:/Users/Rick/AppData/Roaming/Code/User/globalStorage/bmd.stm32-for-vscode/@xpack-dev-tools/arm-none-eabi-gcc/14.2.1-1.1.1/.content/bin/../lib/gcc/arm-none-eabi/14.2.1/thumb/v7e-m+fp/hard\libgcc.a
LOAD C:/Users/Rick/AppData/Roaming/Code/User/globalStorage/bmd.stm32-for-vscode/@xpack-dev-tools/arm-none-eabi-gcc/14.2.1-1.1.1/.content/bin/../lib/gcc/arm-none-eabi/14.2.1/../../../../arm-none-eabi/lib/thumb/v7e-m+fp/hard\libc_nano.a
END GROUP
START GROUP
LOAD C:/Users/Rick/AppData/Roaming/Code/User/globalStorage/bmd.stm32-for-vscode/@xpack-dev-tools/arm-none-eabi-gcc/14.2.1-1.1.1/.content/bin/../lib/gcc/arm-none-eabi/14.2.1/thumb/v7e-m+fp/hard\libgcc.a
LOAD C:/Users/Rick/AppData/Roaming/Code/User/globalStorage/bmd.stm32-for-vscode/@xpack-dev-tools/arm-none-eabi-gcc/14.2.1-1.1.1/.content/bin/../lib/gcc/arm-none-eabi/14.2.1/../../../../arm-none-eabi/lib/thumb/v7e-m+fp/hard\libc_nano.a
END GROUP
LOAD C:/Users/Rick/AppData/Roaming/Code/User/globalStorage/bmd.stm32-for-vscode/@xpack-dev-tools/arm-none-eabi-gcc/14.2.1-1.1.1/.content/bin/../lib/gcc/arm-none-eabi/14.2.1/thumb/v7e-m+fp/hard/crtend.o
LOAD C:/Users/Rick/AppData/Roaming/Code/User/globalStorage/bmd.stm32-for-vscode/@xpack-dev-tools/arm-none-eabi-gcc/14.2.1-1.1.1/.content/bin/../lib/gcc/arm-none-eabi/14.2.1/thumb/v7e-m+fp/hard/crtn.o
                0x20020000                        _estack = (ORIGIN (RAM) + LENGTH (RAM))
                0x00000200                        _Min_Heap_Size = 0x200
                0x00000400                        _Min_Stack_Size = 0x400

.isr_vector     0x08000000      0x1c4
                0x08000000                        . = ALIGN (0x4)
 *(.isr_vector)
 .isr_vector    0x08000000      0x1c4 build/debug/startup_stm32f446xx.o
                0x08000000                g_pfnVectors
                0x080001c4                        . = ALIGN (0x4)

.text           0x080001d0     0x5fe8
                0x080001d0                        . = ALIGN (0x4)
 *(.text)
 .text          0x080001d0       0x30 C:/Users/Rick/AppData/Roaming/Code/User/globalStorage/bmd.stm32-for-vscode/@xpack-dev-tools/arm-none-eabi-gcc/14.2.1-1.1.1/.content/bin/../lib/gcc/arm-none-eabi/14.2.1/thumb/v7e-m+fp/hard\libgcc.a(_aeabi_uldivmod.o)
                0x080001d0                __aeabi_uldivmod
 .text          0x08000200        0x4 C:/Users/Rick/AppData/Roaming/Code/User/globalStorage/bmd.stm32-for-vscode/@xpack-dev-tools/arm-none-eabi-gcc/14.2.1-1.1.1/.content/bin/../lib/gcc/arm-none-eabi/14.2.1/thumb/v7e-m+fp/hard\libgcc.a(_dvmd_tls.o)
                0x08000200                __aeabi_idiv0
                0x08000200                __aeabi_ldiv0
 *(.text*)
 .text.__do_global_dtors_aux
                0x08000204       0x24 C:/Users/Rick/AppData/Roaming/Code/User/globalStorage/bmd.stm32-for-vscode/@xpack-dev-tools/arm-none-eabi-gcc/14.2.1-1.1.1/.content/bin/../lib/gcc/arm-none-eabi/14.2.1/thumb/v7e-m+fp/hard/crtbegin.o
 .text.frame_dummy
                0x08000228       0x1c C:/Users/Rick/AppData/Roaming/Code/User/globalStorage/bmd.stm32-for-vscode/@xpack-dev-tools/arm-none-eabi-gcc/14.2.1-1.1.1/.content/bin/../lib/gcc/arm-none-eabi/14.2.1/thumb/v7e-m+fp/hard/crtbegin.o
 .text.MX_ADC1_Init
                0x08000244       0xa8 build/debug/adc.o
                0x08000244                MX_ADC1_Init
 .text.MX_ADC2_Init
                0x080002ec       0xa8 build/debug/adc.o
                0x080002ec                MX_ADC2_Init
 .text.MX_ADC3_Init
                0x08000394       0xa8 build/debug/adc.o
                0x08000394                MX_ADC3_Init
 .text.HAL_ADC_MspInit
                0x0800043c      0x178 build/debug/adc.o
                0x0800043c                HAL_ADC_MspInit
 .text.MX_CAN1_Init
                0x080005b4       0x38 build/debug/can.o
                0x080005b4                MX_CAN1_Init
 .text.HAL_CAN_MspInit
                0x080005ec       0x70 build/debug/can.o
                0x080005ec                HAL_CAN_MspInit
 .text.makeFreeRtosPriority
                0x0800065c        0xc build/debug/cmsis_os.o
 .text.osKernelStart
                0x08000668        0xa build/debug/cmsis_os.o
                0x08000668                osKernelStart
 .text.osThreadCreate
                0x08000672       0x66 build/debug/cmsis_os.o
                0x08000672                osThreadCreate
 .text.osDelay  0x080006d8        0xe build/debug/cmsis_os.o
                0x080006d8                osDelay
 *fill*         0x080006e6        0x2 
 .text.controller_init
                0x080006e8       0xe8 build/debug/controller.o
                0x080006e8                controller_init
 .text.controller_step
                0x080007d0        0x8 build/debug/controller.o
                0x080007d0                controller_step
 .text.HAL_ADCEx_InjectedConvCpltCallback
                0x080007d8      0x1cc build/debug/current.o
                0x080007d8                HAL_ADCEx_InjectedConvCpltCallback
 .text.current_init
                0x080009a4       0x30 build/debug/current.o
                0x080009a4                current_init
 .text.dev_usart_init
                0x080009d4       0x18 build/debug/dev_usart.o
                0x080009d4                dev_usart_init
 .text.dev_usart_write
                0x080009ec       0x30 build/debug/dev_usart.o
                0x080009ec                dev_usart_write
 .text.HAL_UARTEx_RxEventCallback
                0x08000a1c        0x2 build/debug/dev_usart.o
                0x08000a1c                HAL_UARTEx_RxEventCallback
 *fill*         0x08000a1e        0x2 
 .text.HAL_UART_ErrorCallback
                0x08000a20       0x58 build/debug/dev_usart.o
                0x08000a20                HAL_UART_ErrorCallback
 .text.MX_DMA_Init
                0x08000a78       0x44 build/debug/dma.o
                0x08000a78                MX_DMA_Init
 .text._SPI_WRITE
                0x08000abc       0x48 build/debug/drv8323.o
                0x08000abc                _SPI_WRITE
 .text.drv8323_init
                0x08000b04       0x44 build/debug/drv8323.o
                0x08000b04                drv8323_init
 .text.drv8323_read_register
                0x08000b48       0x12 build/debug/drv8323.o
                0x08000b48                drv8323_read_register
 .text.drv8323_write_register
                0x08000b5a        0xe build/debug/drv8323.o
                0x08000b5a                drv8323_write_register
 .text.drv8323_write_dcr
                0x08000b68       0x56 build/debug/drv8323.o
                0x08000b68                drv8323_write_dcr
 .text.drv8323_write_ocpcr
                0x08000bbe       0x2e build/debug/drv8323.o
                0x08000bbe                drv8323_write_ocpcr
 .text.drv8323_write_csacr
                0x08000bec       0x56 build/debug/drv8323.o
                0x08000bec                drv8323_write_csacr
 .text.drv8323_enable_gd
                0x08000c42       0x1a build/debug/drv8323.o
                0x08000c42                drv8323_enable_gd
 .text.drv8323_calibrate
                0x08000c5c        0xe build/debug/drv8323.o
                0x08000c5c                drv8323_calibrate
 .text.StartDefaultTask
                0x08000c6a        0xe build/debug/freertos.o
                0x08000c6a                StartDefaultTask
 .text.StartStateTask
                0x08000c78        0xe build/debug/freertos.o
                0x08000c78                StartStateTask
 *fill*         0x08000c86        0x2 
 .text.vApplicationGetIdleTaskMemory
                0x08000c88       0x18 build/debug/freertos.o
                0x08000c88                vApplicationGetIdleTaskMemory
 .text.MX_FREERTOS_Init
                0x08000ca0       0x5c build/debug/freertos.o
                0x08000ca0                MX_FREERTOS_Init
 .text.MX_GPIO_Init
                0x08000cfc      0x140 build/debug/gpio.o
                0x08000cfc                MX_GPIO_Init
 .text.hall_init
                0x08000e3c       0x10 build/debug/hall.o
                0x08000e3c                hall_init
 .text.HAL_TIM_IC_CaptureCallback
                0x08000e4c       0x10 build/debug/hall.o
                0x08000e4c                HAL_TIM_IC_CaptureCallback
 .text.prvHeapInit
                0x08000e5c       0x64 build/debug/heap_4.o
 .text.prvInsertBlockIntoFreeList
                0x08000ec0       0x64 build/debug/heap_4.o
 .text.pvPortMalloc
                0x08000f24      0x104 build/debug/heap_4.o
                0x08000f24                pvPortMalloc
 .text.vPortFree
                0x08001028       0x7c build/debug/heap_4.o
                0x08001028                vPortFree
 .text.MX_I2C1_Init
                0x080010a4       0x3c build/debug/i2c.o
                0x080010a4                MX_I2C1_Init
 .text.HAL_I2C_MspInit
                0x080010e0       0x70 build/debug/i2c.o
                0x080010e0                HAL_I2C_MspInit
 .text.vListInitialise
                0x08001150       0x16 build/debug/list.o
                0x08001150                vListInitialise
 .text.vListInitialiseItem
                0x08001166        0x6 build/debug/list.o
                0x08001166                vListInitialiseItem
 .text.vListInsertEnd
                0x0800116c       0x16 build/debug/list.o
                0x0800116c                vListInsertEnd
 .text.vListInsert
                0x08001182       0x32 build/debug/list.o
                0x08001182                vListInsert
 .text.uxListRemove
                0x080011b4       0x26 build/debug/list.o
                0x080011b4                uxListRemove
 *fill*         0x080011da        0x2 
 .text.HAL_TIM_PeriodElapsedCallback
                0x080011dc       0x18 build/debug/main.o
                0x080011dc                HAL_TIM_PeriodElapsedCallback
 .text.Error_Handler
                0x080011f4        0x4 build/debug/main.o
                0x080011f4                Error_Handler
 .text.SystemClock_Config
                0x080011f8       0xa8 build/debug/main.o
                0x080011f8                SystemClock_Config
 .text.main     0x080012a0       0x4a build/debug/main.o
                0x080012a0                main
 *fill*         0x080012ea        0x2 
 .text.prvTaskExitError
                0x080012ec       0x40 build/debug/port.o
 .text.prvPortStartFirstTask
                0x0800132c       0x28 build/debug/port.o
 .text.vPortEnableVFP
                0x08001354       0x14 build/debug/port.o
 .text.pxPortInitialiseStack
                0x08001368       0x2c build/debug/port.o
                0x08001368                pxPortInitialiseStack
 *fill*         0x08001394        0xc 
 .text.SVC_Handler
                0x080013a0       0x24 build/debug/port.o
                0x080013a0                SVC_Handler
 .text.vPortEnterCritical
                0x080013c4       0x44 build/debug/port.o
                0x080013c4                vPortEnterCritical
 .text.vPortExitCritical
                0x08001408       0x2c build/debug/port.o
                0x08001408                vPortExitCritical
 *fill*         0x08001434        0xc 
 .text.PendSV_Handler
                0x08001440       0x64 build/debug/port.o
                0x08001440                PendSV_Handler
 .text.SysTick_Handler
                0x080014a4       0x2c build/debug/port.o
                0x080014a4                SysTick_Handler
 .text.vPortSetupTimerInterrupt
                0x080014d0       0x28 build/debug/port.o
                0x080014d0                vPortSetupTimerInterrupt
 .text.xPortStartScheduler
                0x080014f8      0x118 build/debug/port.o
                0x080014f8                xPortStartScheduler
 .text.pwm_init
                0x08001610       0x24 build/debug/pwm.o
                0x08001610                pwm_init
 .text.MX_SPI3_Init
                0x08001634       0x40 build/debug/spi.o
                0x08001634                MX_SPI3_Init
 .text.HAL_SPI_MspInit
                0x08001674       0x70 build/debug/spi.o
                0x08001674                HAL_SPI_MspInit
 .text.state_set
                0x080016e4        0xc build/debug/state.o
                0x080016e4                state_set
 .text.led_ctl  0x080016f0       0x60 build/debug/state.o
                0x080016f0                led_ctl
 .text.state_step
                0x08001750       0x9c build/debug/state.o
                0x08001750                state_step
 .text.HAL_Init
                0x080017ec       0x34 build/debug/stm32f4xx_hal.o
                0x080017ec                HAL_Init
 .text.HAL_IncTick
                0x08001820       0x18 build/debug/stm32f4xx_hal.o
                0x08001820                HAL_IncTick
 .text.HAL_GetTick
                0x08001838        0xc build/debug/stm32f4xx_hal.o
                0x08001838                HAL_GetTick
 .text.HAL_Delay
                0x08001844       0x28 build/debug/stm32f4xx_hal.o
                0x08001844                HAL_Delay
 .text.ADC_Init
                0x0800186c      0x134 build/debug/stm32f4xx_hal_adc.o
 .text.HAL_ADC_Init
                0x080019a0       0x56 build/debug/stm32f4xx_hal_adc.o
                0x080019a0                HAL_ADC_Init
 *fill*         0x080019f6        0x2 
 .text.HAL_ADC_Start
                0x080019f8      0x144 build/debug/stm32f4xx_hal_adc.o
                0x080019f8                HAL_ADC_Start
 .text.HAL_ADC_PollForConversion
                0x08001b3c       0xb8 build/debug/stm32f4xx_hal_adc.o
                0x08001b3c                HAL_ADC_PollForConversion
 .text.HAL_ADC_GetValue
                0x08001bf4        0x6 build/debug/stm32f4xx_hal_adc.o
                0x08001bf4                HAL_ADC_GetValue
 .text.HAL_ADC_ConvCpltCallback
                0x08001bfa        0x2 build/debug/stm32f4xx_hal_adc.o
                0x08001bfa                HAL_ADC_ConvCpltCallback
 .text.HAL_ADC_LevelOutOfWindowCallback
                0x08001bfc        0x2 build/debug/stm32f4xx_hal_adc.o
                0x08001bfc                HAL_ADC_LevelOutOfWindowCallback
 .text.HAL_ADC_ErrorCallback
                0x08001bfe        0x2 build/debug/stm32f4xx_hal_adc.o
                0x08001bfe                HAL_ADC_ErrorCallback
 .text.HAL_ADC_IRQHandler
                0x08001c00      0x142 build/debug/stm32f4xx_hal_adc.o
                0x08001c00                HAL_ADC_IRQHandler
 *fill*         0x08001d42        0x2 
 .text.HAL_ADC_ConfigChannel
                0x08001d44      0x1ac build/debug/stm32f4xx_hal_adc.o
                0x08001d44                HAL_ADC_ConfigChannel
 .text.HAL_ADCEx_InjectedStart_IT
                0x08001ef0      0x10c build/debug/stm32f4xx_hal_adc_ex.o
                0x08001ef0                HAL_ADCEx_InjectedStart_IT
 .text.HAL_ADCEx_InjectedConfigChannel
                0x08001ffc      0x208 build/debug/stm32f4xx_hal_adc_ex.o
                0x08001ffc                HAL_ADCEx_InjectedConfigChannel
 .text.HAL_CAN_Init
                0x08002204      0x14c build/debug/stm32f4xx_hal_can.o
                0x08002204                HAL_CAN_Init
 .text.__NVIC_EnableIRQ
                0x08002350       0x1c build/debug/stm32f4xx_hal_cortex.o
 .text.__NVIC_SetPriority
                0x0800236c       0x28 build/debug/stm32f4xx_hal_cortex.o
 .text.NVIC_EncodePriority
                0x08002394       0x3e build/debug/stm32f4xx_hal_cortex.o
 *fill*         0x080023d2        0x2 
 .text.HAL_NVIC_SetPriorityGrouping
                0x080023d4       0x24 build/debug/stm32f4xx_hal_cortex.o
                0x080023d4                HAL_NVIC_SetPriorityGrouping
 .text.HAL_NVIC_SetPriority
                0x080023f8       0x20 build/debug/stm32f4xx_hal_cortex.o
                0x080023f8                HAL_NVIC_SetPriority
 .text.HAL_NVIC_EnableIRQ
                0x08002418        0x8 build/debug/stm32f4xx_hal_cortex.o
                0x08002418                HAL_NVIC_EnableIRQ
 .text.DMA_SetConfig
                0x08002420       0x2c build/debug/stm32f4xx_hal_dma.o
 .text.DMA_CalcBaseAndBitshift
                0x0800244c       0x3c build/debug/stm32f4xx_hal_dma.o
 .text.DMA_CheckFifoParam
                0x08002488       0x8e build/debug/stm32f4xx_hal_dma.o
 *fill*         0x08002516        0x2 
 .text.HAL_DMA_Init
                0x08002518       0xcc build/debug/stm32f4xx_hal_dma.o
                0x08002518                HAL_DMA_Init
 .text.HAL_DMA_Start_IT
                0x080025e4       0x68 build/debug/stm32f4xx_hal_dma.o
                0x080025e4                HAL_DMA_Start_IT
 .text.HAL_DMA_Abort
                0x0800264c       0x92 build/debug/stm32f4xx_hal_dma.o
                0x0800264c                HAL_DMA_Abort
 .text.HAL_DMA_Abort_IT
                0x080026de       0x24 build/debug/stm32f4xx_hal_dma.o
                0x080026de                HAL_DMA_Abort_IT
 *fill*         0x08002702        0x2 
 .text.HAL_DMA_IRQHandler
                0x08002704      0x1dc build/debug/stm32f4xx_hal_dma.o
                0x08002704                HAL_DMA_IRQHandler
 .text.HAL_GPIO_Init
                0x080028e0      0x1e0 build/debug/stm32f4xx_hal_gpio.o
                0x080028e0                HAL_GPIO_Init
 .text.HAL_GPIO_WritePin
                0x08002ac0        0xc build/debug/stm32f4xx_hal_gpio.o
                0x08002ac0                HAL_GPIO_WritePin
 .text.HAL_GPIO_TogglePin
                0x08002acc       0x12 build/debug/stm32f4xx_hal_gpio.o
                0x08002acc                HAL_GPIO_TogglePin
 *fill*         0x08002ade        0x2 
 .text.HAL_I2C_Init
                0x08002ae0      0x1bc build/debug/stm32f4xx_hal_i2c.o
                0x08002ae0                HAL_I2C_Init
 .text.HAL_MspInit
                0x08002c9c       0x44 build/debug/stm32f4xx_hal_msp.o
                0x08002c9c                HAL_MspInit
 .text.HAL_RCC_ClockConfig
                0x08002ce0      0x160 build/debug/stm32f4xx_hal_rcc.o
                0x08002ce0                HAL_RCC_ClockConfig
 .text.HAL_RCC_GetHCLKFreq
                0x08002e40        0xc build/debug/stm32f4xx_hal_rcc.o
                0x08002e40                HAL_RCC_GetHCLKFreq
 .text.HAL_RCC_GetPCLK1Freq
                0x08002e4c       0x20 build/debug/stm32f4xx_hal_rcc.o
                0x08002e4c                HAL_RCC_GetPCLK1Freq
 .text.HAL_RCC_GetPCLK2Freq
                0x08002e6c       0x20 build/debug/stm32f4xx_hal_rcc.o
                0x08002e6c                HAL_RCC_GetPCLK2Freq
 .text.HAL_RCC_GetClockConfig
                0x08002e8c       0x3c build/debug/stm32f4xx_hal_rcc.o
                0x08002e8c                HAL_RCC_GetClockConfig
 .text.HAL_RCC_GetSysClockFreq
                0x08002ec8      0x184 build/debug/stm32f4xx_hal_rcc_ex.o
                0x08002ec8                HAL_RCC_GetSysClockFreq
 .text.HAL_RCC_OscConfig
                0x0800304c      0x444 build/debug/stm32f4xx_hal_rcc_ex.o
                0x0800304c                HAL_RCC_OscConfig
 .text.SPI_WaitFlagStateUntilTimeout
                0x08003490       0xc8 build/debug/stm32f4xx_hal_spi.o
 .text.SPI_EndRxTxTransaction
                0x08003558       0x80 build/debug/stm32f4xx_hal_spi.o
 .text.HAL_SPI_Init
                0x080035d8       0xbe build/debug/stm32f4xx_hal_spi.o
                0x080035d8                HAL_SPI_Init
 .text.HAL_SPI_TransmitReceive
                0x08003696      0x252 build/debug/stm32f4xx_hal_spi.o
                0x08003696                HAL_SPI_TransmitReceive
 .text.TIM_OC1_SetConfig
                0x080038e8       0x70 build/debug/stm32f4xx_hal_tim.o
 .text.TIM_OC3_SetConfig
                0x08003958       0x70 build/debug/stm32f4xx_hal_tim.o
 .text.TIM_OC4_SetConfig
                0x080039c8       0x50 build/debug/stm32f4xx_hal_tim.o
 .text.TIM_TI1_ConfigInputStage
                0x08003a18       0x26 build/debug/stm32f4xx_hal_tim.o
 .text.TIM_TI2_ConfigInputStage
                0x08003a3e       0x28 build/debug/stm32f4xx_hal_tim.o
 .text.TIM_ITRx_SetConfig
                0x08003a66       0x10 build/debug/stm32f4xx_hal_tim.o
 *fill*         0x08003a76        0x2 
 .text.HAL_TIM_Base_Start_IT
                0x08003a78       0x84 build/debug/stm32f4xx_hal_tim.o
                0x08003a78                HAL_TIM_Base_Start_IT
 .text.HAL_TIM_PWM_MspInit
                0x08003afc        0x2 build/debug/stm32f4xx_hal_tim.o
                0x08003afc                HAL_TIM_PWM_MspInit
 .text.HAL_TIM_OC_DelayElapsedCallback
                0x08003afe        0x2 build/debug/stm32f4xx_hal_tim.o
                0x08003afe                HAL_TIM_OC_DelayElapsedCallback
 .text.HAL_TIM_PWM_PulseFinishedCallback
                0x08003b00        0x2 build/debug/stm32f4xx_hal_tim.o
                0x08003b00                HAL_TIM_PWM_PulseFinishedCallback
 .text.HAL_TIM_TriggerCallback
                0x08003b02        0x2 build/debug/stm32f4xx_hal_tim.o
                0x08003b02                HAL_TIM_TriggerCallback
 .text.HAL_TIM_IRQHandler
                0x08003b04      0x15e build/debug/stm32f4xx_hal_tim.o
                0x08003b04                HAL_TIM_IRQHandler
 *fill*         0x08003c62        0x2 
 .text.TIM_Base_SetConfig
                0x08003c64       0xd8 build/debug/stm32f4xx_hal_tim.o
                0x08003c64                TIM_Base_SetConfig
 .text.HAL_TIM_Base_Init
                0x08003d3c       0x58 build/debug/stm32f4xx_hal_tim.o
                0x08003d3c                HAL_TIM_Base_Init
 .text.HAL_TIM_PWM_Init
                0x08003d94       0x58 build/debug/stm32f4xx_hal_tim.o
                0x08003d94                HAL_TIM_PWM_Init
 .text.TIM_OC2_SetConfig
                0x08003dec       0x70 build/debug/stm32f4xx_hal_tim.o
                0x08003dec                TIM_OC2_SetConfig
 .text.HAL_TIM_PWM_ConfigChannel
                0x08003e5c       0xdc build/debug/stm32f4xx_hal_tim.o
                0x08003e5c                HAL_TIM_PWM_ConfigChannel
 .text.TIM_TI1_SetConfig
                0x08003f38       0x7c build/debug/stm32f4xx_hal_tim.o
                0x08003f38                TIM_TI1_SetConfig
 .text.TIM_ETR_SetConfig
                0x08003fb4       0x1a build/debug/stm32f4xx_hal_tim.o
                0x08003fb4                TIM_ETR_SetConfig
 .text.HAL_TIM_ConfigClockSource
                0x08003fce       0xfe build/debug/stm32f4xx_hal_tim.o
                0x08003fce                HAL_TIM_ConfigClockSource
 .text.TIM_CCxChannelCmd
                0x080040cc       0x1e build/debug/stm32f4xx_hal_tim.o
                0x080040cc                TIM_CCxChannelCmd
 *fill*         0x080040ea        0x2 
 .text.HAL_TIM_PWM_Start
                0x080040ec       0xfc build/debug/stm32f4xx_hal_tim.o
                0x080040ec                HAL_TIM_PWM_Start
 .text.HAL_TIMEx_HallSensor_Init
                0x080041e8       0xd4 build/debug/stm32f4xx_hal_tim_ex.o
                0x080041e8                HAL_TIMEx_HallSensor_Init
 .text.HAL_TIMEx_HallSensor_Start_IT
                0x080042bc       0xcc build/debug/stm32f4xx_hal_tim_ex.o
                0x080042bc                HAL_TIMEx_HallSensor_Start_IT
 .text.HAL_TIMEx_MasterConfigSynchronization
                0x08004388       0x8c build/debug/stm32f4xx_hal_tim_ex.o
                0x08004388                HAL_TIMEx_MasterConfigSynchronization
 .text.HAL_TIMEx_ConfigBreakDeadTime
                0x08004414       0x52 build/debug/stm32f4xx_hal_tim_ex.o
                0x08004414                HAL_TIMEx_ConfigBreakDeadTime
 .text.HAL_TIMEx_CommutCallback
                0x08004466        0x2 build/debug/stm32f4xx_hal_tim_ex.o
                0x08004466                HAL_TIMEx_CommutCallback
 .text.HAL_TIMEx_BreakCallback
                0x08004468        0x2 build/debug/stm32f4xx_hal_tim_ex.o
                0x08004468                HAL_TIMEx_BreakCallback
 *fill*         0x0800446a        0x2 
 .text.HAL_InitTick
                0x0800446c       0xa4 build/debug/stm32f4xx_hal_timebase_tim.o
                0x0800446c                HAL_InitTick
 .text.UART_EndTxTransfer
                0x08004510       0x20 build/debug/stm32f4xx_hal_uart.o
 .text.UART_EndRxTransfer
                0x08004530       0x5c build/debug/stm32f4xx_hal_uart.o
 .text.UART_Transmit_IT
                0x0800458c       0x5e build/debug/stm32f4xx_hal_uart.o
 *fill*         0x080045ea        0x2 
 .text.UART_SetConfig
                0x080045ec      0x110 build/debug/stm32f4xx_hal_uart.o
 .text.HAL_UART_Init
                0x080046fc       0x60 build/debug/stm32f4xx_hal_uart.o
                0x080046fc                HAL_UART_Init
 .text.HAL_UART_Transmit_DMA
                0x0800475c       0x80 build/debug/stm32f4xx_hal_uart.o
                0x0800475c                HAL_UART_Transmit_DMA
 .text.HAL_UART_TxCpltCallback
                0x080047dc        0x2 build/debug/stm32f4xx_hal_uart.o
                0x080047dc                HAL_UART_TxCpltCallback
 .text.UART_DMATransmitCplt
                0x080047de       0x4c build/debug/stm32f4xx_hal_uart.o
 .text.UART_EndTransmit_IT
                0x0800482a       0x1a build/debug/stm32f4xx_hal_uart.o
 .text.HAL_UART_TxHalfCpltCallback
                0x08004844        0x2 build/debug/stm32f4xx_hal_uart.o
                0x08004844                HAL_UART_TxHalfCpltCallback
 .text.UART_DMATxHalfCplt
                0x08004846        0xa build/debug/stm32f4xx_hal_uart.o
 .text.HAL_UART_RxCpltCallback
                0x08004850        0x2 build/debug/stm32f4xx_hal_uart.o
                0x08004850                HAL_UART_RxCpltCallback
 .text.HAL_UART_RxHalfCpltCallback
                0x08004852        0x2 build/debug/stm32f4xx_hal_uart.o
                0x08004852                HAL_UART_RxHalfCpltCallback
 .text.UART_DMAError
                0x08004854       0x54 build/debug/stm32f4xx_hal_uart.o
 .text.UART_DMAAbortOnError
                0x080048a8       0x10 build/debug/stm32f4xx_hal_uart.o
 .text.UART_Receive_IT
                0x080048b8       0xe4 build/debug/stm32f4xx_hal_uart.o
 .text.HAL_UART_IRQHandler
                0x0800499c      0x284 build/debug/stm32f4xx_hal_uart.o
                0x0800499c                HAL_UART_IRQHandler
 .text.UART_DMARxHalfCplt
                0x08004c20       0x1e build/debug/stm32f4xx_hal_uart.o
 .text.UART_DMAReceiveCplt
                0x08004c3e       0x9a build/debug/stm32f4xx_hal_uart.o
 .text.UART_Start_Receive_DMA
                0x08004cd8       0xa4 build/debug/stm32f4xx_hal_uart.o
                0x08004cd8                UART_Start_Receive_DMA
 .text.HAL_UART_Receive_DMA
                0x08004d7c       0x24 build/debug/stm32f4xx_hal_uart.o
                0x08004d7c                HAL_UART_Receive_DMA
 .text.HAL_UARTEx_ReceiveToIdle_DMA
                0x08004da0       0x64 build/debug/stm32f4xx_hal_uart.o
                0x08004da0                HAL_UARTEx_ReceiveToIdle_DMA
 .text.NMI_Handler
                0x08004e04        0x2 build/debug/stm32f4xx_it.o
                0x08004e04                NMI_Handler
 .text.HardFault_Handler
                0x08004e06        0x2 build/debug/stm32f4xx_it.o
                0x08004e06                HardFault_Handler
 .text.MemManage_Handler
                0x08004e08        0x2 build/debug/stm32f4xx_it.o
                0x08004e08                MemManage_Handler
 .text.BusFault_Handler
                0x08004e0a        0x2 build/debug/stm32f4xx_it.o
                0x08004e0a                BusFault_Handler
 .text.UsageFault_Handler
                0x08004e0c        0x2 build/debug/stm32f4xx_it.o
                0x08004e0c                UsageFault_Handler
 .text.DebugMon_Handler
                0x08004e0e        0x2 build/debug/stm32f4xx_it.o
                0x08004e0e                DebugMon_Handler
 .text.DMA1_Stream1_IRQHandler
                0x08004e10       0x10 build/debug/stm32f4xx_it.o
                0x08004e10                DMA1_Stream1_IRQHandler
 .text.DMA1_Stream3_IRQHandler
                0x08004e20       0x10 build/debug/stm32f4xx_it.o
                0x08004e20                DMA1_Stream3_IRQHandler
 .text.ADC_IRQHandler
                0x08004e30       0x24 build/debug/stm32f4xx_it.o
                0x08004e30                ADC_IRQHandler
 .text.TIM1_BRK_TIM9_IRQHandler
                0x08004e54       0x10 build/debug/stm32f4xx_it.o
                0x08004e54                TIM1_BRK_TIM9_IRQHandler
 .text.TIM1_UP_TIM10_IRQHandler
                0x08004e64       0x10 build/debug/stm32f4xx_it.o
                0x08004e64                TIM1_UP_TIM10_IRQHandler
 .text.TIM1_CC_IRQHandler
                0x08004e74       0x10 build/debug/stm32f4xx_it.o
                0x08004e74                TIM1_CC_IRQHandler
 .text.TIM3_IRQHandler
                0x08004e84       0x10 build/debug/stm32f4xx_it.o
                0x08004e84                TIM3_IRQHandler
 .text.USART3_IRQHandler
                0x08004e94       0x10 build/debug/stm32f4xx_it.o
                0x08004e94                USART3_IRQHandler
 .text.TIM6_DAC_IRQHandler
                0x08004ea4       0x10 build/debug/stm32f4xx_it.o
                0x08004ea4                TIM6_DAC_IRQHandler
 .text.SystemInit
                0x08004eb4       0x14 build/debug/system_stm32f4xx.o
                0x08004eb4                SystemInit
 .text.prvResetNextTaskUnblockTime
                0x08004ec8       0x2c build/debug/tasks.o
 .text.prvInitialiseNewTask
                0x08004ef4       0x9c build/debug/tasks.o
 .text.prvInitialiseTaskLists
                0x08004f90       0x68 build/debug/tasks.o
 .text.prvAddNewTaskToReadyList
                0x08004ff8       0xa8 build/debug/tasks.o
 .text.prvDeleteTCB
                0x080050a0       0x38 build/debug/tasks.o
 .text.prvCheckTasksWaitingTermination
                0x080050d8       0x4c build/debug/tasks.o
 .text.prvIdleTask
                0x08005124       0x28 build/debug/tasks.o
 .text.prvAddCurrentTaskToDelayedList
                0x0800514c       0x98 build/debug/tasks.o
 .text.xTaskCreateStatic
                0x080051e4       0x76 build/debug/tasks.o
                0x080051e4                xTaskCreateStatic
 .text.xTaskCreate
                0x0800525a       0x64 build/debug/tasks.o
                0x0800525a                xTaskCreate
 *fill*         0x080052be        0x2 
 .text.vTaskStartScheduler
                0x080052c0       0x74 build/debug/tasks.o
                0x080052c0                vTaskStartScheduler
 .text.vTaskSuspendAll
                0x08005334       0x10 build/debug/tasks.o
                0x08005334                vTaskSuspendAll
 .text.xTaskIncrementTick
                0x08005344      0x118 build/debug/tasks.o
                0x08005344                xTaskIncrementTick
 .text.xTaskResumeAll
                0x0800545c       0xf8 build/debug/tasks.o
                0x0800545c                xTaskResumeAll
 .text.vTaskDelay
                0x08005554       0x4c build/debug/tasks.o
                0x08005554                vTaskDelay
 .text.vTaskSwitchContext
                0x080055a0       0x98 build/debug/tasks.o
                0x080055a0                vTaskSwitchContext
 .text.temp_get
                0x08005638       0x88 build/debug/temp.o
                0x08005638                temp_get
 .text.MX_TIM3_Init
                0x080056c0       0x64 build/debug/tim.o
                0x080056c0                MX_TIM3_Init
 .text.HAL_TIM_Base_MspInit
                0x08005724       0x9c build/debug/tim.o
                0x08005724                HAL_TIM_Base_MspInit
 .text.HAL_TIMEx_HallSensor_MspInit
                0x080057c0       0xa4 build/debug/tim.o
                0x080057c0                HAL_TIMEx_HallSensor_MspInit
 .text.HAL_TIM_MspPostInit
                0x08005864       0x5c build/debug/tim.o
                0x08005864                HAL_TIM_MspPostInit
 .text.MX_TIM1_Init
                0x080058c0      0x138 build/debug/tim.o
                0x080058c0                MX_TIM1_Init
 .text.MX_USART3_UART_Init
                0x080059f8       0x34 build/debug/usart.o
                0x080059f8                MX_USART3_UART_Init
 .text.HAL_UART_MspInit
                0x08005a2c      0x138 build/debug/usart.o
                0x08005a2c                HAL_UART_MspInit
 .text.vbus_init
                0x08005b64       0x10 build/debug/vbus.o
                0x08005b64                vbus_init
 .text.Reset_Handler
                0x08005b74       0x50 build/debug/startup_stm32f446xx.o
                0x08005b74                Reset_Handler
 .text.Default_Handler
                0x08005bc4        0x2 build/debug/startup_stm32f446xx.o
                0x08005bc4                RTC_Alarm_IRQHandler
                0x08005bc4                EXTI2_IRQHandler
                0x08005bc4                TIM8_CC_IRQHandler
                0x08005bc4                FMPI2C1_EV_IRQHandler
                0x08005bc4                SPI4_IRQHandler
                0x08005bc4                DMA2_Stream5_IRQHandler
                0x08005bc4                DMA1_Stream5_IRQHandler
                0x08005bc4                PVD_IRQHandler
                0x08005bc4                SDIO_IRQHandler
                0x08005bc4                TAMP_STAMP_IRQHandler
                0x08005bc4                CAN2_RX1_IRQHandler
                0x08005bc4                EXTI3_IRQHandler
                0x08005bc4                TIM8_TRG_COM_TIM14_IRQHandler
                0x08005bc4                TIM8_UP_TIM13_IRQHandler
                0x08005bc4                I2C3_ER_IRQHandler
                0x08005bc4                EXTI0_IRQHandler
                0x08005bc4                I2C2_EV_IRQHandler
                0x08005bc4                DMA1_Stream2_IRQHandler
                0x08005bc4                CAN1_RX0_IRQHandler
                0x08005bc4                FPU_IRQHandler
                0x08005bc4                OTG_HS_WKUP_IRQHandler
                0x08005bc4                CAN2_SCE_IRQHandler
                0x08005bc4                DMA2_Stream2_IRQHandler
                0x08005bc4                SPI1_IRQHandler
                0x08005bc4                DCMI_IRQHandler
                0x08005bc4                CAN2_RX0_IRQHandler
                0x08005bc4                DMA2_Stream3_IRQHandler
                0x08005bc4                SAI2_IRQHandler
                0x08005bc4                USART6_IRQHandler
                0x08005bc4                CAN1_RX1_IRQHandler
                0x08005bc4                UART5_IRQHandler
                0x08005bc4                DMA2_Stream0_IRQHandler
                0x08005bc4                TIM4_IRQHandler
                0x08005bc4                QUADSPI_IRQHandler
                0x08005bc4                I2C1_EV_IRQHandler
                0x08005bc4                DMA1_Stream6_IRQHandler
                0x08005bc4                UART4_IRQHandler
                0x08005bc4                RCC_IRQHandler
                0x08005bc4                TIM8_BRK_TIM12_IRQHandler
                0x08005bc4                Default_Handler
                0x08005bc4                CEC_IRQHandler
                0x08005bc4                EXTI15_10_IRQHandler
                0x08005bc4                DMA1_Stream7_IRQHandler
                0x08005bc4                TIM7_IRQHandler
                0x08005bc4                CAN2_TX_IRQHandler
                0x08005bc4                TIM5_IRQHandler
                0x08005bc4                DMA2_Stream7_IRQHandler
                0x08005bc4                I2C3_EV_IRQHandler
                0x08005bc4                EXTI9_5_IRQHandler
                0x08005bc4                RTC_WKUP_IRQHandler
                0x08005bc4                SPDIF_RX_IRQHandler
                0x08005bc4                SPI2_IRQHandler
                0x08005bc4                OTG_HS_EP1_IN_IRQHandler
                0x08005bc4                DMA1_Stream0_IRQHandler
                0x08005bc4                CAN1_TX_IRQHandler
                0x08005bc4                FMPI2C1_ER_IRQHandler
                0x08005bc4                EXTI4_IRQHandler
                0x08005bc4                OTG_HS_EP1_OUT_IRQHandler
                0x08005bc4                WWDG_IRQHandler
                0x08005bc4                TIM2_IRQHandler
                0x08005bc4                OTG_FS_WKUP_IRQHandler
                0x08005bc4                TIM1_TRG_COM_TIM11_IRQHandler
                0x08005bc4                OTG_HS_IRQHandler
                0x08005bc4                EXTI1_IRQHandler
                0x08005bc4                USART2_IRQHandler
                0x08005bc4                I2C2_ER_IRQHandler
                0x08005bc4                DMA2_Stream1_IRQHandler
                0x08005bc4                CAN1_SCE_IRQHandler
                0x08005bc4                FLASH_IRQHandler
                0x08005bc4                DMA2_Stream4_IRQHandler
                0x08005bc4                USART1_IRQHandler
                0x08005bc4                OTG_FS_IRQHandler
                0x08005bc4                SPI3_IRQHandler
                0x08005bc4                DMA1_Stream4_IRQHandler
                0x08005bc4                I2C1_ER_IRQHandler
                0x08005bc4                FMC_IRQHandler
                0x08005bc4                DMA2_Stream6_IRQHandler
                0x08005bc4                SAI1_IRQHandler
 .text.memset   0x08005bc6       0x10 C:/Users/Rick/AppData/Roaming/Code/User/globalStorage/bmd.stm32-for-vscode/@xpack-dev-tools/arm-none-eabi-gcc/14.2.1-1.1.1/.content/bin/../lib/gcc/arm-none-eabi/14.2.1/../../../../arm-none-eabi/lib/thumb/v7e-m+fp/hard\libc_nano.a(libc_a-memset.o)
                0x08005bc6                memset
 *fill*         0x08005bd6        0x2 
 .text.__errno  0x08005bd8        0xc C:/Users/Rick/AppData/Roaming/Code/User/globalStorage/bmd.stm32-for-vscode/@xpack-dev-tools/arm-none-eabi-gcc/14.2.1-1.1.1/.content/bin/../lib/gcc/arm-none-eabi/14.2.1/../../../../arm-none-eabi/lib/thumb/v7e-m+fp/hard\libc_nano.a(libc_a-errno.o)
                0x08005bd8                __errno
 .text.__libc_init_array
                0x08005be4       0x48 C:/Users/Rick/AppData/Roaming/Code/User/globalStorage/bmd.stm32-for-vscode/@xpack-dev-tools/arm-none-eabi-gcc/14.2.1-1.1.1/.content/bin/../lib/gcc/arm-none-eabi/14.2.1/../../../../arm-none-eabi/lib/thumb/v7e-m+fp/hard\libc_nano.a(libc_a-init.o)
                0x08005be4                __libc_init_array
 .text.memcpy   0x08005c2c       0x1c C:/Users/Rick/AppData/Roaming/Code/User/globalStorage/bmd.stm32-for-vscode/@xpack-dev-tools/arm-none-eabi-gcc/14.2.1-1.1.1/.content/bin/../lib/gcc/arm-none-eabi/14.2.1/../../../../arm-none-eabi/lib/thumb/v7e-m+fp/hard\libc_nano.a(libc_a-memcpy-stub.o)
                0x08005c2c                memcpy
 .text.logf     0x08005c48       0x60 C:/Users/Rick/AppData/Roaming/Code/User/globalStorage/bmd.stm32-for-vscode/@xpack-dev-tools/arm-none-eabi-gcc/14.2.1-1.1.1/.content/bin/../lib/gcc/arm-none-eabi/14.2.1/../../../../arm-none-eabi/lib/thumb/v7e-m+fp/hard\libm.a(libm_a-wf_log.o)
                0x08005c48                logf
 .text.nanf     0x08005ca8        0xc C:/Users/Rick/AppData/Roaming/Code/User/globalStorage/bmd.stm32-for-vscode/@xpack-dev-tools/arm-none-eabi-gcc/14.2.1-1.1.1/.content/bin/../lib/gcc/arm-none-eabi/14.2.1/../../../../arm-none-eabi/lib/thumb/v7e-m+fp/hard\libm.a(libm_a-sf_nan.o)
                0x08005ca8                nanf
 .text.__ieee754_logf
                0x08005cb4      0x1f4 C:/Users/Rick/AppData/Roaming/Code/User/globalStorage/bmd.stm32-for-vscode/@xpack-dev-tools/arm-none-eabi-gcc/14.2.1-1.1.1/.content/bin/../lib/gcc/arm-none-eabi/14.2.1/../../../../arm-none-eabi/lib/thumb/v7e-m+fp/hard\libm.a(libm_a-ef_log.o)
                0x08005cb4                __ieee754_logf
 .text.__udivmoddi4
                0x08005ea8      0x2f8 C:/Users/Rick/AppData/Roaming/Code/User/globalStorage/bmd.stm32-for-vscode/@xpack-dev-tools/arm-none-eabi-gcc/14.2.1-1.1.1/.content/bin/../lib/gcc/arm-none-eabi/14.2.1/thumb/v7e-m+fp/hard\libgcc.a(_udivmoddi4.o)
                0x08005ea8                __udivmoddi4
 *(.glue_7)
 .glue_7        0x080061a0        0x0 linker stubs
 *(.glue_7t)
 .glue_7t       0x080061a0        0x0 linker stubs
 *(.eh_frame)
 .eh_frame      0x080061a0        0x0 C:/Users/Rick/AppData/Roaming/Code/User/globalStorage/bmd.stm32-for-vscode/@xpack-dev-tools/arm-none-eabi-gcc/14.2.1-1.1.1/.content/bin/../lib/gcc/arm-none-eabi/14.2.1/thumb/v7e-m+fp/hard/crtbegin.o
 *(.init)
 .init          0x080061a0        0x4 C:/Users/Rick/AppData/Roaming/Code/User/globalStorage/bmd.stm32-for-vscode/@xpack-dev-tools/arm-none-eabi-gcc/14.2.1-1.1.1/.content/bin/../lib/gcc/arm-none-eabi/14.2.1/thumb/v7e-m+fp/hard/crti.o
                0x080061a0                _init
 .init          0x080061a4        0x8 C:/Users/Rick/AppData/Roaming/Code/User/globalStorage/bmd.stm32-for-vscode/@xpack-dev-tools/arm-none-eabi-gcc/14.2.1-1.1.1/.content/bin/../lib/gcc/arm-none-eabi/14.2.1/thumb/v7e-m+fp/hard/crtn.o
 *(.fini)
 .fini          0x080061ac        0x4 C:/Users/Rick/AppData/Roaming/Code/User/globalStorage/bmd.stm32-for-vscode/@xpack-dev-tools/arm-none-eabi-gcc/14.2.1-1.1.1/.content/bin/../lib/gcc/arm-none-eabi/14.2.1/thumb/v7e-m+fp/hard/crti.o
                0x080061ac                _fini
 .fini          0x080061b0        0x8 C:/Users/Rick/AppData/Roaming/Code/User/globalStorage/bmd.stm32-for-vscode/@xpack-dev-tools/arm-none-eabi-gcc/14.2.1-1.1.1/.content/bin/../lib/gcc/arm-none-eabi/14.2.1/thumb/v7e-m+fp/hard/crtn.o
                0x080061b8                        . = ALIGN (0x4)
                0x080061b8                        _etext = .

.vfp11_veneer   0x080061b8        0x0
 .vfp11_veneer  0x080061b8        0x0 linker stubs

.v4_bx          0x080061b8        0x0
 .v4_bx         0x080061b8        0x0 linker stubs

.iplt           0x080061b8        0x0
 .iplt          0x080061b8        0x0 C:/Users/Rick/AppData/Roaming/Code/User/globalStorage/bmd.stm32-for-vscode/@xpack-dev-tools/arm-none-eabi-gcc/14.2.1-1.1.1/.content/bin/../lib/gcc/arm-none-eabi/14.2.1/thumb/v7e-m+fp/hard/crtbegin.o

.rodata         0x080061b8       0x80
                0x080061b8                        . = ALIGN (0x4)
 *(.rodata)
 .rodata        0x080061b8       0x38 build/debug/freertos.o
 *(.rodata*)
 .rodata.str1.4
                0x080061f0       0x25 build/debug/freertos.o
                                 0x18 (size before relaxing)
 .rodata.HAL_TIM_IC_CaptureCallback.str1.4
                0x08006215        0x8 build/debug/hall.o
 *fill*         0x08006215        0x3 
 .rodata.flagBitshiftOffset.0
                0x08006218        0x8 build/debug/stm32f4xx_hal_dma.o
 .rodata.APBPrescTable
                0x08006220        0x8 build/debug/system_stm32f4xx.o
                0x08006220                APBPrescTable
 .rodata.AHBPrescTable
                0x08006228       0x10 build/debug/system_stm32f4xx.o
                0x08006228                AHBPrescTable
 .rodata.vTaskStartScheduler.str1.4
                0x08006238        0x5 build/debug/tasks.o
 .rodata.logf.str1.4
                0x08006238        0x1 C:/Users/Rick/AppData/Roaming/Code/User/globalStorage/bmd.stm32-for-vscode/@xpack-dev-tools/arm-none-eabi-gcc/14.2.1-1.1.1/.content/bin/../lib/gcc/arm-none-eabi/14.2.1/../../../../arm-none-eabi/lib/thumb/v7e-m+fp/hard\libm.a(libm_a-wf_log.o)
                0x08006240                        . = ALIGN (0x4)

.ARM.extab      0x08006238        0x0
                0x08006238                        . = ALIGN (0x4)
 *(.ARM.extab* .gnu.linkonce.armextab.*)
                0x08006238                        . = ALIGN (0x4)

.ARM            0x08006238        0x8
                0x08006238                        . = ALIGN (0x4)
                0x08006238                        __exidx_start = .
 *(.ARM.exidx*)
 .ARM.exidx.text.__udivmoddi4
                0x08006238        0x8 C:/Users/Rick/AppData/Roaming/Code/User/globalStorage/bmd.stm32-for-vscode/@xpack-dev-tools/arm-none-eabi-gcc/14.2.1-1.1.1/.content/bin/../lib/gcc/arm-none-eabi/14.2.1/thumb/v7e-m+fp/hard\libgcc.a(_udivmoddi4.o)
                0x08006240                        __exidx_end = .
                0x08006240                        . = ALIGN (0x4)

.preinit_array  0x08006240        0x0
                0x08006240                        . = ALIGN (0x4)
                0x08006240                        PROVIDE (__preinit_array_start = .)
 *(.preinit_array*)
                0x08006240                        PROVIDE (__preinit_array_end = .)
                0x08006240                        . = ALIGN (0x4)

.init_array     0x08006240        0x4
                0x08006240                        . = ALIGN (0x4)
                0x08006240                        PROVIDE (__init_array_start = .)
 *(SORT_BY_NAME(.init_array.*))
 *(.init_array*)
 .init_array    0x08006240        0x4 C:/Users/Rick/AppData/Roaming/Code/User/globalStorage/bmd.stm32-for-vscode/@xpack-dev-tools/arm-none-eabi-gcc/14.2.1-1.1.1/.content/bin/../lib/gcc/arm-none-eabi/14.2.1/thumb/v7e-m+fp/hard/crtbegin.o
                0x08006244                        PROVIDE (__init_array_end = .)
                0x08006244                        . = ALIGN (0x4)

.fini_array     0x08006244        0x4
                0x08006244                        . = ALIGN (0x4)
                0x08006244                        PROVIDE (__fini_array_start = .)
 *(SORT_BY_NAME(.fini_array.*))
 *(.fini_array*)
 .fini_array    0x08006244        0x4 C:/Users/Rick/AppData/Roaming/Code/User/globalStorage/bmd.stm32-for-vscode/@xpack-dev-tools/arm-none-eabi-gcc/14.2.1-1.1.1/.content/bin/../lib/gcc/arm-none-eabi/14.2.1/thumb/v7e-m+fp/hard/crtbegin.o
                0x08006248                        PROVIDE (__fini_array_end = .)
                0x08006248                        . = ALIGN (0x4)
                0x08006248                        _sidata = LOADADDR (.data)

.rel.dyn        0x08006248        0x0
 .rel.iplt      0x08006248        0x0 C:/Users/Rick/AppData/Roaming/Code/User/globalStorage/bmd.stm32-for-vscode/@xpack-dev-tools/arm-none-eabi-gcc/14.2.1-1.1.1/.content/bin/../lib/gcc/arm-none-eabi/14.2.1/thumb/v7e-m+fp/hard/crtbegin.o

.data           0x20000000       0x60 load address 0x08006248
                0x20000000                        . = ALIGN (0x4)
                0x20000000                        _sdata = .
 *(.data)
 *(.data*)
 .data.uxCriticalNesting
                0x20000000        0x4 build/debug/port.o
 .data.g_led_state
                0x20000004        0x1 build/debug/state.o
 .data.uwTickFreq
                0x20000005        0x1 build/debug/stm32f4xx_hal.o
                0x20000005                uwTickFreq
 *fill*         0x20000006        0x2 
 .data.uwTickPrio
                0x20000008        0x4 build/debug/stm32f4xx_hal.o
                0x20000008                uwTickPrio
 .data.SystemCoreClock
                0x2000000c        0x4 build/debug/system_stm32f4xx.o
                0x2000000c                SystemCoreClock
 .data._impure_ptr
                0x20000010        0x4 C:/Users/Rick/AppData/Roaming/Code/User/globalStorage/bmd.stm32-for-vscode/@xpack-dev-tools/arm-none-eabi-gcc/14.2.1-1.1.1/.content/bin/../lib/gcc/arm-none-eabi/14.2.1/../../../../arm-none-eabi/lib/thumb/v7e-m+fp/hard\libc_nano.a(libc_a-impure.o)
                0x20000010                _impure_ptr
 .data._impure_data
                0x20000014       0x4c C:/Users/Rick/AppData/Roaming/Code/User/globalStorage/bmd.stm32-for-vscode/@xpack-dev-tools/arm-none-eabi-gcc/14.2.1-1.1.1/.content/bin/../lib/gcc/arm-none-eabi/14.2.1/../../../../arm-none-eabi/lib/thumb/v7e-m+fp/hard\libc_nano.a(libc_a-impure.o)
                0x20000014                _impure_data
 *(.RamFunc)
 *(.RamFunc*)
                0x20000060                        . = ALIGN (0x4)
                0x20000060                        _edata = .

.igot.plt       0x20000060        0x0 load address 0x080062a8
 .igot.plt      0x20000060        0x0 C:/Users/Rick/AppData/Roaming/Code/User/globalStorage/bmd.stm32-for-vscode/@xpack-dev-tools/arm-none-eabi-gcc/14.2.1-1.1.1/.content/bin/../lib/gcc/arm-none-eabi/14.2.1/thumb/v7e-m+fp/hard/crtbegin.o
                0x20000060                        . = ALIGN (0x4)

.bss            0x20000060     0x46d4 load address 0x080062a8
                0x20000060                        _sbss = .
                0x20000060                        __bss_start__ = _sbss
 *(.bss)
 *(.bss*)
 .bss.completed.1
                0x20000060        0x1 C:/Users/Rick/AppData/Roaming/Code/User/globalStorage/bmd.stm32-for-vscode/@xpack-dev-tools/arm-none-eabi-gcc/14.2.1-1.1.1/.content/bin/../lib/gcc/arm-none-eabi/14.2.1/thumb/v7e-m+fp/hard/crtbegin.o
 *fill*         0x20000061        0x3 
 .bss.object.0  0x20000064       0x18 C:/Users/Rick/AppData/Roaming/Code/User/globalStorage/bmd.stm32-for-vscode/@xpack-dev-tools/arm-none-eabi-gcc/14.2.1-1.1.1/.content/bin/../lib/gcc/arm-none-eabi/14.2.1/thumb/v7e-m+fp/hard/crtbegin.o
 .bss.hadc3     0x2000007c       0x48 build/debug/adc.o
                0x2000007c                hadc3
 .bss.hadc2     0x200000c4       0x48 build/debug/adc.o
                0x200000c4                hadc2
 .bss.hadc1     0x2000010c       0x48 build/debug/adc.o
                0x2000010c                hadc1
 .bss.hcan1     0x20000154       0x28 build/debug/can.o
                0x20000154                hcan1
 .bss.g_driver  0x2000017c        0x4 build/debug/controller.o
                0x2000017c                g_driver
 .bss.adc3_cnd.0
                0x20000180        0x2 build/debug/current.o
 .bss.adc2_cnt.1
                0x20000182        0x2 build/debug/current.o
 .bss.adc1_cnt.2
                0x20000184        0x2 build/debug/current.o
 *fill*         0x20000186        0x2 
 .bss.g_current
                0x20000188        0xc build/debug/current.o
 .bss.g_adc3_state
                0x20000194        0x1 build/debug/current.o
 .bss.g_adc2_state
                0x20000195        0x1 build/debug/current.o
 .bss.g_adc1_state
                0x20000196        0x1 build/debug/current.o
 *fill*         0x20000197        0x1 
 .bss.g_ic      0x20000198        0x4 build/debug/current.o
 .bss.g_ib      0x2000019c        0x4 build/debug/current.o
 .bss.g_ia      0x200001a0        0x4 build/debug/current.o
 .bss.g_gain    0x200001a4        0x4 build/debug/current.o
 .bss.g_ic_offset
                0x200001a8        0x4 build/debug/current.o
 .bss.g_ib_offset
                0x200001ac        0x4 build/debug/current.o
 .bss.g_ia_offset
                0x200001b0        0x4 build/debug/current.o
 .bss.rx_buffer
                0x200001b4      0x100 build/debug/dev_usart.o
                0x200001b4                rx_buffer
 .bss.tx_buffer
                0x200002b4      0x100 build/debug/dev_usart.o
                0x200002b4                tx_buffer
 .bss.xIdleStack
                0x200003b4      0x200 build/debug/freertos.o
 .bss.xIdleTaskTCBBuffer
                0x200005b4       0x54 build/debug/freertos.o
 .bss.stateTaskHandle
                0x20000608        0x4 build/debug/freertos.o
                0x20000608                stateTaskHandle
 .bss.defaultTaskHandle
                0x2000060c        0x4 build/debug/freertos.o
                0x2000060c                defaultTaskHandle
 .bss.xBlockAllocatedBit
                0x20000610        0x4 build/debug/heap_4.o
 .bss.xNumberOfSuccessfulFrees
                0x20000614        0x4 build/debug/heap_4.o
 .bss.xNumberOfSuccessfulAllocations
                0x20000618        0x4 build/debug/heap_4.o
 .bss.xMinimumEverFreeBytesRemaining
                0x2000061c        0x4 build/debug/heap_4.o
 .bss.xFreeBytesRemaining
                0x20000620        0x4 build/debug/heap_4.o
 .bss.pxEnd     0x20000624        0x4 build/debug/heap_4.o
 .bss.xStart    0x20000628        0x8 build/debug/heap_4.o
 .bss.ucHeap    0x20000630     0x3c00 build/debug/heap_4.o
 .bss.hi2c1     0x20004230       0x54 build/debug/i2c.o
                0x20004230                hi2c1
 .bss.ulMaxPRIGROUPValue
                0x20004284        0x4 build/debug/port.o
 .bss.ucMaxSysCallPriority
                0x20004288        0x1 build/debug/port.o
 *fill*         0x20004289        0x3 
 .bss.hspi3     0x2000428c       0x58 build/debug/spi.o
                0x2000428c                hspi3
 .bss.dir.0     0x200042e4        0x1 build/debug/state.o
 .bss.g_state   0x200042e5        0x1 build/debug/state.o
 *fill*         0x200042e6        0x2 
 .bss.uwTick    0x200042e8        0x4 build/debug/stm32f4xx_hal.o
                0x200042e8                uwTick
 .bss.htim6     0x200042ec       0x48 build/debug/stm32f4xx_hal_timebase_tim.o
                0x200042ec                htim6
 .bss.uxSchedulerSuspended
                0x20004334        0x4 build/debug/tasks.o
 .bss.xIdleTaskHandle
                0x20004338        0x4 build/debug/tasks.o
 .bss.xNextTaskUnblockTime
                0x2000433c        0x4 build/debug/tasks.o
 .bss.uxTaskNumber
                0x20004340        0x4 build/debug/tasks.o
 .bss.xNumOfOverflows
                0x20004344        0x4 build/debug/tasks.o
 .bss.xYieldPending
                0x20004348        0x4 build/debug/tasks.o
 .bss.xPendedTicks
                0x2000434c        0x4 build/debug/tasks.o
 .bss.xSchedulerRunning
                0x20004350        0x4 build/debug/tasks.o
 .bss.uxTopReadyPriority
                0x20004354        0x4 build/debug/tasks.o
 .bss.xTickCount
                0x20004358        0x4 build/debug/tasks.o
 .bss.uxCurrentNumberOfTasks
                0x2000435c        0x4 build/debug/tasks.o
 .bss.xSuspendedTaskList
                0x20004360       0x14 build/debug/tasks.o
 .bss.uxDeletedTasksWaitingCleanUp
                0x20004374        0x4 build/debug/tasks.o
 .bss.xTasksWaitingTermination
                0x20004378       0x14 build/debug/tasks.o
 .bss.xPendingReadyList
                0x2000438c       0x14 build/debug/tasks.o
 .bss.pxOverflowDelayedTaskList
                0x200043a0        0x4 build/debug/tasks.o
 .bss.pxDelayedTaskList
                0x200043a4        0x4 build/debug/tasks.o
 .bss.xDelayedTaskList2
                0x200043a8       0x14 build/debug/tasks.o
 .bss.xDelayedTaskList1
                0x200043bc       0x14 build/debug/tasks.o
 .bss.pxReadyTasksLists
                0x200043d0       0x8c build/debug/tasks.o
 .bss.pxCurrentTCB
                0x2000445c        0x4 build/debug/tasks.o
                0x2000445c                pxCurrentTCB
 .bss.htim3     0x20004460       0x48 build/debug/tim.o
                0x20004460                htim3
 .bss.htim1     0x200044a8       0x48 build/debug/tim.o
                0x200044a8                htim1
 .bss.hdma_usart3_rx
                0x200044f0       0x60 build/debug/usart.o
                0x200044f0                hdma_usart3_rx
 .bss.hdma_usart3_tx
                0x20004550       0x60 build/debug/usart.o
                0x20004550                hdma_usart3_tx
 .bss.huart3    0x200045b0       0x48 build/debug/usart.o
                0x200045b0                huart3
 .bss.g_vbus_gain
                0x200045f8        0x4 build/debug/vbus.o
 .bss.__sf      0x200045fc      0x138 C:/Users/Rick/AppData/Roaming/Code/User/globalStorage/bmd.stm32-for-vscode/@xpack-dev-tools/arm-none-eabi-gcc/14.2.1-1.1.1/.content/bin/../lib/gcc/arm-none-eabi/14.2.1/../../../../arm-none-eabi/lib/thumb/v7e-m+fp/hard\libc_nano.a(libc_a-findfp.o)
                0x200045fc                __sf
 *(COMMON)
                0x20004734                        . = ALIGN (0x4)
                0x20004734                        _ebss = .
                0x20004734                        __bss_end__ = _ebss

._user_heap_stack
                0x20004734      0x604 load address 0x080062a8
                0x20004738                        . = ALIGN (0x8)
 *fill*         0x20004734        0x4 
                [!provide]                        PROVIDE (end = .)
                0x20004738                        PROVIDE (_end = .)
                0x20004938                        . = (. + _Min_Heap_Size)
 *fill*         0x20004738      0x200 
                0x20004d38                        . = (. + _Min_Stack_Size)
 *fill*         0x20004938      0x400 
                0x20004d38                        . = ALIGN (0x8)

/DISCARD/
 libc.a(*)
 libm.a(*)
 libgcc.a(*)
OUTPUT(build/debug/CawDrive.elf elf32-littlearm)
LOAD linker stubs
LOAD C:/Users/Rick/AppData/Roaming/Code/User/globalStorage/bmd.stm32-for-vscode/@xpack-dev-tools/arm-none-eabi-gcc/14.2.1-1.1.1/.content/bin/../lib/gcc/arm-none-eabi/14.2.1/../../../../arm-none-eabi/lib/thumb/v7e-m+fp/hard\libc.a
LOAD C:/Users/Rick/AppData/Roaming/Code/User/globalStorage/bmd.stm32-for-vscode/@xpack-dev-tools/arm-none-eabi-gcc/14.2.1-1.1.1/.content/bin/../lib/gcc/arm-none-eabi/14.2.1/../../../../arm-none-eabi/lib/thumb/v7e-m+fp/hard\libm.a
LOAD C:/Users/Rick/AppData/Roaming/Code/User/globalStorage/bmd.stm32-for-vscode/@xpack-dev-tools/arm-none-eabi-gcc/14.2.1-1.1.1/.content/bin/../lib/gcc/arm-none-eabi/14.2.1/thumb/v7e-m+fp/hard\libgcc.a

.ARM.attributes
                0x00000000       0x30
 .ARM.attributes
                0x00000000       0x22 C:/Users/Rick/AppData/Roaming/Code/User/globalStorage/bmd.stm32-for-vscode/@xpack-dev-tools/arm-none-eabi-gcc/14.2.1-1.1.1/.content/bin/../lib/gcc/arm-none-eabi/14.2.1/thumb/v7e-m+fp/hard/crti.o
 .ARM.attributes
                0x00000022       0x34 C:/Users/Rick/AppData/Roaming/Code/User/globalStorage/bmd.stm32-for-vscode/@xpack-dev-tools/arm-none-eabi-gcc/14.2.1-1.1.1/.content/bin/../lib/gcc/arm-none-eabi/14.2.1/thumb/v7e-m+fp/hard/crtbegin.o
 .ARM.attributes
                0x00000056       0x34 build/debug/adc.o
 .ARM.attributes
                0x0000008a       0x34 build/debug/can.o
 .ARM.attributes
                0x000000be       0x34 build/debug/cmsis_os.o
 .ARM.attributes
                0x000000f2       0x34 build/debug/controller.o
 .ARM.attributes
                0x00000126       0x34 build/debug/current.o
 .ARM.attributes
                0x0000015a       0x34 build/debug/dev_usart.o
 .ARM.attributes
                0x0000018e       0x34 build/debug/dma.o
 .ARM.attributes
                0x000001c2       0x34 build/debug/drv8323.o
 .ARM.attributes
                0x000001f6       0x34 build/debug/freertos.o
 .ARM.attributes
                0x0000022a       0x34 build/debug/gpio.o
 .ARM.attributes
                0x0000025e       0x34 build/debug/hall.o
 .ARM.attributes
                0x00000292       0x34 build/debug/heap_4.o
 .ARM.attributes
                0x000002c6       0x34 build/debug/i2c.o
 .ARM.attributes
                0x000002fa       0x34 build/debug/list.o
 .ARM.attributes
                0x0000032e       0x34 build/debug/main.o
 .ARM.attributes
                0x00000362       0x34 build/debug/port.o
 .ARM.attributes
                0x00000396       0x34 build/debug/pwm.o
 .ARM.attributes
                0x000003ca       0x34 build/debug/spi.o
 .ARM.attributes
                0x000003fe       0x34 build/debug/state.o
 .ARM.attributes
                0x00000432       0x34 build/debug/stm32f4xx_hal.o
 .ARM.attributes
                0x00000466       0x34 build/debug/stm32f4xx_hal_adc.o
 .ARM.attributes
                0x0000049a       0x34 build/debug/stm32f4xx_hal_adc_ex.o
 .ARM.attributes
                0x000004ce       0x34 build/debug/stm32f4xx_hal_can.o
 .ARM.attributes
                0x00000502       0x34 build/debug/stm32f4xx_hal_cortex.o
 .ARM.attributes
                0x00000536       0x34 build/debug/stm32f4xx_hal_dma.o
 .ARM.attributes
                0x0000056a       0x34 build/debug/stm32f4xx_hal_gpio.o
 .ARM.attributes
                0x0000059e       0x34 build/debug/stm32f4xx_hal_i2c.o
 .ARM.attributes
                0x000005d2       0x34 build/debug/stm32f4xx_hal_msp.o
 .ARM.attributes
                0x00000606       0x34 build/debug/stm32f4xx_hal_rcc.o
 .ARM.attributes
                0x0000063a       0x34 build/debug/stm32f4xx_hal_rcc_ex.o
 .ARM.attributes
                0x0000066e       0x34 build/debug/stm32f4xx_hal_spi.o
 .ARM.attributes
                0x000006a2       0x34 build/debug/stm32f4xx_hal_tim.o
 .ARM.attributes
                0x000006d6       0x34 build/debug/stm32f4xx_hal_tim_ex.o
 .ARM.attributes
                0x0000070a       0x34 build/debug/stm32f4xx_hal_timebase_tim.o
 .ARM.attributes
                0x0000073e       0x34 build/debug/stm32f4xx_hal_uart.o
 .ARM.attributes
                0x00000772       0x34 build/debug/stm32f4xx_it.o
 .ARM.attributes
                0x000007a6       0x34 build/debug/system_stm32f4xx.o
 .ARM.attributes
                0x000007da       0x34 build/debug/tasks.o
 .ARM.attributes
                0x0000080e       0x34 build/debug/temp.o
 .ARM.attributes
                0x00000842       0x34 build/debug/tim.o
 .ARM.attributes
                0x00000876       0x34 build/debug/usart.o
 .ARM.attributes
                0x000008aa       0x34 build/debug/vbus.o
 .ARM.attributes
                0x000008de       0x21 build/debug/startup_stm32f446xx.o
 .ARM.attributes
                0x000008ff       0x34 C:/Users/Rick/AppData/Roaming/Code/User/globalStorage/bmd.stm32-for-vscode/@xpack-dev-tools/arm-none-eabi-gcc/14.2.1-1.1.1/.content/bin/../lib/gcc/arm-none-eabi/14.2.1/../../../../arm-none-eabi/lib/thumb/v7e-m+fp/hard\libc_nano.a(libc_a-findfp.o)
 .ARM.attributes
                0x00000933       0x34 C:/Users/Rick/AppData/Roaming/Code/User/globalStorage/bmd.stm32-for-vscode/@xpack-dev-tools/arm-none-eabi-gcc/14.2.1-1.1.1/.content/bin/../lib/gcc/arm-none-eabi/14.2.1/../../../../arm-none-eabi/lib/thumb/v7e-m+fp/hard\libc_nano.a(libc_a-memset.o)
 .ARM.attributes
                0x00000967       0x34 C:/Users/Rick/AppData/Roaming/Code/User/globalStorage/bmd.stm32-for-vscode/@xpack-dev-tools/arm-none-eabi-gcc/14.2.1-1.1.1/.content/bin/../lib/gcc/arm-none-eabi/14.2.1/../../../../arm-none-eabi/lib/thumb/v7e-m+fp/hard\libc_nano.a(libc_a-impure.o)
 .ARM.attributes
                0x0000099b       0x34 C:/Users/Rick/AppData/Roaming/Code/User/globalStorage/bmd.stm32-for-vscode/@xpack-dev-tools/arm-none-eabi-gcc/14.2.1-1.1.1/.content/bin/../lib/gcc/arm-none-eabi/14.2.1/../../../../arm-none-eabi/lib/thumb/v7e-m+fp/hard\libc_nano.a(libc_a-errno.o)
 .ARM.attributes
                0x000009cf       0x34 C:/Users/Rick/AppData/Roaming/Code/User/globalStorage/bmd.stm32-for-vscode/@xpack-dev-tools/arm-none-eabi-gcc/14.2.1-1.1.1/.content/bin/../lib/gcc/arm-none-eabi/14.2.1/../../../../arm-none-eabi/lib/thumb/v7e-m+fp/hard\libc_nano.a(libc_a-init.o)
 .ARM.attributes
                0x00000a03       0x34 C:/Users/Rick/AppData/Roaming/Code/User/globalStorage/bmd.stm32-for-vscode/@xpack-dev-tools/arm-none-eabi-gcc/14.2.1-1.1.1/.content/bin/../lib/gcc/arm-none-eabi/14.2.1/../../../../arm-none-eabi/lib/thumb/v7e-m+fp/hard\libc_nano.a(libc_a-memcpy-stub.o)
 .ARM.attributes
                0x00000a37       0x34 C:/Users/Rick/AppData/Roaming/Code/User/globalStorage/bmd.stm32-for-vscode/@xpack-dev-tools/arm-none-eabi-gcc/14.2.1-1.1.1/.content/bin/../lib/gcc/arm-none-eabi/14.2.1/../../../../arm-none-eabi/lib/thumb/v7e-m+fp/hard\libm.a(libm_a-wf_log.o)
 .ARM.attributes
                0x00000a6b       0x34 C:/Users/Rick/AppData/Roaming/Code/User/globalStorage/bmd.stm32-for-vscode/@xpack-dev-tools/arm-none-eabi-gcc/14.2.1-1.1.1/.content/bin/../lib/gcc/arm-none-eabi/14.2.1/../../../../arm-none-eabi/lib/thumb/v7e-m+fp/hard\libm.a(libm_a-sf_nan.o)
 .ARM.attributes
                0x00000a9f       0x34 C:/Users/Rick/AppData/Roaming/Code/User/globalStorage/bmd.stm32-for-vscode/@xpack-dev-tools/arm-none-eabi-gcc/14.2.1-1.1.1/.content/bin/../lib/gcc/arm-none-eabi/14.2.1/../../../../arm-none-eabi/lib/thumb/v7e-m+fp/hard\libm.a(libm_a-ef_log.o)
 .ARM.attributes
                0x00000ad3       0x22 C:/Users/Rick/AppData/Roaming/Code/User/globalStorage/bmd.stm32-for-vscode/@xpack-dev-tools/arm-none-eabi-gcc/14.2.1-1.1.1/.content/bin/../lib/gcc/arm-none-eabi/14.2.1/thumb/v7e-m+fp/hard\libgcc.a(_aeabi_uldivmod.o)
 .ARM.attributes
                0x00000af5       0x34 C:/Users/Rick/AppData/Roaming/Code/User/globalStorage/bmd.stm32-for-vscode/@xpack-dev-tools/arm-none-eabi-gcc/14.2.1-1.1.1/.content/bin/../lib/gcc/arm-none-eabi/14.2.1/thumb/v7e-m+fp/hard\libgcc.a(_udivmoddi4.o)
 .ARM.attributes
                0x00000b29       0x22 C:/Users/Rick/AppData/Roaming/Code/User/globalStorage/bmd.stm32-for-vscode/@xpack-dev-tools/arm-none-eabi-gcc/14.2.1-1.1.1/.content/bin/../lib/gcc/arm-none-eabi/14.2.1/thumb/v7e-m+fp/hard\libgcc.a(_dvmd_tls.o)
 .ARM.attributes
                0x00000b4b       0x22 C:/Users/Rick/AppData/Roaming/Code/User/globalStorage/bmd.stm32-for-vscode/@xpack-dev-tools/arm-none-eabi-gcc/14.2.1-1.1.1/.content/bin/../lib/gcc/arm-none-eabi/14.2.1/thumb/v7e-m+fp/hard/crtn.o

.comment        0x00000000       0x39
 .comment       0x00000000       0x39 C:/Users/Rick/AppData/Roaming/Code/User/globalStorage/bmd.stm32-for-vscode/@xpack-dev-tools/arm-none-eabi-gcc/14.2.1-1.1.1/.content/bin/../lib/gcc/arm-none-eabi/14.2.1/thumb/v7e-m+fp/hard/crtbegin.o
                                 0x3a (size before relaxing)
 .comment       0x00000039       0x3a build/debug/adc.o
 .comment       0x00000039       0x3a build/debug/can.o
 .comment       0x00000039       0x3a build/debug/cmsis_os.o
 .comment       0x00000039       0x3a build/debug/controller.o
 .comment       0x00000039       0x3a build/debug/current.o
 .comment       0x00000039       0x3a build/debug/dev_usart.o
 .comment       0x00000039       0x3a build/debug/dma.o
 .comment       0x00000039       0x3a build/debug/drv8323.o
 .comment       0x00000039       0x3a build/debug/freertos.o
 .comment       0x00000039       0x3a build/debug/gpio.o
 .comment       0x00000039       0x3a build/debug/hall.o
 .comment       0x00000039       0x3a build/debug/heap_4.o
 .comment       0x00000039       0x3a build/debug/i2c.o
 .comment       0x00000039       0x3a build/debug/list.o
 .comment       0x00000039       0x3a build/debug/main.o
 .comment       0x00000039       0x3a build/debug/port.o
 .comment       0x00000039       0x3a build/debug/pwm.o
 .comment       0x00000039       0x3a build/debug/spi.o
 .comment       0x00000039       0x3a build/debug/state.o
 .comment       0x00000039       0x3a build/debug/stm32f4xx_hal.o
 .comment       0x00000039       0x3a build/debug/stm32f4xx_hal_adc.o
 .comment       0x00000039       0x3a build/debug/stm32f4xx_hal_adc_ex.o
 .comment       0x00000039       0x3a build/debug/stm32f4xx_hal_can.o
 .comment       0x00000039       0x3a build/debug/stm32f4xx_hal_cortex.o
 .comment       0x00000039       0x3a build/debug/stm32f4xx_hal_dma.o
 .comment       0x00000039       0x3a build/debug/stm32f4xx_hal_gpio.o
 .comment       0x00000039       0x3a build/debug/stm32f4xx_hal_i2c.o
 .comment       0x00000039       0x3a build/debug/stm32f4xx_hal_msp.o
 .comment       0x00000039       0x3a build/debug/stm32f4xx_hal_rcc.o
 .comment       0x00000039       0x3a build/debug/stm32f4xx_hal_rcc_ex.o
 .comment       0x00000039       0x3a build/debug/stm32f4xx_hal_spi.o
 .comment       0x00000039       0x3a build/debug/stm32f4xx_hal_tim.o
 .comment       0x00000039       0x3a build/debug/stm32f4xx_hal_tim_ex.o
 .comment       0x00000039       0x3a build/debug/stm32f4xx_hal_timebase_tim.o
 .comment       0x00000039       0x3a build/debug/stm32f4xx_hal_uart.o
 .comment       0x00000039       0x3a build/debug/stm32f4xx_it.o
 .comment       0x00000039       0x3a build/debug/system_stm32f4xx.o
 .comment       0x00000039       0x3a build/debug/tasks.o
 .comment       0x00000039       0x3a build/debug/temp.o
 .comment       0x00000039       0x3a build/debug/tim.o
 .comment       0x00000039       0x3a build/debug/usart.o
 .comment       0x00000039       0x3a build/debug/vbus.o
 .comment       0x00000039       0x3a C:/Users/Rick/AppData/Roaming/Code/User/globalStorage/bmd.stm32-for-vscode/@xpack-dev-tools/arm-none-eabi-gcc/14.2.1-1.1.1/.content/bin/../lib/gcc/arm-none-eabi/14.2.1/../../../../arm-none-eabi/lib/thumb/v7e-m+fp/hard\libc_nano.a(libc_a-findfp.o)
 .comment       0x00000039       0x3a C:/Users/Rick/AppData/Roaming/Code/User/globalStorage/bmd.stm32-for-vscode/@xpack-dev-tools/arm-none-eabi-gcc/14.2.1-1.1.1/.content/bin/../lib/gcc/arm-none-eabi/14.2.1/../../../../arm-none-eabi/lib/thumb/v7e-m+fp/hard\libc_nano.a(libc_a-memset.o)
 .comment       0x00000039       0x3a C:/Users/Rick/AppData/Roaming/Code/User/globalStorage/bmd.stm32-for-vscode/@xpack-dev-tools/arm-none-eabi-gcc/14.2.1-1.1.1/.content/bin/../lib/gcc/arm-none-eabi/14.2.1/../../../../arm-none-eabi/lib/thumb/v7e-m+fp/hard\libc_nano.a(libc_a-impure.o)
 .comment       0x00000039       0x3a C:/Users/Rick/AppData/Roaming/Code/User/globalStorage/bmd.stm32-for-vscode/@xpack-dev-tools/arm-none-eabi-gcc/14.2.1-1.1.1/.content/bin/../lib/gcc/arm-none-eabi/14.2.1/../../../../arm-none-eabi/lib/thumb/v7e-m+fp/hard\libc_nano.a(libc_a-errno.o)
 .comment       0x00000039       0x3a C:/Users/Rick/AppData/Roaming/Code/User/globalStorage/bmd.stm32-for-vscode/@xpack-dev-tools/arm-none-eabi-gcc/14.2.1-1.1.1/.content/bin/../lib/gcc/arm-none-eabi/14.2.1/../../../../arm-none-eabi/lib/thumb/v7e-m+fp/hard\libc_nano.a(libc_a-init.o)
 .comment       0x00000039       0x3a C:/Users/Rick/AppData/Roaming/Code/User/globalStorage/bmd.stm32-for-vscode/@xpack-dev-tools/arm-none-eabi-gcc/14.2.1-1.1.1/.content/bin/../lib/gcc/arm-none-eabi/14.2.1/../../../../arm-none-eabi/lib/thumb/v7e-m+fp/hard\libc_nano.a(libc_a-memcpy-stub.o)
 .comment       0x00000039       0x3a C:/Users/Rick/AppData/Roaming/Code/User/globalStorage/bmd.stm32-for-vscode/@xpack-dev-tools/arm-none-eabi-gcc/14.2.1-1.1.1/.content/bin/../lib/gcc/arm-none-eabi/14.2.1/../../../../arm-none-eabi/lib/thumb/v7e-m+fp/hard\libm.a(libm_a-wf_log.o)
 .comment       0x00000039       0x3a C:/Users/Rick/AppData/Roaming/Code/User/globalStorage/bmd.stm32-for-vscode/@xpack-dev-tools/arm-none-eabi-gcc/14.2.1-1.1.1/.content/bin/../lib/gcc/arm-none-eabi/14.2.1/../../../../arm-none-eabi/lib/thumb/v7e-m+fp/hard\libm.a(libm_a-sf_nan.o)
 .comment       0x00000039       0x3a C:/Users/Rick/AppData/Roaming/Code/User/globalStorage/bmd.stm32-for-vscode/@xpack-dev-tools/arm-none-eabi-gcc/14.2.1-1.1.1/.content/bin/../lib/gcc/arm-none-eabi/14.2.1/../../../../arm-none-eabi/lib/thumb/v7e-m+fp/hard\libm.a(libm_a-ef_log.o)
 .comment       0x00000039       0x3a C:/Users/Rick/AppData/Roaming/Code/User/globalStorage/bmd.stm32-for-vscode/@xpack-dev-tools/arm-none-eabi-gcc/14.2.1-1.1.1/.content/bin/../lib/gcc/arm-none-eabi/14.2.1/thumb/v7e-m+fp/hard\libgcc.a(_udivmoddi4.o)

.debug_info     0x00000000    0x29df5
 .debug_info    0x00000000     0x119a build/debug/adc.o
 .debug_info    0x0000119a      0x8de build/debug/can.o
 .debug_info    0x00001a78     0x2434 build/debug/cmsis_os.o
 .debug_info    0x00003eac      0xb03 build/debug/controller.o
 .debug_info    0x000049af      0x911 build/debug/current.o
 .debug_info    0x000052c0      0x7dd build/debug/dev_usart.o
 .debug_info    0x00005a9d      0x559 build/debug/dma.o
 .debug_info    0x00005ff6     0x112d build/debug/drv8323.o
 .debug_info    0x00007123      0x563 build/debug/freertos.o
 .debug_info    0x00007686      0x574 build/debug/gpio.o
 .debug_info    0x00007bfa      0x71c build/debug/hall.o
 .debug_info    0x00008316      0x593 build/debug/heap_4.o
 .debug_info    0x000088a9      0xa18 build/debug/i2c.o
 .debug_info    0x000092c1      0x2bf build/debug/list.o
 .debug_info    0x00009580      0xd01 build/debug/main.o
 .debug_info    0x0000a281      0x55a build/debug/port.o
 .debug_info    0x0000a7db      0x828 build/debug/pwm.o
 .debug_info    0x0000b003      0x9db build/debug/spi.o
 .debug_info    0x0000b9de      0x388 build/debug/state.o
 .debug_info    0x0000bd66      0xa38 build/debug/stm32f4xx_hal.o
 .debug_info    0x0000c79e      0xe82 build/debug/stm32f4xx_hal_adc.o
 .debug_info    0x0000d620      0xc6a build/debug/stm32f4xx_hal_adc_ex.o
 .debug_info    0x0000e28a     0x11f2 build/debug/stm32f4xx_hal_can.o
 .debug_info    0x0000f47c     0x1013 build/debug/stm32f4xx_hal_cortex.o
 .debug_info    0x0001048f      0xad9 build/debug/stm32f4xx_hal_dma.o
 .debug_info    0x00010f68      0x74c build/debug/stm32f4xx_hal_gpio.o
 .debug_info    0x000116b4     0x3811 build/debug/stm32f4xx_hal_i2c.o
 .debug_info    0x00014ec5      0x51f build/debug/stm32f4xx_hal_msp.o
 .debug_info    0x000153e4      0xaa9 build/debug/stm32f4xx_hal_rcc.o
 .debug_info    0x00015e8d      0xc4f build/debug/stm32f4xx_hal_rcc_ex.o
 .debug_info    0x00016adc     0x1ccc build/debug/stm32f4xx_hal_spi.o
 .debug_info    0x000187a8     0x3c53 build/debug/stm32f4xx_hal_tim.o
 .debug_info    0x0001c3fb     0x1ade build/debug/stm32f4xx_hal_tim_ex.o
 .debug_info    0x0001ded9      0xce6 build/debug/stm32f4xx_hal_timebase_tim.o
 .debug_info    0x0001ebbf     0x4000 build/debug/stm32f4xx_hal_uart.o
 .debug_info    0x00022bbf      0xd21 build/debug/stm32f4xx_it.o
 .debug_info    0x000238e0      0x55f build/debug/system_stm32f4xx.o
 .debug_info    0x00023e3f     0x287c build/debug/tasks.o
 .debug_info    0x000266bb      0x6d5 build/debug/temp.o
 .debug_info    0x00026d90     0x14f6 build/debug/tim.o
 .debug_info    0x00028286      0xd77 build/debug/usart.o
 .debug_info    0x00028ffd      0x665 build/debug/vbus.o
 .debug_info    0x00029662       0x30 build/debug/startup_stm32f446xx.o
 .debug_info    0x00029692       0x24 C:/Users/Rick/AppData/Roaming/Code/User/globalStorage/bmd.stm32-for-vscode/@xpack-dev-tools/arm-none-eabi-gcc/14.2.1-1.1.1/.content/bin/../lib/gcc/arm-none-eabi/14.2.1/thumb/v7e-m+fp/hard\libgcc.a(_aeabi_uldivmod.o)
 .debug_info    0x000296b6      0x703 C:/Users/Rick/AppData/Roaming/Code/User/globalStorage/bmd.stm32-for-vscode/@xpack-dev-tools/arm-none-eabi-gcc/14.2.1-1.1.1/.content/bin/../lib/gcc/arm-none-eabi/14.2.1/thumb/v7e-m+fp/hard\libgcc.a(_udivmoddi4.o)
 .debug_info    0x00029db9       0x3c C:/Users/Rick/AppData/Roaming/Code/User/globalStorage/bmd.stm32-for-vscode/@xpack-dev-tools/arm-none-eabi-gcc/14.2.1-1.1.1/.content/bin/../lib/gcc/arm-none-eabi/14.2.1/thumb/v7e-m+fp/hard\libgcc.a(_dvmd_tls.o)

.debug_abbrev   0x00000000     0x5faf
 .debug_abbrev  0x00000000      0x26c build/debug/adc.o
 .debug_abbrev  0x0000026c      0x21e build/debug/can.o
 .debug_abbrev  0x0000048a      0x3f1 build/debug/cmsis_os.o
 .debug_abbrev  0x0000087b      0x231 build/debug/controller.o
 .debug_abbrev  0x00000aac      0x254 build/debug/current.o
 .debug_abbrev  0x00000d00      0x235 build/debug/dev_usart.o
 .debug_abbrev  0x00000f35      0x12b build/debug/dma.o
 .debug_abbrev  0x00001060      0x25b build/debug/drv8323.o
 .debug_abbrev  0x000012bb      0x19f build/debug/freertos.o
 .debug_abbrev  0x0000145a      0x164 build/debug/gpio.o
 .debug_abbrev  0x000015be      0x1b3 build/debug/hall.o
 .debug_abbrev  0x00001771      0x263 build/debug/heap_4.o
 .debug_abbrev  0x000019d4      0x20f build/debug/i2c.o
 .debug_abbrev  0x00001be3      0x10a build/debug/list.o
 .debug_abbrev  0x00001ced      0x263 build/debug/main.o
 .debug_abbrev  0x00001f50      0x293 build/debug/port.o
 .debug_abbrev  0x000021e3      0x1b7 build/debug/pwm.o
 .debug_abbrev  0x0000239a      0x218 build/debug/spi.o
 .debug_abbrev  0x000025b2      0x19c build/debug/state.o
 .debug_abbrev  0x0000274e      0x240 build/debug/stm32f4xx_hal.o
 .debug_abbrev  0x0000298e      0x278 build/debug/stm32f4xx_hal_adc.o
 .debug_abbrev  0x00002c06      0x2d5 build/debug/stm32f4xx_hal_adc_ex.o
 .debug_abbrev  0x00002edb      0x27d build/debug/stm32f4xx_hal_can.o
 .debug_abbrev  0x00003158      0x391 build/debug/stm32f4xx_hal_cortex.o
 .debug_abbrev  0x000034e9      0x2c0 build/debug/stm32f4xx_hal_dma.o
 .debug_abbrev  0x000037a9      0x202 build/debug/stm32f4xx_hal_gpio.o
 .debug_abbrev  0x000039ab      0x2c3 build/debug/stm32f4xx_hal_i2c.o
 .debug_abbrev  0x00003c6e      0x120 build/debug/stm32f4xx_hal_msp.o
 .debug_abbrev  0x00003d8e      0x2c7 build/debug/stm32f4xx_hal_rcc.o
 .debug_abbrev  0x00004055      0x24f build/debug/stm32f4xx_hal_rcc_ex.o
 .debug_abbrev  0x000042a4      0x272 build/debug/stm32f4xx_hal_spi.o
 .debug_abbrev  0x00004516      0x271 build/debug/stm32f4xx_hal_tim.o
 .debug_abbrev  0x00004787      0x26f build/debug/stm32f4xx_hal_tim_ex.o
 .debug_abbrev  0x000049f6      0x232 build/debug/stm32f4xx_hal_timebase_tim.o
 .debug_abbrev  0x00004c28      0x32f build/debug/stm32f4xx_hal_uart.o
 .debug_abbrev  0x00004f57      0x1c1 build/debug/stm32f4xx_it.o
 .debug_abbrev  0x00005118      0x11e build/debug/system_stm32f4xx.o
 .debug_abbrev  0x00005236      0x38d build/debug/tasks.o
 .debug_abbrev  0x000055c3      0x1b1 build/debug/temp.o
 .debug_abbrev  0x00005774      0x28d build/debug/tim.o
 .debug_abbrev  0x00005a01      0x24c build/debug/usart.o
 .debug_abbrev  0x00005c4d      0x19a build/debug/vbus.o
 .debug_abbrev  0x00005de7       0x24 build/debug/startup_stm32f446xx.o
 .debug_abbrev  0x00005e0b       0x14 C:/Users/Rick/AppData/Roaming/Code/User/globalStorage/bmd.stm32-for-vscode/@xpack-dev-tools/arm-none-eabi-gcc/14.2.1-1.1.1/.content/bin/../lib/gcc/arm-none-eabi/14.2.1/thumb/v7e-m+fp/hard\libgcc.a(_aeabi_uldivmod.o)
 .debug_abbrev  0x00005e1f      0x16a C:/Users/Rick/AppData/Roaming/Code/User/globalStorage/bmd.stm32-for-vscode/@xpack-dev-tools/arm-none-eabi-gcc/14.2.1-1.1.1/.content/bin/../lib/gcc/arm-none-eabi/14.2.1/thumb/v7e-m+fp/hard\libgcc.a(_udivmoddi4.o)
 .debug_abbrev  0x00005f89       0x26 C:/Users/Rick/AppData/Roaming/Code/User/globalStorage/bmd.stm32-for-vscode/@xpack-dev-tools/arm-none-eabi-gcc/14.2.1-1.1.1/.content/bin/../lib/gcc/arm-none-eabi/14.2.1/thumb/v7e-m+fp/hard\libgcc.a(_dvmd_tls.o)

.debug_loclists
                0x00000000    0x13689
 .debug_loclists
                0x00000000       0xda build/debug/adc.o
 .debug_loclists
                0x000000da       0x74 build/debug/can.o
 .debug_loclists
                0x0000014e      0xcda build/debug/cmsis_os.o
 .debug_loclists
                0x00000e28       0xcc build/debug/current.o
 .debug_loclists
                0x00000ef4       0x86 build/debug/dev_usart.o
 .debug_loclists
                0x00000f7a      0x633 build/debug/drv8323.o
 .debug_loclists
                0x000015ad       0x46 build/debug/freertos.o
 .debug_loclists
                0x000015f3       0x29 build/debug/hall.o
 .debug_loclists
                0x0000161c      0x2b7 build/debug/heap_4.o
 .debug_loclists
                0x000018d3       0x5d build/debug/i2c.o
 .debug_loclists
                0x00001930       0x75 build/debug/list.o
 .debug_loclists
                0x000019a5       0x40 build/debug/main.o
 .debug_loclists
                0x000019e5       0xc1 build/debug/port.o
 .debug_loclists
                0x00001aa6       0x74 build/debug/spi.o
 .debug_loclists
                0x00001b1a       0x2e build/debug/state.o
 .debug_loclists
                0x00001b48       0xe1 build/debug/stm32f4xx_hal.o
 .debug_loclists
                0x00001c29      0x911 build/debug/stm32f4xx_hal_adc.o
 .debug_loclists
                0x0000253a      0x815 build/debug/stm32f4xx_hal_adc_ex.o
 .debug_loclists
                0x00002d4f      0xa57 build/debug/stm32f4xx_hal_can.o
 .debug_loclists
                0x000037a6      0x54d build/debug/stm32f4xx_hal_cortex.o
 .debug_loclists
                0x00003cf3      0x88a build/debug/stm32f4xx_hal_dma.o
 .debug_loclists
                0x0000457d      0x386 build/debug/stm32f4xx_hal_gpio.o
 .debug_loclists
                0x00004903     0x3174 build/debug/stm32f4xx_hal_i2c.o
 .debug_loclists
                0x00007a77      0x3ef build/debug/stm32f4xx_hal_rcc.o
 .debug_loclists
                0x00007e66      0x99a build/debug/stm32f4xx_hal_rcc_ex.o
 .debug_loclists
                0x00008800     0x14c2 build/debug/stm32f4xx_hal_spi.o
 .debug_loclists
                0x00009cc2     0x37cb build/debug/stm32f4xx_hal_tim.o
 .debug_loclists
                0x0000d48d     0x1402 build/debug/stm32f4xx_hal_tim_ex.o
 .debug_loclists
                0x0000e88f       0xa7 build/debug/stm32f4xx_hal_timebase_tim.o
 .debug_loclists
                0x0000e936     0x2cd8 build/debug/stm32f4xx_hal_uart.o
 .debug_loclists
                0x0001160e       0xe7 build/debug/system_stm32f4xx.o
 .debug_loclists
                0x000116f5     0x12a4 build/debug/tasks.o
 .debug_loclists
                0x00012999       0x6b build/debug/temp.o
 .debug_loclists
                0x00012a04      0x112 build/debug/tim.o
 .debug_loclists
                0x00012b16       0x5e build/debug/usart.o
 .debug_loclists
                0x00012b74      0xb15 C:/Users/Rick/AppData/Roaming/Code/User/globalStorage/bmd.stm32-for-vscode/@xpack-dev-tools/arm-none-eabi-gcc/14.2.1-1.1.1/.content/bin/../lib/gcc/arm-none-eabi/14.2.1/thumb/v7e-m+fp/hard\libgcc.a(_udivmoddi4.o)

.debug_aranges  0x00000000     0x1c70
 .debug_aranges
                0x00000000       0x40 build/debug/adc.o
 .debug_aranges
                0x00000040       0x30 build/debug/can.o
 .debug_aranges
                0x00000070      0x1d8 build/debug/cmsis_os.o
 .debug_aranges
                0x00000248       0x28 build/debug/controller.o
 .debug_aranges
                0x00000270       0x30 build/debug/current.o
 .debug_aranges
                0x000002a0       0x38 build/debug/dev_usart.o
 .debug_aranges
                0x000002d8       0x20 build/debug/dma.o
 .debug_aranges
                0x000002f8       0x98 build/debug/drv8323.o
 .debug_aranges
                0x00000390       0x38 build/debug/freertos.o
 .debug_aranges
                0x000003c8       0x20 build/debug/gpio.o
 .debug_aranges
                0x000003e8       0x28 build/debug/hall.o
 .debug_aranges
                0x00000410       0x58 build/debug/heap_4.o
 .debug_aranges
                0x00000468       0x30 build/debug/i2c.o
 .debug_aranges
                0x00000498       0x40 build/debug/list.o
 .debug_aranges
                0x000004d8       0x38 build/debug/main.o
 .debug_aranges
                0x00000510       0x80 build/debug/port.o
 .debug_aranges
                0x00000590       0x30 build/debug/pwm.o
 .debug_aranges
                0x000005c0       0x30 build/debug/spi.o
 .debug_aranges
                0x000005f0       0x30 build/debug/state.o
 .debug_aranges
                0x00000620       0xf0 build/debug/stm32f4xx_hal.o
 .debug_aranges
                0x00000710       0xe8 build/debug/stm32f4xx_hal_adc.o
 .debug_aranges
                0x000007f8       0x90 build/debug/stm32f4xx_hal_adc_ex.o
 .debug_aranges
                0x00000888      0x138 build/debug/stm32f4xx_hal_can.o
 .debug_aranges
                0x000009c0       0xf8 build/debug/stm32f4xx_hal_cortex.o
 .debug_aranges
                0x00000ab8       0x90 build/debug/stm32f4xx_hal_dma.o
 .debug_aranges
                0x00000b48       0x58 build/debug/stm32f4xx_hal_gpio.o
 .debug_aranges
                0x00000ba0      0x2a8 build/debug/stm32f4xx_hal_i2c.o
 .debug_aranges
                0x00000e48       0x20 build/debug/stm32f4xx_hal_msp.o
 .debug_aranges
                0x00000e68       0x88 build/debug/stm32f4xx_hal_rcc.o
 .debug_aranges
                0x00000ef0       0x78 build/debug/stm32f4xx_hal_rcc_ex.o
 .debug_aranges
                0x00000f68      0x1d0 build/debug/stm32f4xx_hal_spi.o
 .debug_aranges
                0x00001138      0x3d0 build/debug/stm32f4xx_hal_tim.o
 .debug_aranges
                0x00001508      0x168 build/debug/stm32f4xx_hal_tim_ex.o
 .debug_aranges
                0x00001670       0x30 build/debug/stm32f4xx_hal_timebase_tim.o
 .debug_aranges
                0x000016a0      0x208 build/debug/stm32f4xx_hal_uart.o
 .debug_aranges
                0x000018a8       0x90 build/debug/stm32f4xx_it.o
 .debug_aranges
                0x00001938       0x28 build/debug/system_stm32f4xx.o
 .debug_aranges
                0x00001960      0x1b8 build/debug/tasks.o
 .debug_aranges
                0x00001b18       0x28 build/debug/temp.o
 .debug_aranges
                0x00001b40       0x50 build/debug/tim.o
 .debug_aranges
                0x00001b90       0x30 build/debug/usart.o
 .debug_aranges
                0x00001bc0       0x28 build/debug/vbus.o
 .debug_aranges
                0x00001be8       0x28 build/debug/startup_stm32f446xx.o
 .debug_aranges
                0x00001c10       0x20 C:/Users/Rick/AppData/Roaming/Code/User/globalStorage/bmd.stm32-for-vscode/@xpack-dev-tools/arm-none-eabi-gcc/14.2.1-1.1.1/.content/bin/../lib/gcc/arm-none-eabi/14.2.1/thumb/v7e-m+fp/hard\libgcc.a(_aeabi_uldivmod.o)
 .debug_aranges
                0x00001c30       0x20 C:/Users/Rick/AppData/Roaming/Code/User/globalStorage/bmd.stm32-for-vscode/@xpack-dev-tools/arm-none-eabi-gcc/14.2.1-1.1.1/.content/bin/../lib/gcc/arm-none-eabi/14.2.1/thumb/v7e-m+fp/hard\libgcc.a(_udivmoddi4.o)
 .debug_aranges
                0x00001c50       0x20 C:/Users/Rick/AppData/Roaming/Code/User/globalStorage/bmd.stm32-for-vscode/@xpack-dev-tools/arm-none-eabi-gcc/14.2.1-1.1.1/.content/bin/../lib/gcc/arm-none-eabi/14.2.1/thumb/v7e-m+fp/hard\libgcc.a(_dvmd_tls.o)

.debug_rnglists
                0x00000000     0x166e
 .debug_rnglists
                0x00000000       0x30 build/debug/adc.o
 .debug_rnglists
                0x00000030       0x1f build/debug/can.o
 .debug_rnglists
                0x0000004f      0x15f build/debug/cmsis_os.o
 .debug_rnglists
                0x000001ae       0x1a build/debug/controller.o
 .debug_rnglists
                0x000001c8       0x20 build/debug/current.o
 .debug_rnglists
                0x000001e8       0x25 build/debug/dev_usart.o
 .debug_rnglists
                0x0000020d       0x13 build/debug/dma.o
 .debug_rnglists
                0x00000220       0x6d build/debug/drv8323.o
 .debug_rnglists
                0x0000028d       0x25 build/debug/freertos.o
 .debug_rnglists
                0x000002b2       0x14 build/debug/gpio.o
 .debug_rnglists
                0x000002c6       0x19 build/debug/hall.o
 .debug_rnglists
                0x000002df       0x3f build/debug/heap_4.o
 .debug_rnglists
                0x0000031e       0x1f build/debug/i2c.o
 .debug_rnglists
                0x0000033d       0x2b build/debug/list.o
 .debug_rnglists
                0x00000368       0x26 build/debug/main.o
 .debug_rnglists
                0x0000038e       0x69 build/debug/port.o
 .debug_rnglists
                0x000003f7       0x1f build/debug/pwm.o
 .debug_rnglists
                0x00000416       0x1f build/debug/spi.o
 .debug_rnglists
                0x00000435       0x20 build/debug/state.o
 .debug_rnglists
                0x00000455       0xaf build/debug/stm32f4xx_hal.o
 .debug_rnglists
                0x00000504       0xb0 build/debug/stm32f4xx_hal_adc.o
 .debug_rnglists
                0x000005b4       0x6c build/debug/stm32f4xx_hal_adc_ex.o
 .debug_rnglists
                0x00000620       0xf6 build/debug/stm32f4xx_hal_can.o
 .debug_rnglists
                0x00000716       0xb5 build/debug/stm32f4xx_hal_cortex.o
 .debug_rnglists
                0x000007cb       0x6c build/debug/stm32f4xx_hal_dma.o
 .debug_rnglists
                0x00000837       0x3f build/debug/stm32f4xx_hal_gpio.o
 .debug_rnglists
                0x00000876      0x236 build/debug/stm32f4xx_hal_i2c.o
 .debug_rnglists
                0x00000aac       0x13 build/debug/stm32f4xx_hal_msp.o
 .debug_rnglists
                0x00000abf       0x75 build/debug/stm32f4xx_hal_rcc.o
 .debug_rnglists
                0x00000b34       0x6b build/debug/stm32f4xx_hal_rcc_ex.o
 .debug_rnglists
                0x00000b9f      0x16a build/debug/stm32f4xx_hal_spi.o
 .debug_rnglists
                0x00000d09      0x302 build/debug/stm32f4xx_hal_tim.o
 .debug_rnglists
                0x0000100b      0x11b build/debug/stm32f4xx_hal_tim_ex.o
 .debug_rnglists
                0x00001126       0x20 build/debug/stm32f4xx_hal_timebase_tim.o
 .debug_rnglists
                0x00001146      0x1a1 build/debug/stm32f4xx_hal_uart.o
 .debug_rnglists
                0x000012e7       0x67 build/debug/stm32f4xx_it.o
 .debug_rnglists
                0x0000134e       0x1a build/debug/system_stm32f4xx.o
 .debug_rnglists
                0x00001368      0x1c7 build/debug/tasks.o
 .debug_rnglists
                0x0000152f       0x1a build/debug/temp.o
 .debug_rnglists
                0x00001549       0x3a build/debug/tim.o
 .debug_rnglists
                0x00001583       0x20 build/debug/usart.o
 .debug_rnglists
                0x000015a3       0x19 build/debug/vbus.o
 .debug_rnglists
                0x000015bc       0x19 build/debug/startup_stm32f446xx.o
 .debug_rnglists
                0x000015d5       0x99 C:/Users/Rick/AppData/Roaming/Code/User/globalStorage/bmd.stm32-for-vscode/@xpack-dev-tools/arm-none-eabi-gcc/14.2.1-1.1.1/.content/bin/../lib/gcc/arm-none-eabi/14.2.1/thumb/v7e-m+fp/hard\libgcc.a(_udivmoddi4.o)

.debug_line     0x00000000    0x22e84
 .debug_line    0x00000000      0x764 build/debug/adc.o
 .debug_line    0x00000764      0x37e build/debug/can.o
 .debug_line    0x00000ae2     0x1463 build/debug/cmsis_os.o
 .debug_line    0x00001f45      0x399 build/debug/controller.o
 .debug_line    0x000022de      0x51e build/debug/current.o
 .debug_line    0x000027fc      0x3a7 build/debug/dev_usart.o
 .debug_line    0x00002ba3      0x227 build/debug/dma.o
 .debug_line    0x00002dca      0x503 build/debug/drv8323.o
 .debug_line    0x000032cd      0x34a build/debug/freertos.o
 .debug_line    0x00003617      0x2e4 build/debug/gpio.o
 .debug_line    0x000038fb      0x2ba build/debug/hall.o
 .debug_line    0x00003bb5      0x7fc build/debug/heap_4.o
 .debug_line    0x000043b1      0x370 build/debug/i2c.o
 .debug_line    0x00004721      0x3fb build/debug/list.o
 .debug_line    0x00004b1c      0x4a0 build/debug/main.o
 .debug_line    0x00004fbc      0x6c8 build/debug/port.o
 .debug_line    0x00005684      0x2c1 build/debug/pwm.o
 .debug_line    0x00005945      0x386 build/debug/spi.o
 .debug_line    0x00005ccb      0x335 build/debug/state.o
 .debug_line    0x00006000      0x60d build/debug/stm32f4xx_hal.o
 .debug_line    0x0000660d     0x1142 build/debug/stm32f4xx_hal_adc.o
 .debug_line    0x0000774f      0xc89 build/debug/stm32f4xx_hal_adc_ex.o
 .debug_line    0x000083d8     0x11f2 build/debug/stm32f4xx_hal_can.o
 .debug_line    0x000095ca      0x8d0 build/debug/stm32f4xx_hal_cortex.o
 .debug_line    0x00009e9a      0xec6 build/debug/stm32f4xx_hal_dma.o
 .debug_line    0x0000ad60      0x787 build/debug/stm32f4xx_hal_gpio.o
 .debug_line    0x0000b4e7     0x5485 build/debug/stm32f4xx_hal_i2c.o
 .debug_line    0x0001096c      0x238 build/debug/stm32f4xx_hal_msp.o
 .debug_line    0x00010ba4      0xc69 build/debug/stm32f4xx_hal_rcc.o
 .debug_line    0x0001180d     0x150c build/debug/stm32f4xx_hal_rcc_ex.o
 .debug_line    0x00012d19     0x24cd build/debug/stm32f4xx_hal_spi.o
 .debug_line    0x000151e6     0x47ca build/debug/stm32f4xx_hal_tim.o
 .debug_line    0x000199b0     0x1aed build/debug/stm32f4xx_hal_tim_ex.o
 .debug_line    0x0001b49d      0x38f build/debug/stm32f4xx_hal_timebase_tim.o