Archive member included to satisfy reference by file (symbol)

C:/Users/Rick/AppData/Roaming/Code/User/globalStorage/bmd.stm32-for-vscode/@xpack-dev-tools/arm-none-eabi-gcc/14.2.1-1.1.1/.content/bin/../lib/gcc/arm-none-eabi/14.2.1/../../../../arm-none-eabi/lib/thumb/v7e-m+fp/hard\libc_nano.a(libc_a-atexit.o)
                              C:/Users/Rick/AppData/Roaming/Code/User/globalStorage/bmd.stm32-for-vscode/@xpack-dev-tools/arm-none-eabi-gcc/14.2.1-1.1.1/.content/bin/../lib/gcc/arm-none-eabi/14.2.1/../../../../arm-none-eabi/lib/thumb/v7e-m+fp/hard/crt0.o (atexit)
C:/Users/Rick/AppData/Roaming/Code/User/globalStorage/bmd.stm32-for-vscode/@xpack-dev-tools/arm-none-eabi-gcc/14.2.1-1.1.1/.content/bin/../lib/gcc/arm-none-eabi/14.2.1/../../../../arm-none-eabi/lib/thumb/v7e-m+fp/hard\libc_nano.a(libc_a-exit.o)
                              C:/Users/Rick/AppData/Roaming/Code/User/globalStorage/bmd.stm32-for-vscode/@xpack-dev-tools/arm-none-eabi-gcc/14.2.1-1.1.1/.content/bin/../lib/gcc/arm-none-eabi/14.2.1/../../../../arm-none-eabi/lib/thumb/v7e-m+fp/hard/crt0.o (exit)
C:/Users/Rick/AppData/Roaming/Code/User/globalStorage/bmd.stm32-for-vscode/@xpack-dev-tools/arm-none-eabi-gcc/14.2.1-1.1.1/.content/bin/../lib/gcc/arm-none-eabi/14.2.1/../../../../arm-none-eabi/lib/thumb/v7e-m+fp/hard\libc_nano.a(libc_a-findfp.o)
                              C:/Users/Rick/AppData/Roaming/Code/User/globalStorage/bmd.stm32-for-vscode/@xpack-dev-tools/arm-none-eabi-gcc/14.2.1-1.1.1/.content/bin/../lib/gcc/arm-none-eabi/14.2.1/../../../../arm-none-eabi/lib/thumb/v7e-m+fp/hard\libc_nano.a(libc_a-exit.o) (__stdio_exit_handler)
C:/Users/Rick/AppData/Roaming/Code/User/globalStorage/bmd.stm32-for-vscode/@xpack-dev-tools/arm-none-eabi-gcc/14.2.1-1.1.1/.content/bin/../lib/gcc/arm-none-eabi/14.2.1/../../../../arm-none-eabi/lib/thumb/v7e-m+fp/hard\libc_nano.a(libc_a-fwalk.o)
                              C:/Users/Rick/AppData/Roaming/Code/User/globalStorage/bmd.stm32-for-vscode/@xpack-dev-tools/arm-none-eabi-gcc/14.2.1-1.1.1/.content/bin/../lib/gcc/arm-none-eabi/14.2.1/../../../../arm-none-eabi/lib/thumb/v7e-m+fp/hard\libc_nano.a(libc_a-findfp.o) (_fwalk_sglue)
C:/Users/Rick/AppData/Roaming/Code/User/globalStorage/bmd.stm32-for-vscode/@xpack-dev-tools/arm-none-eabi-gcc/14.2.1-1.1.1/.content/bin/../lib/gcc/arm-none-eabi/14.2.1/../../../../arm-none-eabi/lib/thumb/v7e-m+fp/hard\libc_nano.a(libc_a-stdio.o)
                              C:/Users/Rick/AppData/Roaming/Code/User/globalStorage/bmd.stm32-for-vscode/@xpack-dev-tools/arm-none-eabi-gcc/14.2.1-1.1.1/.content/bin/../lib/gcc/arm-none-eabi/14.2.1/../../../../arm-none-eabi/lib/thumb/v7e-m+fp/hard\libc_nano.a(libc_a-findfp.o) (__sread)
C:/Users/Rick/AppData/Roaming/Code/User/globalStorage/bmd.stm32-for-vscode/@xpack-dev-tools/arm-none-eabi-gcc/14.2.1-1.1.1/.content/bin/../lib/gcc/arm-none-eabi/14.2.1/../../../../arm-none-eabi/lib/thumb/v7e-m+fp/hard\libc_nano.a(libc_a-memset.o)
                              C:/Users/Rick/AppData/Roaming/Code/User/globalStorage/bmd.stm32-for-vscode/@xpack-dev-tools/arm-none-eabi-gcc/14.2.1-1.1.1/.content/bin/../lib/gcc/arm-none-eabi/14.2.1/../../../../arm-none-eabi/lib/thumb/v7e-m+fp/hard/crt0.o (memset)
C:/Users/Rick/AppData/Roaming/Code/User/globalStorage/bmd.stm32-for-vscode/@xpack-dev-tools/arm-none-eabi-gcc/14.2.1-1.1.1/.content/bin/../lib/gcc/arm-none-eabi/14.2.1/../../../../arm-none-eabi/lib/thumb/v7e-m+fp/hard\libc_nano.a(libc_a-closer.o)
                              C:/Users/Rick/AppData/Roaming/Code/User/globalStorage/bmd.stm32-for-vscode/@xpack-dev-tools/arm-none-eabi-gcc/14.2.1-1.1.1/.content/bin/../lib/gcc/arm-none-eabi/14.2.1/../../../../arm-none-eabi/lib/thumb/v7e-m+fp/hard\libc_nano.a(libc_a-stdio.o) (_close_r)
C:/Users/Rick/AppData/Roaming/Code/User/globalStorage/bmd.stm32-for-vscode/@xpack-dev-tools/arm-none-eabi-gcc/14.2.1-1.1.1/.content/bin/../lib/gcc/arm-none-eabi/14.2.1/../../../../arm-none-eabi/lib/thumb/v7e-m+fp/hard\libc_nano.a(libc_a-reent.o)
                              C:/Users/Rick/AppData/Roaming/Code/User/globalStorage/bmd.stm32-for-vscode/@xpack-dev-tools/arm-none-eabi-gcc/14.2.1-1.1.1/.content/bin/../lib/gcc/arm-none-eabi/14.2.1/../../../../arm-none-eabi/lib/thumb/v7e-m+fp/hard\libc_nano.a(libc_a-closer.o) (errno)
C:/Users/Rick/AppData/Roaming/Code/User/globalStorage/bmd.stm32-for-vscode/@xpack-dev-tools/arm-none-eabi-gcc/14.2.1-1.1.1/.content/bin/../lib/gcc/arm-none-eabi/14.2.1/../../../../arm-none-eabi/lib/thumb/v7e-m+fp/hard\libc_nano.a(libc_a-impure.o)
                              C:/Users/Rick/AppData/Roaming/Code/User/globalStorage/bmd.stm32-for-vscode/@xpack-dev-tools/arm-none-eabi-gcc/14.2.1-1.1.1/.content/bin/../lib/gcc/arm-none-eabi/14.2.1/../../../../arm-none-eabi/lib/thumb/v7e-m+fp/hard\libc_nano.a(libc_a-reent.o) (_impure_ptr)
[...]
Memory Configuration

Name             Origin             Length             Attributes
RAM              0x20000000         0x00020000         xrw
FLASH            0x08000000         0x00080000         xr
*default*        0x00000000         0xffffffff

Linker script and memory map

LOAD C:/Users/Rick/AppData/Roaming/Code/User/globalStorage/bmd.stm32-for-vscode/@xpack-dev-tools/arm-none-eabi-gcc/14.2.1-1.1.1/.content/bin/../lib/gcc/arm-none-eabi/14.2.1/thumb/v7e-m+fp/hard/crti.o
LOAD C:/Users/Rick/AppData/Roaming/Code/User/globalStorage/bmd.stm32-for-vscode/@xpack-dev-tools/arm-none-eabi-gcc/14.2.1-1.1.1/.content/bin/../lib/gcc/arm-none-eabi/14.2.1/thumb/v7e-m+fp/hard/crtbegin.o
LOAD C:/Users/Rick/AppData/Roaming/Code/User/globalStorage/bmd.stm32-for-vscode/@xpack-dev-tools/arm-none-eabi-gcc/14.2.1-1.1.1/.content/bin/../lib/gcc/arm-none-eabi/14.2.1/../../../../arm-none-eabi/lib/thumb/v7e-m+fp/hard/crt0.o
LOAD build/debug/adc.o
LOAD build/debug/can.o
LOAD build/debug/cmsis_os.o
LOAD build/debug/controller.o
LOAD build/debug/croutine.o
LOAD build/debug/current.o
LOAD build/debug/dev_usart.o
LOAD build/debug/dma.o
LOAD build/debug/drv8323.o
LOAD build/debug/event_groups.o
LOAD build/debug/freertos.o
LOAD build/debug/gpio.o
LOAD build/debug/heap_4.o
LOAD build/debug/i2c.o
LOAD build/debug/list.o
LOAD build/debug/main.o
LOAD build/debug/port.o
LOAD build/debug/queue.o
LOAD build/debug/spi.o
LOAD build/debug/state.o
LOAD build/debug/stm32f4xx_hal.o
LOAD build/debug/stm32f4xx_hal_adc.o
LOAD build/debug/stm32f4xx_hal_adc_ex.o
LOAD build/debug/stm32f4xx_hal_can.o
LOAD build/debug/stm32f4xx_hal_cortex.o
LOAD build/debug/stm32f4xx_hal_dma.o
LOAD build/debug/stm32f4xx_hal_dma_ex.o
LOAD build/debug/stm32f4xx_hal_exti.o
LOAD build/debug/stm32f4xx_hal_flash.o
LOAD build/debug/stm32f4xx_hal_flash_ex.o
LOAD build/debug/stm32f4xx_hal_flash_ramfunc.o
LOAD build/debug/stm32f4xx_hal_gpio.o
LOAD build/debug/stm32f4xx_hal_i2c.o
LOAD build/debug/stm32f4xx_hal_i2c_ex.o
LOAD build/debug/stm32f4xx_hal_msp.o
LOAD build/debug/stm32f4xx_hal_pwr.o
LOAD build/debug/stm32f4xx_hal_pwr_ex.o
LOAD build/debug/stm32f4xx_hal_rcc.o
LOAD build/debug/stm32f4xx_hal_rcc_ex.o
LOAD build/debug/stm32f4xx_hal_spi.o
LOAD build/debug/stm32f4xx_hal_tim.o
LOAD build/debug/stm32f4xx_hal_tim_ex.o
LOAD build/debug/stm32f4xx_hal_timebase_tim.o
LOAD build/debug/stm32f4xx_hal_uart.o
LOAD build/debug/stm32f4xx_it.o
LOAD build/debug/stm32f4xx_ll_adc.o
LOAD build/debug/stream_buffer.o
LOAD build/debug/syscalls.o
LOAD build/debug/sysmem.o
LOAD build/debug/system_stm32f4xx.o
LOAD build/debug/tasks.o
LOAD build/debug/tim.o
LOAD build/debug/timers.o
LOAD build/debug/usart.o
LOAD build/debug/startup_stm32f446xx.o
LOAD C:/Users/Rick/AppData/Roaming/Code/User/globalStorage/bmd.stm32-for-vscode/@xpack-dev-tools/arm-none-eabi-gcc/14.2.1-1.1.1/.content/bin/../lib/gcc/arm-none-eabi/14.2.1/../../../../arm-none-eabi/lib/thumb/v7e-m+fp/hard\libc_nano.a
LOAD C:/Users/Rick/AppData/Roaming/Code/User/globalStorage/bmd.stm32-for-vscode/@xpack-dev-tools/arm-none-eabi-gcc/14.2.1-1.1.1/.content/bin/../lib/gcc/arm-none-eabi/14.2.1/../../../../arm-none-eabi/lib/thumb/v7e-m+fp/hard\libm.a
LOAD C:/Users/Rick/AppData/Roaming/Code/User/globalStorage/bmd.stm32-for-vscode/@xpack-dev-tools/arm-none-eabi-gcc/14.2.1-1.1.1/.content/bin/../lib/gcc/arm-none-eabi/14.2.1/../../../../arm-none-eabi/lib/thumb/v7e-m+fp/hard\libnosys.a
START GROUP
LOAD C:/Users/Rick/AppData/Roaming/Code/User/globalStorage/bmd.stm32-for-vscode/@xpack-dev-tools/arm-none-eabi-gcc/14.2.1-1.1.1/.content/bin/../lib/gcc/arm-none-eabi/14.2.1/thumb/v7e-m+fp/hard\libgcc.a
LOAD C:/Users/Rick/AppData/Roaming/Code/User/globalStorage/bmd.stm32-for-vscode/@xpack-dev-tools/arm-none-eabi-gcc/14.2.1-1.1.1/.content/bin/../lib/gcc/arm-none-eabi/14.2.1/../../../../arm-none-eabi/lib/thumb/v7e-m+fp/hard\libc_nano.a
END GROUP
START GROUP
LOAD C:/Users/Rick/AppData/Roaming/Code/User/globalStorage/bmd.stm32-for-vscode/@xpack-dev-tools/arm-none-eabi-gcc/14.2.1-1.1.1/.content/bin/../lib/gcc/arm-none-eabi/14.2.1/thumb/v7e-m+fp/hard\libgcc.a
LOAD C:/Users/Rick/AppData/Roaming/Code/User/globalStorage/bmd.stm32-for-vscode/@xpack-dev-tools/arm-none-eabi-gcc/14.2.1-1.1.1/.content/bin/../lib/gcc/arm-none-eabi/14.2.1/../../../../arm-none-eabi/lib/thumb/v7e-m+fp/hard\libc_nano.a
END GROUP
LOAD C:/Users/Rick/AppData/Roaming/Code/User/globalStorage/bmd.stm32-for-vscode/@xpack-dev-tools/arm-none-eabi-gcc/14.2.1-1.1.1/.content/bin/../lib/gcc/arm-none-eabi/14.2.1/thumb/v7e-m+fp/hard/crtend.o
LOAD C:/Users/Rick/AppData/Roaming/Code/User/globalStorage/bmd.stm32-for-vscode/@xpack-dev-tools/arm-none-eabi-gcc/14.2.1-1.1.1/.content/bin/../lib/gcc/arm-none-eabi/14.2.1/thumb/v7e-m+fp/hard/crtn.o
                0x20020000                        _estack = (ORIGIN (RAM) + LENGTH (RAM))
                0x00000200                        _Min_Heap_Size = 0x200
                0x00000400                        _Min_Stack_Size = 0x400

.isr_vector     0x08000000      0x1c4
                0x08000000                        . = ALIGN (0x4)
 *(.isr_vector)
 .isr_vector    0x08000000      0x1c4 build/debug/startup_stm32f446xx.o
                0x08000000                g_pfnVectors
                0x080001c4                        . = ALIGN (0x4)

.text           0x080001d0     0x5040
                0x080001d0                        . = ALIGN (0x4)
 *(.text)
 .text          0x080001d0       0x30 C:/Users/Rick/AppData/Roaming/Code/User/globalStorage/bmd.stm32-for-vscode/@xpack-dev-tools/arm-none-eabi-gcc/14.2.1-1.1.1/.content/bin/../lib/gcc/arm-none-eabi/14.2.1/thumb/v7e-m+fp/hard\libgcc.a(_aeabi_uldivmod.o)
                0x080001d0                __aeabi_uldivmod
 .text          0x08000200        0x4 C:/Users/Rick/AppData/Roaming/Code/User/globalStorage/bmd.stm32-for-vscode/@xpack-dev-tools/arm-none-eabi-gcc/14.2.1-1.1.1/.content/bin/../lib/gcc/arm-none-eabi/14.2.1/thumb/v7e-m+fp/hard\libgcc.a(_dvmd_tls.o)
                0x08000200                __aeabi_idiv0
                0x08000200                __aeabi_ldiv0
 *(.text*)
 .text.__do_global_dtors_aux
                0x08000204       0x24 C:/Users/Rick/AppData/Roaming/Code/User/globalStorage/bmd.stm32-for-vscode/@xpack-dev-tools/arm-none-eabi-gcc/14.2.1-1.1.1/.content/bin/../lib/gcc/arm-none-eabi/14.2.1/thumb/v7e-m+fp/hard/crtbegin.o
 .text.frame_dummy
                0x08000228       0x1c C:/Users/Rick/AppData/Roaming/Code/User/globalStorage/bmd.stm32-for-vscode/@xpack-dev-tools/arm-none-eabi-gcc/14.2.1-1.1.1/.content/bin/../lib/gcc/arm-none-eabi/14.2.1/thumb/v7e-m+fp/hard/crtbegin.o
 .text.MX_ADC1_Init
                0x08000244       0x70 build/debug/adc.o
                0x08000244                MX_ADC1_Init
 .text.MX_ADC2_Init
                0x080002b4       0x70 build/debug/adc.o
                0x080002b4                MX_ADC2_Init
 .text.MX_ADC3_Init
                0x08000324       0x70 build/debug/adc.o
                0x08000324                MX_ADC3_Init
 .text.HAL_ADC_MspInit
                0x08000394      0x148 build/debug/adc.o
                0x08000394                HAL_ADC_MspInit
 .text.MX_CAN1_Init
                0x080004dc       0x38 build/debug/can.o
                0x080004dc                MX_CAN1_Init
 .text.HAL_CAN_MspInit
                0x08000514       0x70 build/debug/can.o
                0x08000514                HAL_CAN_MspInit
 .text.makeFreeRtosPriority
                0x08000584        0xc build/debug/cmsis_os.o
 .text.osKernelStart
                0x08000590        0xa build/debug/cmsis_os.o
                0x08000590                osKernelStart
 .text.osThreadCreate
                0x0800059a       0x66 build/debug/cmsis_os.o
                0x0800059a                osThreadCreate
 .text.osDelay  0x08000600        0xe build/debug/cmsis_os.o
                0x08000600                osDelay
 *fill*         0x0800060e        0x2 
 .text.controller_init
                0x08000610       0xa0 build/debug/controller.o
                0x08000610                controller_init
 .text.dev_usart_write
                0x080006b0       0x30 build/debug/dev_usart.o
                0x080006b0                dev_usart_write
 .text.HAL_UARTEx_RxEventCallback
                0x080006e0        0x2 build/debug/dev_usart.o
                0x080006e0                HAL_UARTEx_RxEventCallback
 *fill*         0x080006e2        0x2 
 .text.HAL_UART_ErrorCallback
                0x080006e4       0x58 build/debug/dev_usart.o
                0x080006e4                HAL_UART_ErrorCallback
 .text.MX_DMA_Init
                0x0800073c       0x44 build/debug/dma.o
                0x0800073c                MX_DMA_Init
 .text._SPI_WRITE
                0x08000780       0x48 build/debug/drv8323.o
                0x08000780                _SPI_WRITE
 .text.drv8323_init
                0x080007c8       0x44 build/debug/drv8323.o
                0x080007c8                drv8323_init
 .text.drv8323_read_register
                0x0800080c       0x12 build/debug/drv8323.o
                0x0800080c                drv8323_read_register
 .text.drv8323_write_register
                0x0800081e        0xe build/debug/drv8323.o
                0x0800081e                drv8323_write_register
 .text.drv8323_write_dcr
                0x0800082c       0x56 build/debug/drv8323.o
                0x0800082c                drv8323_write_dcr
 .text.drv8323_write_ocpcr
                0x08000882       0x2e build/debug/drv8323.o
                0x08000882                drv8323_write_ocpcr
 .text.drv8323_write_csacr
                0x080008b0       0x56 build/debug/drv8323.o
                0x080008b0                drv8323_write_csacr
 .text.drv8323_enable_gd
                0x08000906       0x1a build/debug/drv8323.o
                0x08000906                drv8323_enable_gd
 .text.drv8323_calibrate
                0x08000920        0xe build/debug/drv8323.o
                0x08000920                drv8323_calibrate
 *fill*         0x0800092e        0x2 
 .text.StartDefaultTask
                0x08000930       0x1c build/debug/freertos.o
                0x08000930                StartDefaultTask
 .text.vApplicationGetIdleTaskMemory
                0x0800094c       0x18 build/debug/freertos.o
                0x0800094c                vApplicationGetIdleTaskMemory
 .text.MX_FREERTOS_Init
                0x08000964       0x30 build/debug/freertos.o
                0x08000964                MX_FREERTOS_Init
 .text.MX_GPIO_Init
                0x08000994      0x158 build/debug/gpio.o
                0x08000994                MX_GPIO_Init
 .text.prvHeapInit
                0x08000aec       0x64 build/debug/heap_4.o
 .text.prvInsertBlockIntoFreeList
                0x08000b50       0x64 build/debug/heap_4.o
 .text.pvPortMalloc
                0x08000bb4      0x104 build/debug/heap_4.o
                0x08000bb4                pvPortMalloc
 .text.vPortFree
                0x08000cb8       0x7c build/debug/heap_4.o
                0x08000cb8                vPortFree
 .text.MX_I2C1_Init
                0x08000d34       0x3c build/debug/i2c.o
                0x08000d34                MX_I2C1_Init
 .text.HAL_I2C_MspInit
                0x08000d70       0x70 build/debug/i2c.o
                0x08000d70                HAL_I2C_MspInit
 .text.vListInitialise
                0x08000de0       0x16 build/debug/list.o
                0x08000de0                vListInitialise
 .text.vListInitialiseItem
                0x08000df6        0x6 build/debug/list.o
                0x08000df6                vListInitialiseItem
 .text.vListInsertEnd
                0x08000dfc       0x16 build/debug/list.o
                0x08000dfc                vListInsertEnd
 .text.vListInsert
                0x08000e12       0x32 build/debug/list.o
                0x08000e12                vListInsert
 .text.uxListRemove
                0x08000e44       0x26 build/debug/list.o
                0x08000e44                uxListRemove
 *fill*         0x08000e6a        0x2 
 .text.HAL_TIM_PeriodElapsedCallback
                0x08000e6c       0x18 build/debug/main.o
                0x08000e6c                HAL_TIM_PeriodElapsedCallback
 .text.Error_Handler
                0x08000e84        0x4 build/debug/main.o
                0x08000e84                Error_Handler
 .text.SystemClock_Config
                0x08000e88       0xa8 build/debug/main.o
                0x08000e88                SystemClock_Config
 .text.main     0x08000f30       0x44 build/debug/main.o
                0x08000f30                main
 .text.prvTaskExitError
                0x08000f74       0x40 build/debug/port.o
 .text.prvPortStartFirstTask
                0x08000fb4       0x28 build/debug/port.o
 .text.vPortEnableVFP
                0x08000fdc       0x14 build/debug/port.o
 .text.pxPortInitialiseStack
                0x08000ff0       0x2c build/debug/port.o
                0x08000ff0                pxPortInitialiseStack
 *fill*         0x0800101c        0x4 
 .text.SVC_Handler
                0x08001020       0x24 build/debug/port.o
                0x08001020                SVC_Handler
 .text.vPortEnterCritical
                0x08001044       0x44 build/debug/port.o
                0x08001044                vPortEnterCritical
 .text.vPortExitCritical
                0x08001088       0x2c build/debug/port.o
                0x08001088                vPortExitCritical
 *fill*         0x080010b4        0xc 
 .text.PendSV_Handler
                0x080010c0       0x64 build/debug/port.o
                0x080010c0                PendSV_Handler
 .text.SysTick_Handler
                0x08001124       0x2c build/debug/port.o
                0x08001124                SysTick_Handler
 .text.vPortSetupTimerInterrupt
                0x08001150       0x28 build/debug/port.o
                0x08001150                vPortSetupTimerInterrupt
 .text.xPortStartScheduler
                0x08001178      0x118 build/debug/port.o
                0x08001178                xPortStartScheduler
 .text.MX_SPI3_Init
                0x08001290       0x40 build/debug/spi.o
                0x08001290                MX_SPI3_Init
 .text.HAL_SPI_MspInit
                0x080012d0       0x70 build/debug/spi.o
                0x080012d0                HAL_SPI_MspInit
 .text.led_ctl  0x08001340       0x60 build/debug/state.o
                0x08001340                led_ctl
 .text.state_step
                0x080013a0       0x44 build/debug/state.o
                0x080013a0                state_step
 .text.HAL_Init
                0x080013e4       0x34 build/debug/stm32f4xx_hal.o
                0x080013e4                HAL_Init
 .text.HAL_IncTick
                0x08001418       0x18 build/debug/stm32f4xx_hal.o
                0x08001418                HAL_IncTick
 .text.HAL_GetTick
                0x08001430        0xc build/debug/stm32f4xx_hal.o
                0x08001430                HAL_GetTick
 .text.HAL_Delay
                0x0800143c       0x28 build/debug/stm32f4xx_hal.o
                0x0800143c                HAL_Delay
 .text.ADC_Init
                0x08001464      0x134 build/debug/stm32f4xx_hal_adc.o
 .text.HAL_ADC_Init
                0x08001598       0x56 build/debug/stm32f4xx_hal_adc.o
                0x08001598                HAL_ADC_Init
 *fill*         0x080015ee        0x2 
 .text.HAL_ADC_ConfigChannel
                0x080015f0      0x1ac build/debug/stm32f4xx_hal_adc.o
                0x080015f0                HAL_ADC_ConfigChannel
 .text.HAL_CAN_Init
                0x0800179c      0x14c build/debug/stm32f4xx_hal_can.o
                0x0800179c                HAL_CAN_Init
 .text.__NVIC_EnableIRQ
                0x080018e8       0x1c build/debug/stm32f4xx_hal_cortex.o
 .text.__NVIC_SetPriority
                0x08001904       0x28 build/debug/stm32f4xx_hal_cortex.o
 .text.NVIC_EncodePriority
                0x0800192c       0x3e build/debug/stm32f4xx_hal_cortex.o
 *fill*         0x0800196a        0x2 
 .text.HAL_NVIC_SetPriorityGrouping
                0x0800196c       0x24 build/debug/stm32f4xx_hal_cortex.o
                0x0800196c                HAL_NVIC_SetPriorityGrouping
 .text.HAL_NVIC_SetPriority
                0x08001990       0x20 build/debug/stm32f4xx_hal_cortex.o
                0x08001990                HAL_NVIC_SetPriority
 .text.HAL_NVIC_EnableIRQ
                0x080019b0        0x8 build/debug/stm32f4xx_hal_cortex.o
                0x080019b0                HAL_NVIC_EnableIRQ
 .text.DMA_SetConfig
                0x080019b8       0x2c build/debug/stm32f4xx_hal_dma.o
 .text.DMA_CalcBaseAndBitshift
                0x080019e4       0x3c build/debug/stm32f4xx_hal_dma.o
 .text.DMA_CheckFifoParam
                0x08001a20       0x8e build/debug/stm32f4xx_hal_dma.o
 *fill*         0x08001aae        0x2 
 .text.HAL_DMA_Init
                0x08001ab0       0xcc build/debug/stm32f4xx_hal_dma.o
                0x08001ab0                HAL_DMA_Init
 .text.HAL_DMA_Start_IT
                0x08001b7c       0x68 build/debug/stm32f4xx_hal_dma.o
                0x08001b7c                HAL_DMA_Start_IT
 .text.HAL_DMA_Abort
                0x08001be4       0x92 build/debug/stm32f4xx_hal_dma.o
                0x08001be4                HAL_DMA_Abort
 .text.HAL_DMA_Abort_IT
                0x08001c76       0x24 build/debug/stm32f4xx_hal_dma.o
                0x08001c76                HAL_DMA_Abort_IT
 *fill*         0x08001c9a        0x2 
 .text.HAL_DMA_IRQHandler
                0x08001c9c      0x1dc build/debug/stm32f4xx_hal_dma.o
                0x08001c9c                HAL_DMA_IRQHandler
 .text.HAL_GPIO_Init
                0x08001e78      0x1e0 build/debug/stm32f4xx_hal_gpio.o
                0x08001e78                HAL_GPIO_Init
 .text.HAL_GPIO_WritePin
                0x08002058        0xc build/debug/stm32f4xx_hal_gpio.o
                0x08002058                HAL_GPIO_WritePin
 .text.HAL_I2C_Init
                0x08002064      0x1bc build/debug/stm32f4xx_hal_i2c.o
                0x08002064                HAL_I2C_Init
 .text.HAL_MspInit
                0x08002220       0x44 build/debug/stm32f4xx_hal_msp.o
                0x08002220                HAL_MspInit
 .text.HAL_RCC_ClockConfig
                0x08002264      0x160 build/debug/stm32f4xx_hal_rcc.o
                0x08002264                HAL_RCC_ClockConfig
 .text.HAL_RCC_GetHCLKFreq
                0x080023c4        0xc build/debug/stm32f4xx_hal_rcc.o
                0x080023c4                HAL_RCC_GetHCLKFreq
 .text.HAL_RCC_GetPCLK1Freq
                0x080023d0       0x20 build/debug/stm32f4xx_hal_rcc.o
                0x080023d0                HAL_RCC_GetPCLK1Freq
 .text.HAL_RCC_GetPCLK2Freq
                0x080023f0       0x20 build/debug/stm32f4xx_hal_rcc.o
                0x080023f0                HAL_RCC_GetPCLK2Freq
 .text.HAL_RCC_GetClockConfig
                0x08002410       0x3c build/debug/stm32f4xx_hal_rcc.o
                0x08002410                HAL_RCC_GetClockConfig
 .text.HAL_RCC_GetSysClockFreq
                0x0800244c      0x184 build/debug/stm32f4xx_hal_rcc_ex.o
                0x0800244c                HAL_RCC_GetSysClockFreq
 .text.HAL_RCC_OscConfig
                0x080025d0      0x444 build/debug/stm32f4xx_hal_rcc_ex.o
                0x080025d0                HAL_RCC_OscConfig
 .text.SPI_WaitFlagStateUntilTimeout
                0x08002a14       0xc8 build/debug/stm32f4xx_hal_spi.o
 .text.SPI_EndRxTxTransaction
                0x08002adc       0x80 build/debug/stm32f4xx_hal_spi.o
 .text.HAL_SPI_Init
                0x08002b5c       0xbe build/debug/stm32f4xx_hal_spi.o
                0x08002b5c                HAL_SPI_Init
 .text.HAL_SPI_TransmitReceive
                0x08002c1a      0x252 build/debug/stm32f4xx_hal_spi.o
                0x08002c1a                HAL_SPI_TransmitReceive
 .text.TIM_OC1_SetConfig
                0x08002e6c       0x70 build/debug/stm32f4xx_hal_tim.o
 .text.TIM_OC3_SetConfig
                0x08002edc       0x70 build/debug/stm32f4xx_hal_tim.o
 .text.TIM_OC4_SetConfig
                0x08002f4c       0x50 build/debug/stm32f4xx_hal_tim.o
 .text.TIM_TI1_ConfigInputStage
                0x08002f9c       0x26 build/debug/stm32f4xx_hal_tim.o
 .text.TIM_TI2_ConfigInputStage
                0x08002fc2       0x28 build/debug/stm32f4xx_hal_tim.o
 .text.TIM_ITRx_SetConfig
                0x08002fea       0x10 build/debug/stm32f4xx_hal_tim.o
 *fill*         0x08002ffa        0x2 
 .text.HAL_TIM_Base_Start_IT
                0x08002ffc       0x84 build/debug/stm32f4xx_hal_tim.o
                0x08002ffc                HAL_TIM_Base_Start_IT
 .text.HAL_TIM_PWM_MspInit
                0x08003080        0x2 build/debug/stm32f4xx_hal_tim.o
                0x08003080                HAL_TIM_PWM_MspInit
 .text.HAL_TIM_OC_DelayElapsedCallback
                0x08003082        0x2 build/debug/stm32f4xx_hal_tim.o
                0x08003082                HAL_TIM_OC_DelayElapsedCallback
 .text.HAL_TIM_IC_CaptureCallback
                0x08003084        0x2 build/debug/stm32f4xx_hal_tim.o
                0x08003084                HAL_TIM_IC_CaptureCallback
 .text.HAL_TIM_PWM_PulseFinishedCallback
                0x08003086        0x2 build/debug/stm32f4xx_hal_tim.o
                0x08003086                HAL_TIM_PWM_PulseFinishedCallback
 .text.HAL_TIM_TriggerCallback
                0x08003088        0x2 build/debug/stm32f4xx_hal_tim.o
                0x08003088                HAL_TIM_TriggerCallback
 .text.HAL_TIM_IRQHandler
                0x0800308a      0x15e build/debug/stm32f4xx_hal_tim.o
                0x0800308a                HAL_TIM_IRQHandler
 .text.TIM_Base_SetConfig
                0x080031e8       0xd8 build/debug/stm32f4xx_hal_tim.o
                0x080031e8                TIM_Base_SetConfig
 .text.HAL_TIM_Base_Init
                0x080032c0       0x58 build/debug/stm32f4xx_hal_tim.o
                0x080032c0                HAL_TIM_Base_Init
 .text.HAL_TIM_PWM_Init
                0x08003318       0x58 build/debug/stm32f4xx_hal_tim.o
                0x08003318                HAL_TIM_PWM_Init
 .text.TIM_OC2_SetConfig
                0x08003370       0x70 build/debug/stm32f4xx_hal_tim.o
                0x08003370                TIM_OC2_SetConfig
 .text.HAL_TIM_PWM_ConfigChannel
                0x080033e0       0xdc build/debug/stm32f4xx_hal_tim.o
                0x080033e0                HAL_TIM_PWM_ConfigChannel
 .text.TIM_TI1_SetConfig
                0x080034bc       0x7c build/debug/stm32f4xx_hal_tim.o
                0x080034bc                TIM_TI1_SetConfig
 .text.TIM_ETR_SetConfig
                0x08003538       0x1a build/debug/stm32f4xx_hal_tim.o
                0x08003538                TIM_ETR_SetConfig
 .text.HAL_TIM_ConfigClockSource
                0x08003552       0xfe build/debug/stm32f4xx_hal_tim.o
                0x08003552                HAL_TIM_ConfigClockSource
 .text.HAL_TIMEx_HallSensor_Init
                0x08003650       0xd4 build/debug/stm32f4xx_hal_tim_ex.o
                0x08003650                HAL_TIMEx_HallSensor_Init
 .text.HAL_TIMEx_MasterConfigSynchronization
                0x08003724       0x8c build/debug/stm32f4xx_hal_tim_ex.o
                0x08003724                HAL_TIMEx_MasterConfigSynchronization
 .text.HAL_TIMEx_ConfigBreakDeadTime
                0x080037b0       0x52 build/debug/stm32f4xx_hal_tim_ex.o
                0x080037b0                HAL_TIMEx_ConfigBreakDeadTime
 .text.HAL_TIMEx_CommutCallback
                0x08003802        0x2 build/debug/stm32f4xx_hal_tim_ex.o
                0x08003802                HAL_TIMEx_CommutCallback
 .text.HAL_TIMEx_BreakCallback
                0x08003804        0x2 build/debug/stm32f4xx_hal_tim_ex.o
                0x08003804                HAL_TIMEx_BreakCallback
 *fill*         0x08003806        0x2 
 .text.HAL_InitTick
                0x08003808       0xa4 build/debug/stm32f4xx_hal_timebase_tim.o
                0x08003808                HAL_InitTick
 .text.UART_EndTxTransfer
                0x080038ac       0x20 build/debug/stm32f4xx_hal_uart.o
 .text.UART_EndRxTransfer
                0x080038cc       0x5c build/debug/stm32f4xx_hal_uart.o
 .text.UART_Transmit_IT
                0x08003928       0x5e build/debug/stm32f4xx_hal_uart.o
 *fill*         0x08003986        0x2 
 .text.UART_SetConfig
                0x08003988      0x110 build/debug/stm32f4xx_hal_uart.o
 .text.HAL_UART_Init
                0x08003a98       0x60 build/debug/stm32f4xx_hal_uart.o
                0x08003a98                HAL_UART_Init
 .text.HAL_UART_Transmit_DMA
                0x08003af8       0x80 build/debug/stm32f4xx_hal_uart.o
                0x08003af8                HAL_UART_Transmit_DMA
 .text.HAL_UART_TxCpltCallback
                0x08003b78        0x2 build/debug/stm32f4xx_hal_uart.o
                0x08003b78                HAL_UART_TxCpltCallback
 .text.UART_DMATransmitCplt
                0x08003b7a       0x4c build/debug/stm32f4xx_hal_uart.o
 .text.UART_EndTransmit_IT
                0x08003bc6       0x1a build/debug/stm32f4xx_hal_uart.o
 .text.HAL_UART_TxHalfCpltCallback
                0x08003be0        0x2 build/debug/stm32f4xx_hal_uart.o
                0x08003be0                HAL_UART_TxHalfCpltCallback
 .text.UART_DMATxHalfCplt
                0x08003be2        0xa build/debug/stm32f4xx_hal_uart.o
 .text.HAL_UART_RxCpltCallback
                0x08003bec        0x2 build/debug/stm32f4xx_hal_uart.o
                0x08003bec                HAL_UART_RxCpltCallback
 .text.HAL_UART_RxHalfCpltCallback
                0x08003bee        0x2 build/debug/stm32f4xx_hal_uart.o
                0x08003bee                HAL_UART_RxHalfCpltCallback
 .text.UART_DMAError
                0x08003bf0       0x54 build/debug/stm32f4xx_hal_uart.o
 .text.UART_DMAAbortOnError
                0x08003c44       0x10 build/debug/stm32f4xx_hal_uart.o
 .text.UART_Receive_IT
                0x08003c54       0xe4 build/debug/stm32f4xx_hal_uart.o
 .text.HAL_UART_IRQHandler
                0x08003d38      0x284 build/debug/stm32f4xx_hal_uart.o
                0x08003d38                HAL_UART_IRQHandler
 .text.UART_DMARxHalfCplt
                0x08003fbc       0x1e build/debug/stm32f4xx_hal_uart.o
 .text.UART_DMAReceiveCplt
                0x08003fda       0x9a build/debug/stm32f4xx_hal_uart.o
 .text.UART_Start_Receive_DMA
                0x08004074       0xa4 build/debug/stm32f4xx_hal_uart.o
                0x08004074                UART_Start_Receive_DMA
 .text.HAL_UARTEx_ReceiveToIdle_DMA
                0x08004118       0x64 build/debug/stm32f4xx_hal_uart.o
                0x08004118                HAL_UARTEx_ReceiveToIdle_DMA
 .text.NMI_Handler
                0x0800417c        0x2 build/debug/stm32f4xx_it.o
                0x0800417c                NMI_Handler
 .text.HardFault_Handler
                0x0800417e        0x2 build/debug/stm32f4xx_it.o
                0x0800417e                HardFault_Handler
 .text.MemManage_Handler
                0x08004180        0x2 build/debug/stm32f4xx_it.o
                0x08004180                MemManage_Handler
 .text.BusFault_Handler
                0x08004182        0x2 build/debug/stm32f4xx_it.o
                0x08004182                BusFault_Handler
 .text.UsageFault_Handler
                0x08004184        0x2 build/debug/stm32f4xx_it.o
                0x08004184                UsageFault_Handler
 .text.DebugMon_Handler
                0x08004186        0x2 build/debug/stm32f4xx_it.o
                0x08004186                DebugMon_Handler
 .text.DMA1_Stream1_IRQHandler
                0x08004188       0x10 build/debug/stm32f4xx_it.o
                0x08004188                DMA1_Stream1_IRQHandler
 .text.DMA1_Stream3_IRQHandler
                0x08004198       0x10 build/debug/stm32f4xx_it.o
                0x08004198                DMA1_Stream3_IRQHandler
 .text.TIM1_BRK_TIM9_IRQHandler
                0x080041a8       0x10 build/debug/stm32f4xx_it.o
                0x080041a8                TIM1_BRK_TIM9_IRQHandler
 .text.TIM1_UP_TIM10_IRQHandler
                0x080041b8       0x10 build/debug/stm32f4xx_it.o
                0x080041b8                TIM1_UP_TIM10_IRQHandler
 .text.TIM1_CC_IRQHandler
                0x080041c8       0x10 build/debug/stm32f4xx_it.o
                0x080041c8                TIM1_CC_IRQHandler
 .text.USART3_IRQHandler
                0x080041d8       0x10 build/debug/stm32f4xx_it.o
                0x080041d8                USART3_IRQHandler
 .text.TIM6_DAC_IRQHandler
                0x080041e8       0x10 build/debug/stm32f4xx_it.o
                0x080041e8                TIM6_DAC_IRQHandler
 .text.SystemInit
                0x080041f8       0x14 build/debug/system_stm32f4xx.o
                0x080041f8                SystemInit
 .text.prvResetNextTaskUnblockTime
                0x0800420c       0x2c build/debug/tasks.o
 .text.prvInitialiseNewTask
                0x08004238       0x9c build/debug/tasks.o
 .text.prvInitialiseTaskLists
                0x080042d4       0x68 build/debug/tasks.o
 .text.prvAddNewTaskToReadyList
                0x0800433c       0xa8 build/debug/tasks.o
 .text.prvDeleteTCB
                0x080043e4       0x38 build/debug/tasks.o
 .text.prvCheckTasksWaitingTermination
                0x0800441c       0x4c build/debug/tasks.o
 .text.prvIdleTask
                0x08004468       0x28 build/debug/tasks.o
 .text.prvAddCurrentTaskToDelayedList
                0x08004490       0x98 build/debug/tasks.o
 .text.xTaskCreateStatic
                0x08004528       0x76 build/debug/tasks.o
                0x08004528                xTaskCreateStatic
 .text.xTaskCreate
                0x0800459e       0x64 build/debug/tasks.o
                0x0800459e                xTaskCreate
 *fill*         0x08004602        0x2 
 .text.vTaskStartScheduler
                0x08004604       0x74 build/debug/tasks.o
                0x08004604                vTaskStartScheduler
 .text.vTaskSuspendAll
                0x08004678       0x10 build/debug/tasks.o
                0x08004678                vTaskSuspendAll
 .text.xTaskIncrementTick
                0x08004688      0x118 build/debug/tasks.o
                0x08004688                xTaskIncrementTick
 .text.xTaskResumeAll
                0x080047a0       0xf8 build/debug/tasks.o
                0x080047a0                xTaskResumeAll
 .text.vTaskDelay
                0x08004898       0x4c build/debug/tasks.o
                0x08004898                vTaskDelay
 .text.vTaskSwitchContext
                0x080048e4       0x98 build/debug/tasks.o
                0x080048e4                vTaskSwitchContext
 .text.MX_TIM3_Init
                0x0800497c       0x5c build/debug/tim.o
                0x0800497c                MX_TIM3_Init
 .text.HAL_TIM_Base_MspInit
                0x080049d8       0x9c build/debug/tim.o
                0x080049d8                HAL_TIM_Base_MspInit
 .text.HAL_TIMEx_HallSensor_MspInit
                0x08004a74       0x94 build/debug/tim.o
                0x08004a74                HAL_TIMEx_HallSensor_MspInit
 .text.HAL_TIM_MspPostInit
                0x08004b08       0x88 build/debug/tim.o
                0x08004b08                HAL_TIM_MspPostInit
 .text.MX_TIM1_Init
                0x08004b90      0x13c build/debug/tim.o
                0x08004b90                MX_TIM1_Init
 .text.MX_USART3_UART_Init
                0x08004ccc       0x34 build/debug/usart.o
                0x08004ccc                MX_USART3_UART_Init
 .text.HAL_UART_MspInit
                0x08004d00      0x138 build/debug/usart.o
                0x08004d00                HAL_UART_MspInit
 .text.Reset_Handler
                0x08004e38       0x50 build/debug/startup_stm32f446xx.o
                0x08004e38                Reset_Handler
 .text.Default_Handler
                0x08004e88        0x2 build/debug/startup_stm32f446xx.o
                0x08004e88                RTC_Alarm_IRQHandler
                0x08004e88                EXTI2_IRQHandler
                0x08004e88                TIM8_CC_IRQHandler
                0x08004e88                FMPI2C1_EV_IRQHandler
                0x08004e88                SPI4_IRQHandler
                0x08004e88                DMA2_Stream5_IRQHandler
                0x08004e88                DMA1_Stream5_IRQHandler
                0x08004e88                PVD_IRQHandler
                0x08004e88                SDIO_IRQHandler
                0x08004e88                TAMP_STAMP_IRQHandler
                0x08004e88                CAN2_RX1_IRQHandler
                0x08004e88                EXTI3_IRQHandler
                0x08004e88                TIM8_TRG_COM_TIM14_IRQHandler
                0x08004e88                TIM8_UP_TIM13_IRQHandler
                0x08004e88                I2C3_ER_IRQHandler
                0x08004e88                EXTI0_IRQHandler
                0x08004e88                I2C2_EV_IRQHandler
                0x08004e88                DMA1_Stream2_IRQHandler
                0x08004e88                CAN1_RX0_IRQHandler
                0x08004e88                FPU_IRQHandler
                0x08004e88                OTG_HS_WKUP_IRQHandler
                0x08004e88                CAN2_SCE_IRQHandler
                0x08004e88                DMA2_Stream2_IRQHandler
                0x08004e88                SPI1_IRQHandler
                0x08004e88                DCMI_IRQHandler
                0x08004e88                CAN2_RX0_IRQHandler
                0x08004e88                DMA2_Stream3_IRQHandler
                0x08004e88                SAI2_IRQHandler
                0x08004e88                USART6_IRQHandler
                0x08004e88                CAN1_RX1_IRQHandler
                0x08004e88                UART5_IRQHandler
                0x08004e88                DMA2_Stream0_IRQHandler
                0x08004e88                TIM4_IRQHandler
                0x08004e88                QUADSPI_IRQHandler
                0x08004e88                I2C1_EV_IRQHandler
                0x08004e88                DMA1_Stream6_IRQHandler
                0x08004e88                UART4_IRQHandler
                0x08004e88                TIM3_IRQHandler
                0x08004e88                RCC_IRQHandler
                0x08004e88                TIM8_BRK_TIM12_IRQHandler
                0x08004e88                Default_Handler
                0x08004e88                CEC_IRQHandler
                0x08004e88                EXTI15_10_IRQHandler
                0x08004e88                ADC_IRQHandler
                0x08004e88                DMA1_Stream7_IRQHandler
                0x08004e88                TIM7_IRQHandler
                0x08004e88                CAN2_TX_IRQHandler
                0x08004e88                TIM5_IRQHandler
                0x08004e88                DMA2_Stream7_IRQHandler
                0x08004e88                I2C3_EV_IRQHandler
                0x08004e88                EXTI9_5_IRQHandler
                0x08004e88                RTC_WKUP_IRQHandler
                0x08004e88                SPDIF_RX_IRQHandler
                0x08004e88                SPI2_IRQHandler
                0x08004e88                OTG_HS_EP1_IN_IRQHandler
                0x08004e88                DMA1_Stream0_IRQHandler
                0x08004e88                CAN1_TX_IRQHandler
                0x08004e88                FMPI2C1_ER_IRQHandler
                0x08004e88                EXTI4_IRQHandler
                0x08004e88                OTG_HS_EP1_OUT_IRQHandler
                0x08004e88                WWDG_IRQHandler
                0x08004e88                TIM2_IRQHandler
                0x08004e88                OTG_FS_WKUP_IRQHandler
                0x08004e88                TIM1_TRG_COM_TIM11_IRQHandler
                0x08004e88                OTG_HS_IRQHandler
                0x08004e88                EXTI1_IRQHandler
                0x08004e88                USART2_IRQHandler
                0x08004e88                I2C2_ER_IRQHandler
                0x08004e88                DMA2_Stream1_IRQHandler
                0x08004e88                CAN1_SCE_IRQHandler
                0x08004e88                FLASH_IRQHandler
                0x08004e88                DMA2_Stream4_IRQHandler
                0x08004e88                USART1_IRQHandler
                0x08004e88                OTG_FS_IRQHandler
                0x08004e88                SPI3_IRQHandler
                0x08004e88                DMA1_Stream4_IRQHandler
                0x08004e88                I2C1_ER_IRQHandler
                0x08004e88                FMC_IRQHandler
                0x08004e88                DMA2_Stream6_IRQHandler
                0x08004e88                SAI1_IRQHandler
 .text.memset   0x08004e8a       0x10 C:/Users/Rick/AppData/Roaming/Code/User/globalStorage/bmd.stm32-for-vscode/@xpack-dev-tools/arm-none-eabi-gcc/14.2.1-1.1.1/.content/bin/../lib/gcc/arm-none-eabi/14.2.1/../../../../arm-none-eabi/lib/thumb/v7e-m+fp/hard\libc_nano.a(libc_a-memset.o)
                0x08004e8a                memset
 *fill*         0x08004e9a        0x2 
 .text.__libc_init_array
                0x08004e9c       0x48 C:/Users/Rick/AppData/Roaming/Code/User/globalStorage/bmd.stm32-for-vscode/@xpack-dev-tools/arm-none-eabi-gcc/14.2.1-1.1.1/.content/bin/../lib/gcc/arm-none-eabi/14.2.1/../../../../arm-none-eabi/lib/thumb/v7e-m+fp/hard\libc_nano.a(libc_a-init.o)
                0x08004e9c                __libc_init_array
 .text.memcpy   0x08004ee4       0x1c C:/Users/Rick/AppData/Roaming/Code/User/globalStorage/bmd.stm32-for-vscode/@xpack-dev-tools/arm-none-eabi-gcc/14.2.1-1.1.1/.content/bin/../lib/gcc/arm-none-eabi/14.2.1/../../../../arm-none-eabi/lib/thumb/v7e-m+fp/hard\libc_nano.a(libc_a-memcpy-stub.o)
                0x08004ee4                memcpy
 .text.__udivmoddi4
                0x08004f00      0x2f8 C:/Users/Rick/AppData/Roaming/Code/User/globalStorage/bmd.stm32-for-vscode/@xpack-dev-tools/arm-none-eabi-gcc/14.2.1-1.1.1/.content/bin/../lib/gcc/arm-none-eabi/14.2.1/thumb/v7e-m+fp/hard\libgcc.a(_udivmoddi4.o)
                0x08004f00                __udivmoddi4
 *(.glue_7)
 .glue_7        0x080051f8        0x0 linker stubs
 *(.glue_7t)
 .glue_7t       0x080051f8        0x0 linker stubs
 *(.eh_frame)
 .eh_frame      0x080051f8        0x0 C:/Users/Rick/AppData/Roaming/Code/User/globalStorage/bmd.stm32-for-vscode/@xpack-dev-tools/arm-none-eabi-gcc/14.2.1-1.1.1/.content/bin/../lib/gcc/arm-none-eabi/14.2.1/thumb/v7e-m+fp/hard/crtbegin.o
 *(.init)
 .init          0x080051f8        0x4 C:/Users/Rick/AppData/Roaming/Code/User/globalStorage/bmd.stm32-for-vscode/@xpack-dev-tools/arm-none-eabi-gcc/14.2.1-1.1.1/.content/bin/../lib/gcc/arm-none-eabi/14.2.1/thumb/v7e-m+fp/hard/crti.o
                0x080051f8                _init
 .init          0x080051fc        0x8 C:/Users/Rick/AppData/Roaming/Code/User/globalStorage/bmd.stm32-for-vscode/@xpack-dev-tools/arm-none-eabi-gcc/14.2.1-1.1.1/.content/bin/../lib/gcc/arm-none-eabi/14.2.1/thumb/v7e-m+fp/hard/crtn.o
 *(.fini)
 .fini          0x08005204        0x4 C:/Users/Rick/AppData/Roaming/Code/User/globalStorage/bmd.stm32-for-vscode/@xpack-dev-tools/arm-none-eabi-gcc/14.2.1-1.1.1/.content/bin/../lib/gcc/arm-none-eabi/14.2.1/thumb/v7e-m+fp/hard/crti.o
                0x08005204                _fini
 .fini          0x08005208        0x8 C:/Users/Rick/AppData/Roaming/Code/User/globalStorage/bmd.stm32-for-vscode/@xpack-dev-tools/arm-none-eabi-gcc/14.2.1-1.1.1/.content/bin/../lib/gcc/arm-none-eabi/14.2.1/thumb/v7e-m+fp/hard/crtn.o
                0x08005210                        . = ALIGN (0x4)
                0x08005210                        _etext = .

.vfp11_veneer   0x08005210        0x0
 .vfp11_veneer  0x08005210        0x0 linker stubs

.v4_bx          0x08005210        0x0
 .v4_bx         0x08005210        0x0 linker stubs

.iplt           0x08005210        0x0
 .iplt          0x08005210        0x0 C:/Users/Rick/AppData/Roaming/Code/User/globalStorage/bmd.stm32-for-vscode/@xpack-dev-tools/arm-none-eabi-gcc/14.2.1-1.1.1/.content/bin/../lib/gcc/arm-none-eabi/14.2.1/thumb/v7e-m+fp/hard/crtbegin.o

.rodata         0x08005210       0x60
                0x08005210                        . = ALIGN (0x4)
 *(.rodata)
 .rodata        0x08005210       0x1c build/debug/freertos.o
 *(.rodata*)
 .rodata.StartDefaultTask.str1.4
                0x0800522c       0x21 build/debug/freertos.o
                                  0xf (size before relaxing)
 .rodata.str1.4
                0x0800524d        0xc build/debug/freertos.o
 *fill*         0x0800524d        0x3 
 .rodata.flagBitshiftOffset.0
                0x08005250        0x8 build/debug/stm32f4xx_hal_dma.o
 .rodata.APBPrescTable
                0x08005258        0x8 build/debug/system_stm32f4xx.o
                0x08005258                APBPrescTable
 .rodata.AHBPrescTable
                0x08005260       0x10 build/debug/system_stm32f4xx.o
                0x08005260                AHBPrescTable
 .rodata.vTaskStartScheduler.str1.4
                0x08005270        0x5 build/debug/tasks.o
                0x08005278                        . = ALIGN (0x4)

.ARM.extab      0x08005270        0x0
                0x08005270                        . = ALIGN (0x4)
 *(.ARM.extab* .gnu.linkonce.armextab.*)
                0x08005270                        . = ALIGN (0x4)

.ARM            0x08005270        0x8
                0x08005270                        . = ALIGN (0x4)
                0x08005270                        __exidx_start = .
 *(.ARM.exidx*)
 .ARM.exidx.text.__udivmoddi4
                0x08005270        0x8 C:/Users/Rick/AppData/Roaming/Code/User/globalStorage/bmd.stm32-for-vscode/@xpack-dev-tools/arm-none-eabi-gcc/14.2.1-1.1.1/.content/bin/../lib/gcc/arm-none-eabi/14.2.1/thumb/v7e-m+fp/hard\libgcc.a(_udivmoddi4.o)
                0x08005278                        __exidx_end = .
                0x08005278                        . = ALIGN (0x4)

.preinit_array  0x08005278        0x0
                0x08005278                        . = ALIGN (0x4)
                0x08005278                        PROVIDE (__preinit_array_start = .)
 *(.preinit_array*)
                0x08005278                        PROVIDE (__preinit_array_end = .)
                0x08005278                        . = ALIGN (0x4)

.init_array     0x08005278        0x4
                0x08005278                        . = ALIGN (0x4)
                0x08005278                        PROVIDE (__init_array_start = .)
 *(SORT_BY_NAME(.init_array.*))
 *(.init_array*)
 .init_array    0x08005278        0x4 C:/Users/Rick/AppData/Roaming/Code/User/globalStorage/bmd.stm32-for-vscode/@xpack-dev-tools/arm-none-eabi-gcc/14.2.1-1.1.1/.content/bin/../lib/gcc/arm-none-eabi/14.2.1/thumb/v7e-m+fp/hard/crtbegin.o
                0x0800527c                        PROVIDE (__init_array_end = .)
                0x0800527c                        . = ALIGN (0x4)

.fini_array     0x0800527c        0x4
                0x0800527c                        . = ALIGN (0x4)
                0x0800527c                        PROVIDE (__fini_array_start = .)
 *(SORT_BY_NAME(.fini_array.*))
 *(.fini_array*)
 .fini_array    0x0800527c        0x4 C:/Users/Rick/AppData/Roaming/Code/User/globalStorage/bmd.stm32-for-vscode/@xpack-dev-tools/arm-none-eabi-gcc/14.2.1-1.1.1/.content/bin/../lib/gcc/arm-none-eabi/14.2.1/thumb/v7e-m+fp/hard/crtbegin.o
                0x08005280                        PROVIDE (__fini_array_end = .)
                0x08005280                        . = ALIGN (0x4)
                0x08005280                        _sidata = LOADADDR (.data)

.rel.dyn        0x08005280        0x0
 .rel.iplt      0x08005280        0x0 C:/Users/Rick/AppData/Roaming/Code/User/globalStorage/bmd.stm32-for-vscode/@xpack-dev-tools/arm-none-eabi-gcc/14.2.1-1.1.1/.content/bin/../lib/gcc/arm-none-eabi/14.2.1/thumb/v7e-m+fp/hard/crtbegin.o

.data           0x20000000       0x10 load address 0x08005280
                0x20000000                        . = ALIGN (0x4)
                0x20000000                        _sdata = .
 *(.data)
 *(.data*)
 .data.uxCriticalNesting
                0x20000000        0x4 build/debug/port.o
 .data.g_led_state
                0x20000004        0x1 build/debug/state.o
 .data.uwTickFreq
                0x20000005        0x1 build/debug/stm32f4xx_hal.o
                0x20000005                uwTickFreq
 *fill*         0x20000006        0x2 
 .data.uwTickPrio
                0x20000008        0x4 build/debug/stm32f4xx_hal.o
                0x20000008                uwTickPrio
 .data.SystemCoreClock
                0x2000000c        0x4 build/debug/system_stm32f4xx.o
                0x2000000c                SystemCoreClock
 *(.RamFunc)
 *(.RamFunc*)
                0x20000010                        . = ALIGN (0x4)
                0x20000010                        _edata = .

.igot.plt       0x20000010        0x0 load address 0x08005290
 .igot.plt      0x20000010        0x0 C:/Users/Rick/AppData/Roaming/Code/User/globalStorage/bmd.stm32-for-vscode/@xpack-dev-tools/arm-none-eabi-gcc/14.2.1-1.1.1/.content/bin/../lib/gcc/arm-none-eabi/14.2.1/thumb/v7e-m+fp/hard/crtbegin.o
                0x20000010                        . = ALIGN (0x4)

.bss            0x20000010     0x4560 load address 0x08005290
                0x20000010                        _sbss = .
                0x20000010                        __bss_start__ = _sbss
 *(.bss)
 *(.bss*)
 .bss.completed.1
                0x20000010        0x1 C:/Users/Rick/AppData/Roaming/Code/User/globalStorage/bmd.stm32-for-vscode/@xpack-dev-tools/arm-none-eabi-gcc/14.2.1-1.1.1/.content/bin/../lib/gcc/arm-none-eabi/14.2.1/thumb/v7e-m+fp/hard/crtbegin.o
 *fill*         0x20000011        0x3 
 .bss.object.0  0x20000014       0x18 C:/Users/Rick/AppData/Roaming/Code/User/globalStorage/bmd.stm32-for-vscode/@xpack-dev-tools/arm-none-eabi-gcc/14.2.1-1.1.1/.content/bin/../lib/gcc/arm-none-eabi/14.2.1/thumb/v7e-m+fp/hard/crtbegin.o
 .bss.hadc3     0x2000002c       0x48 build/debug/adc.o
                0x2000002c                hadc3
 .bss.hadc2     0x20000074       0x48 build/debug/adc.o
                0x20000074                hadc2
 .bss.hadc1     0x200000bc       0x48 build/debug/adc.o
                0x200000bc                hadc1
 .bss.hcan1     0x20000104       0x28 build/debug/can.o
                0x20000104                hcan1
 .bss.g_driver  0x2000012c        0x4 build/debug/controller.o
                0x2000012c                g_driver
 .bss.rx_buffer
                0x20000130      0x100 build/debug/dev_usart.o
                0x20000130                rx_buffer
 .bss.tx_buffer
                0x20000230      0x100 build/debug/dev_usart.o
                0x20000230                tx_buffer
 .bss.xIdleStack
                0x20000330      0x200 build/debug/freertos.o
 .bss.xIdleTaskTCBBuffer
                0x20000530       0x54 build/debug/freertos.o
 .bss.defaultTaskHandle
                0x20000584        0x4 build/debug/freertos.o
                0x20000584                defaultTaskHandle
 .bss.xBlockAllocatedBit
                0x20000588        0x4 build/debug/heap_4.o
 .bss.xNumberOfSuccessfulFrees
                0x2000058c        0x4 build/debug/heap_4.o
 .bss.xNumberOfSuccessfulAllocations
                0x20000590        0x4 build/debug/heap_4.o
 .bss.xMinimumEverFreeBytesRemaining
                0x20000594        0x4 build/debug/heap_4.o
 .bss.xFreeBytesRemaining
                0x20000598        0x4 build/debug/heap_4.o
 .bss.pxEnd     0x2000059c        0x4 build/debug/heap_4.o
 .bss.xStart    0x200005a0        0x8 build/debug/heap_4.o
 .bss.ucHeap    0x200005a8     0x3c00 build/debug/heap_4.o
 .bss.hi2c1     0x200041a8       0x54 build/debug/i2c.o
                0x200041a8                hi2c1
 .bss.ulMaxPRIGROUPValue
                0x200041fc        0x4 build/debug/port.o
 .bss.ucMaxSysCallPriority
                0x20004200        0x1 build/debug/port.o
 *fill*         0x20004201        0x3 
 .bss.hspi3     0x20004204       0x58 build/debug/spi.o
                0x20004204                hspi3
 .bss.dir.0     0x2000425c        0x1 build/debug/state.o
 *fill*         0x2000425d        0x3 
 .bss.uwTick    0x20004260        0x4 build/debug/stm32f4xx_hal.o
                0x20004260                uwTick
 .bss.htim6     0x20004264       0x48 build/debug/stm32f4xx_hal_timebase_tim.o
                0x20004264                htim6
 .bss.uxSchedulerSuspended
                0x200042ac        0x4 build/debug/tasks.o
 .bss.xIdleTaskHandle
                0x200042b0        0x4 build/debug/tasks.o
 .bss.xNextTaskUnblockTime
                0x200042b4        0x4 build/debug/tasks.o
 .bss.uxTaskNumber
                0x200042b8        0x4 build/debug/tasks.o
 .bss.xNumOfOverflows
                0x200042bc        0x4 build/debug/tasks.o
 .bss.xYieldPending
                0x200042c0        0x4 build/debug/tasks.o
 .bss.xPendedTicks
                0x200042c4        0x4 build/debug/tasks.o
 .bss.xSchedulerRunning
                0x200042c8        0x4 build/debug/tasks.o
 .bss.uxTopReadyPriority
                0x200042cc        0x4 build/debug/tasks.o
 .bss.xTickCount
                0x200042d0        0x4 build/debug/tasks.o
 .bss.uxCurrentNumberOfTasks
                0x200042d4        0x4 build/debug/tasks.o
 .bss.xSuspendedTaskList
                0x200042d8       0x14 build/debug/tasks.o
 .bss.uxDeletedTasksWaitingCleanUp
                0x200042ec        0x4 build/debug/tasks.o
 .bss.xTasksWaitingTermination
                0x200042f0       0x14 build/debug/tasks.o
 .bss.xPendingReadyList
                0x20004304       0x14 build/debug/tasks.o
 .bss.pxOverflowDelayedTaskList
                0x20004318        0x4 build/debug/tasks.o
 .bss.pxDelayedTaskList
                0x2000431c        0x4 build/debug/tasks.o
 .bss.xDelayedTaskList2
                0x20004320       0x14 build/debug/tasks.o
 .bss.xDelayedTaskList1
                0x20004334       0x14 build/debug/tasks.o
 .bss.pxReadyTasksLists
                0x20004348       0x8c build/debug/tasks.o
 .bss.pxCurrentTCB
                0x200043d4        0x4 build/debug/tasks.o
                0x200043d4                pxCurrentTCB
 .bss.htim3     0x200043d8       0x48 build/debug/tim.o
                0x200043d8                htim3
 .bss.htim1     0x20004420       0x48 build/debug/tim.o
                0x20004420                htim1
 .bss.hdma_usart3_rx
                0x20004468       0x60 build/debug/usart.o
                0x20004468                hdma_usart3_rx
 .bss.hdma_usart3_tx
                0x200044c8       0x60 build/debug/usart.o
                0x200044c8                hdma_usart3_tx
 .bss.huart3    0x20004528       0x48 build/debug/usart.o
                0x20004528                huart3
 *(COMMON)
                0x20004570                        . = ALIGN (0x4)
                0x20004570                        _ebss = .
                0x20004570                        __bss_end__ = _ebss

._user_heap_stack
                0x20004570      0x600 load address 0x08005290
                0x20004570                        . = ALIGN (0x8)
                [!provide]                        PROVIDE (end = .)
                0x20004570                        PROVIDE (_end = .)
                0x20004770                        . = (. + _Min_Heap_Size)
 *fill*         0x20004570      0x200 
                0x20004b70                        . = (. + _Min_Stack_Size)
 *fill*         0x20004770      0x400 
                0x20004b70                        . = ALIGN (0x8)

/DISCARD/
 libc.a(*)
 libm.a(*)
 libgcc.a(*)
OUTPUT(build/debug/CawDrive.elf elf32-littlearm)
LOAD linker stubs
LOAD C:/Users/Rick/AppData/Roaming/Code/User/globalStorage/bmd.stm32-for-vscode/@xpack-dev-tools/arm-none-eabi-gcc/14.2.1-1.1.1/.content/bin/../lib/gcc/arm-none-eabi/14.2.1/../../../../arm-none-eabi/lib/thumb/v7e-m+fp/hard\libc.a
LOAD C:/Users/Rick/AppData/Roaming/Code/User/globalStorage/bmd.stm32-for-vscode/@xpack-dev-tools/arm-none-eabi-gcc/14.2.1-1.1.1/.content/bin/../lib/gcc/arm-none-eabi/14.2.1/../../../../arm-none-eabi/lib/thumb/v7e-m+fp/hard\libm.a
LOAD C:/Users/Rick/AppData/Roaming/Code/User/globalStorage/bmd.stm32-for-vscode/@xpack-dev-tools/arm-none-eabi-gcc/14.2.1-1.1.1/.content/bin/../lib/gcc/arm-none-eabi/14.2.1/thumb/v7e-m+fp/hard\libgcc.a

.ARM.attributes
                0x00000000       0x30
 .ARM.attributes
                0x00000000       0x22 C:/Users/Rick/AppData/Roaming/Code/User/globalStorage/bmd.stm32-for-vscode/@xpack-dev-tools/arm-none-eabi-gcc/14.2.1-1.1.1/.content/bin/../lib/gcc/arm-none-eabi/14.2.1/thumb/v7e-m+fp/hard/crti.o
 .ARM.attributes
                0x00000022       0x34 C:/Users/Rick/AppData/Roaming/Code/User/globalStorage/bmd.stm32-for-vscode/@xpack-dev-tools/arm-none-eabi-gcc/14.2.1-1.1.1/.content/bin/../lib/gcc/arm-none-eabi/14.2.1/thumb/v7e-m+fp/hard/crtbegin.o
 .ARM.attributes
                0x00000056       0x34 build/debug/adc.o
 .ARM.attributes
                0x0000008a       0x34 build/debug/can.o
 .ARM.attributes
                0x000000be       0x34 build/debug/cmsis_os.o
 .ARM.attributes
                0x000000f2       0x34 build/debug/controller.o
 .ARM.attributes
                0x00000126       0x34 build/debug/dev_usart.o
 .ARM.attributes
                0x0000015a       0x34 build/debug/dma.o
 .ARM.attributes
                0x0000018e       0x34 build/debug/drv8323.o
 .ARM.attributes
                0x000001c2       0x34 build/debug/freertos.o
 .ARM.attributes
                0x000001f6       0x34 build/debug/gpio.o
 .ARM.attributes
                0x0000022a       0x34 build/debug/heap_4.o
 .ARM.attributes
                0x0000025e       0x34 build/debug/i2c.o
 .ARM.attributes
                0x00000292       0x34 build/debug/list.o
 .ARM.attributes
                0x000002c6       0x34 build/debug/main.o
 .ARM.attributes
                0x000002fa       0x34 build/debug/port.o
 .ARM.attributes
                0x0000032e       0x34 build/debug/spi.o
 .ARM.attributes
                0x00000362       0x34 build/debug/state.o
 .ARM.attributes
                0x00000396       0x34 build/debug/stm32f4xx_hal.o
 .ARM.attributes
                0x000003ca       0x34 build/debug/stm32f4xx_hal_adc.o
 .ARM.attributes
                0x000003fe       0x34 build/debug/stm32f4xx_hal_can.o
 .ARM.attributes
                0x00000432       0x34 build/debug/stm32f4xx_hal_cortex.o
 .ARM.attributes
                0x00000466       0x34 build/debug/stm32f4xx_hal_dma.o
 .ARM.attributes
                0x0000049a       0x34 build/debug/stm32f4xx_hal_gpio.o
 .ARM.attributes
                0x000004ce       0x34 build/debug/stm32f4xx_hal_i2c.o
 .ARM.attributes
                0x00000502       0x34 build/debug/stm32f4xx_hal_msp.o
 .ARM.attributes
                0x00000536       0x34 build/debug/stm32f4xx_hal_rcc.o
 .ARM.attributes
                0x0000056a       0x34 build/debug/stm32f4xx_hal_rcc_ex.o
 .ARM.attributes
                0x0000059e       0x34 build/debug/stm32f4xx_hal_spi.o
 .ARM.attributes
                0x000005d2       0x34 build/debug/stm32f4xx_hal_tim.o
 .ARM.attributes
                0x00000606       0x34 build/debug/stm32f4xx_hal_tim_ex.o
 .ARM.attributes
                0x0000063a       0x34 build/debug/stm32f4xx_hal_timebase_tim.o
 .ARM.attributes
                0x0000066e       0x34 build/debug/stm32f4xx_hal_uart.o
 .ARM.attributes
                0x000006a2       0x34 build/debug/stm32f4xx_it.o
 .ARM.attributes
                0x000006d6       0x34 build/debug/system_stm32f4xx.o
 .ARM.attributes
                0x0000070a       0x34 build/debug/tasks.o
 .ARM.attributes
                0x0000073e       0x34 build/debug/tim.o
 .ARM.attributes
                0x00000772       0x34 build/debug/usart.o
 .ARM.attributes
                0x000007a6       0x21 build/debug/startup_stm32f446xx.o
 .ARM.attributes
                0x000007c7       0x34 C:/Users/Rick/AppData/Roaming/Code/User/globalStorage/bmd.stm32-for-vscode/@xpack-dev-tools/arm-none-eabi-gcc/14.2.1-1.1.1/.content/bin/../lib/gcc/arm-none-eabi/14.2.1/../../../../arm-none-eabi/lib/thumb/v7e-m+fp/hard\libc_nano.a(libc_a-memset.o)
 .ARM.attributes
                0x000007fb       0x34 C:/Users/Rick/AppData/Roaming/Code/User/globalStorage/bmd.stm32-for-vscode/@xpack-dev-tools/arm-none-eabi-gcc/14.2.1-1.1.1/.content/bin/../lib/gcc/arm-none-eabi/14.2.1/../../../../arm-none-eabi/lib/thumb/v7e-m+fp/hard\libc_nano.a(libc_a-init.o)
 .ARM.attributes
                0x0000082f       0x34 C:/Users/Rick/AppData/Roaming/Code/User/globalStorage/bmd.stm32-for-vscode/@xpack-dev-tools/arm-none-eabi-gcc/14.2.1-1.1.1/.content/bin/../lib/gcc/arm-none-eabi/14.2.1/../../../../arm-none-eabi/lib/thumb/v7e-m+fp/hard\libc_nano.a(libc_a-memcpy-stub.o)
 .ARM.attributes
                0x00000863       0x22 C:/Users/Rick/AppData/Roaming/Code/User/globalStorage/bmd.stm32-for-vscode/@xpack-dev-tools/arm-none-eabi-gcc/14.2.1-1.1.1/.content/bin/../lib/gcc/arm-none-eabi/14.2.1/thumb/v7e-m+fp/hard\libgcc.a(_aeabi_uldivmod.o)
 .ARM.attributes
                0x00000885       0x34 C:/Users/Rick/AppData/Roaming/Code/User/globalStorage/bmd.stm32-for-vscode/@xpack-dev-tools/arm-none-eabi-gcc/14.2.1-1.1.1/.content/bin/../lib/gcc/arm-none-eabi/14.2.1/thumb/v7e-m+fp/hard\libgcc.a(_udivmoddi4.o)
 .ARM.attributes
                0x000008b9       0x22 C:/Users/Rick/AppData/Roaming/Code/User/globalStorage/bmd.stm32-for-vscode/@xpack-dev-tools/arm-none-eabi-gcc/14.2.1-1.1.1/.content/bin/../lib/gcc/arm-none-eabi/14.2.1/thumb/v7e-m+fp/hard\libgcc.a(_dvmd_tls.o)
 .ARM.attributes
                0x000008db       0x22 C:/Users/Rick/AppData/Roaming/Code/User/globalStorage/bmd.stm32-for-vscode/@xpack-dev-tools/arm-none-eabi-gcc/14.2.1-1.1.1/.content/bin/../lib/gcc/arm-none-eabi/14.2.1/thumb/v7e-m+fp/hard/crtn.o

.comment        0x00000000       0x39
 .comment       0x00000000       0x39 C:/Users/Rick/AppData/Roaming/Code/User/globalStorage/bmd.stm32-for-vscode/@xpack-dev-tools/arm-none-eabi-gcc/14.2.1-1.1.1/.content/bin/../lib/gcc/arm-none-eabi/14.2.1/thumb/v7e-m+fp/hard/crtbegin.o
                                 0x3a (size before relaxing)
 .comment       0x00000039       0x3a build/debug/adc.o
 .comment       0x00000039       0x3a build/debug/can.o
 .comment       0x00000039       0x3a build/debug/cmsis_os.o
 .comment       0x00000039       0x3a build/debug/controller.o
 .comment       0x00000039       0x3a build/debug/dev_usart.o
 .comment       0x00000039       0x3a build/debug/dma.o
 .comment       0x00000039       0x3a build/debug/drv8323.o
 .comment       0x00000039       0x3a build/debug/freertos.o
 .comment       0x00000039       0x3a build/debug/gpio.o
 .comment       0x00000039       0x3a build/debug/heap_4.o
 .comment       0x00000039       0x3a build/debug/i2c.o
 .comment       0x00000039       0x3a build/debug/list.o
 .comment       0x00000039       0x3a build/debug/main.o
 .comment       0x00000039       0x3a build/debug/port.o
 .comment       0x00000039       0x3a build/debug/spi.o
 .comment       0x00000039       0x3a build/debug/state.o
 .comment       0x00000039       0x3a build/debug/stm32f4xx_hal.o
 .comment       0x00000039       0x3a build/debug/stm32f4xx_hal_adc.o
 .comment       0x00000039       0x3a build/debug/stm32f4xx_hal_can.o
 .comment       0x00000039       0x3a build/debug/stm32f4xx_hal_cortex.o
 .comment       0x00000039       0x3a build/debug/stm32f4xx_hal_dma.o
 .comment       0x00000039       0x3a build/debug/stm32f4xx_hal_gpio.o
 .comment       0x00000039       0x3a build/debug/stm32f4xx_hal_i2c.o
 .comment       0x00000039       0x3a build/debug/stm32f4xx_hal_msp.o
 .comment       0x00000039       0x3a build/debug/stm32f4xx_hal_rcc.o
 .comment       0x00000039       0x3a build/debug/stm32f4xx_hal_rcc_ex.o
 .comment       0x00000039       0x3a build/debug/stm32f4xx_hal_spi.o
 .comment       0x00000039       0x3a build/debug/stm32f4xx_hal_tim.o
 .comment       0x00000039       0x3a build/debug/stm32f4xx_hal_tim_ex.o
 .comment       0x00000039       0x3a build/debug/stm32f4xx_hal_timebase_tim.o
 .comment       0x00000039       0x3a build/debug/stm32f4xx_hal_uart.o
 .comment       0x00000039       0x3a build/debug/stm32f4xx_it.o
 .comment       0x00000039       0x3a build/debug/system_stm32f4xx.o
 .comment       0x00000039       0x3a build/debug/tasks.o
 .comment       0x00000039       0x3a build/debug/tim.o
 .comment       0x00000039       0x3a build/debug/usart.o
 .comment       0x00000039       0x3a C:/Users/Rick/AppData/Roaming/Code/User/globalStorage/bmd.stm32-for-vscode/@xpack-dev-tools/arm-none-eabi-gcc/14.2.1-1.1.1/.content/bin/../lib/gcc/arm-none-eabi/14.2.1/../../../../arm-none-eabi/lib/thumb/v7e-m+fp/hard\libc_nano.a(libc_a-memset.o)
 .comment       0x00000039       0x3a C:/Users/Rick/AppData/Roaming/Code/User/globalStorage/bmd.stm32-for-vscode/@xpack-dev-tools/arm-none-eabi-gcc/14.2.1-1.1.1/.content/bin/../lib/gcc/arm-none-eabi/14.2.1/../../../../arm-none-eabi/lib/thumb/v7e-m+fp/hard\libc_nano.a(libc_a-init.o)
 .comment       0x00000039       0x3a C:/Users/Rick/AppData/Roaming/Code/User/globalStorage/bmd.stm32-for-vscode/@xpack-dev-tools/arm-none-eabi-gcc/14.2.1-1.1.1/.content/bin/../lib/gcc/arm-none-eabi/14.2.1/../../../../arm-none-eabi/lib/thumb/v7e-m+fp/hard\libc_nano.a(libc_a-memcpy-stub.o)
 .comment       0x00000039       0x3a C:/Users/Rick/AppData/Roaming/Code/User/globalStorage/bmd.stm32-for-vscode/@xpack-dev-tools/arm-none-eabi-gcc/14.2.1-1.1.1/.content/bin/../lib/gcc/arm-none-eabi/14.2.1/thumb/v7e-m+fp/hard\libgcc.a(_udivmoddi4.o)

.debug_info     0x00000000    0x2613f
 .debug_info    0x00000000      0xcd5 build/debug/adc.o
 .debug_info    0x00000cd5      0x8de build/debug/can.o
 .debug_info    0x000015b3     0x2434 build/debug/cmsis_os.o
 .debug_info    0x000039e7      0x897 build/debug/controller.o
 .debug_info    0x0000427e      0x7dd build/debug/dev_usart.o
 .debug_info    0x00004a5b      0x559 build/debug/dma.o
 .debug_info    0x00004fb4     0x112d build/debug/drv8323.o
 .debug_info    0x000060e1      0x52a build/debug/freertos.o
 .debug_info    0x0000660b      0x5a5 build/debug/gpio.o
 .debug_info    0x00006bb0      0x593 build/debug/heap_4.o
 .debug_info    0x00007143      0xa18 build/debug/i2c.o
 .debug_info    0x00007b5b      0x2bf build/debug/list.o
 .debug_info    0x00007e1a      0xcdb build/debug/main.o
 .debug_info    0x00008af5      0x55a build/debug/port.o
 .debug_info    0x0000904f      0x9db build/debug/spi.o
 .debug_info    0x00009a2a      0x31f build/debug/state.o
 .debug_info    0x00009d49      0xa38 build/debug/stm32f4xx_hal.o
 .debug_info    0x0000a781      0xe82 build/debug/stm32f4xx_hal_adc.o
 .debug_info    0x0000b603     0x11f2 build/debug/stm32f4xx_hal_can.o
 .debug_info    0x0000c7f5     0x1013 build/debug/stm32f4xx_hal_cortex.o
 .debug_info    0x0000d808      0xad9 build/debug/stm32f4xx_hal_dma.o
 .debug_info    0x0000e2e1      0x74c build/debug/stm32f4xx_hal_gpio.o
 .debug_info    0x0000ea2d     0x3811 build/debug/stm32f4xx_hal_i2c.o
 .debug_info    0x0001223e      0x51f build/debug/stm32f4xx_hal_msp.o
 .debug_info    0x0001275d      0xaa9 build/debug/stm32f4xx_hal_rcc.o
 .debug_info    0x00013206      0xc4f build/debug/stm32f4xx_hal_rcc_ex.o
 .debug_info    0x00013e55     0x1ccc build/debug/stm32f4xx_hal_spi.o
 .debug_info    0x00015b21     0x3c53 build/debug/stm32f4xx_hal_tim.o
 .debug_info    0x00019774     0x1ade build/debug/stm32f4xx_hal_tim_ex.o
 .debug_info    0x0001b252      0xce6 build/debug/stm32f4xx_hal_timebase_tim.o
 .debug_info    0x0001bf38     0x4000 build/debug/stm32f4xx_hal_uart.o
 .debug_info    0x0001ff38      0xa37 build/debug/stm32f4xx_it.o
 .debug_info    0x0002096f      0x55f build/debug/system_stm32f4xx.o
 .debug_info    0x00020ece     0x287c build/debug/tasks.o
 .debug_info    0x0002374a     0x14eb build/debug/tim.o
 .debug_info    0x00024c35      0xd77 build/debug/usart.o
 .debug_info    0x000259ac       0x30 build/debug/startup_stm32f446xx.o
 .debug_info    0x000259dc       0x24 C:/Users/Rick/AppData/Roaming/Code/User/globalStorage/bmd.stm32-for-vscode/@xpack-dev-tools/arm-none-eabi-gcc/14.2.1-1.1.1/.content/bin/../lib/gcc/arm-none-eabi/14.2.1/thumb/v7e-m+fp/hard\libgcc.a(_aeabi_uldivmod.o)
 .debug_info    0x00025a00      0x703 C:/Users/Rick/AppData/Roaming/Code/User/globalStorage/bmd.stm32-for-vscode/@xpack-dev-tools/arm-none-eabi-gcc/14.2.1-1.1.1/.content/bin/../lib/gcc/arm-none-eabi/14.2.1/thumb/v7e-m+fp/hard\libgcc.a(_udivmoddi4.o)
 .debug_info    0x00026103       0x3c C:/Users/Rick/AppData/Roaming/Code/User/globalStorage/bmd.stm32-for-vscode/@xpack-dev-tools/arm-none-eabi-gcc/14.2.1-1.1.1/.content/bin/../lib/gcc/arm-none-eabi/14.2.1/thumb/v7e-m+fp/hard\libgcc.a(_dvmd_tls.o)

.debug_abbrev   0x00000000     0x52d7
 .debug_abbrev  0x00000000      0x243 build/debug/adc.o
 .debug_abbrev  0x00000243      0x21e build/debug/can.o
 .debug_abbrev  0x00000461      0x3f1 build/debug/cmsis_os.o
 .debug_abbrev  0x00000852      0x19c build/debug/controller.o
 .debug_abbrev  0x000009ee      0x235 build/debug/dev_usart.o
 .debug_abbrev  0x00000c23      0x12b build/debug/dma.o
 .debug_abbrev  0x00000d4e      0x25b build/debug/drv8323.o
 .debug_abbrev  0x00000fa9      0x1b2 build/debug/freertos.o
 .debug_abbrev  0x0000115b      0x164 build/debug/gpio.o
 .debug_abbrev  0x000012bf      0x263 build/debug/heap_4.o
 .debug_abbrev  0x00001522      0x20f build/debug/i2c.o
 .debug_abbrev  0x00001731      0x10a build/debug/list.o
 .debug_abbrev  0x0000183b      0x24e build/debug/main.o
 .debug_abbrev  0x00001a89      0x293 build/debug/port.o
 .debug_abbrev  0x00001d1c      0x218 build/debug/spi.o
 .debug_abbrev  0x00001f34      0x192 build/debug/state.o
 .debug_abbrev  0x000020c6      0x240 build/debug/stm32f4xx_hal.o
 .debug_abbrev  0x00002306      0x278 build/debug/stm32f4xx_hal_adc.o
 .debug_abbrev  0x0000257e      0x27d build/debug/stm32f4xx_hal_can.o
 .debug_abbrev  0x000027fb      0x391 build/debug/stm32f4xx_hal_cortex.o
 .debug_abbrev  0x00002b8c      0x2c0 build/debug/stm32f4xx_hal_dma.o
 .debug_abbrev  0x00002e4c      0x202 build/debug/stm32f4xx_hal_gpio.o
 .debug_abbrev  0x0000304e      0x2c3 build/debug/stm32f4xx_hal_i2c.o
 .debug_abbrev  0x00003311      0x120 build/debug/stm32f4xx_hal_msp.o
 .debug_abbrev  0x00003431      0x2c7 build/debug/stm32f4xx_hal_rcc.o
 .debug_abbrev  0x000036f8      0x24f build/debug/stm32f4xx_hal_rcc_ex.o
 .debug_abbrev  0x00003947      0x272 build/debug/stm32f4xx_hal_spi.o
 .debug_abbrev  0x00003bb9      0x271 build/debug/stm32f4xx_hal_tim.o
 .debug_abbrev  0x00003e2a      0x26f build/debug/stm32f4xx_hal_tim_ex.o
 .debug_abbrev  0x00004099      0x232 build/debug/stm32f4xx_hal_timebase_tim.o
 .debug_abbrev  0x000042cb      0x32f build/debug/stm32f4xx_hal_uart.o
 .debug_abbrev  0x000045fa      0x191 build/debug/stm32f4xx_it.o
 .debug_abbrev  0x0000478b      0x11e build/debug/system_stm32f4xx.o
 .debug_abbrev  0x000048a9      0x38d build/debug/tasks.o
 .debug_abbrev  0x00004c36      0x28d build/debug/tim.o
 .debug_abbrev  0x00004ec3      0x24c build/debug/usart.o
 .debug_abbrev  0x0000510f       0x24 build/debug/startup_stm32f446xx.o
 .debug_abbrev  0x00005133       0x14 C:/Users/Rick/AppData/Roaming/Code/User/globalStorage/bmd.stm32-for-vscode/@xpack-dev-tools/arm-none-eabi-gcc/14.2.1-1.1.1/.content/bin/../lib/gcc/arm-none-eabi/14.2.1/thumb/v7e-m+fp/hard\libgcc.a(_aeabi_uldivmod.o)
 .debug_abbrev  0x00005147      0x16a C:/Users/Rick/AppData/Roaming/Code/User/globalStorage/bmd.stm32-for-vscode/@xpack-dev-tools/arm-none-eabi-gcc/14.2.1-1.1.1/.content/bin/../lib/gcc/arm-none-eabi/14.2.1/thumb/v7e-m+fp/hard\libgcc.a(_udivmoddi4.o)
 .debug_abbrev  0x000052b1       0x26 C:/Users/Rick/AppData/Roaming/Code/User/globalStorage/bmd.stm32-for-vscode/@xpack-dev-tools/arm-none-eabi-gcc/14.2.1-1.1.1/.content/bin/../lib/gcc/arm-none-eabi/14.2.1/thumb/v7e-m+fp/hard\libgcc.a(_dvmd_tls.o)

.debug_loclists
                0x00000000    0x12cf8
 .debug_loclists
                0x00000000       0xda build/debug/adc.o
 .debug_loclists
                0x000000da       0x74 build/debug/can.o
 .debug_loclists
                0x0000014e      0xcda build/debug/cmsis_os.o
 .debug_loclists
                0x00000e28       0x86 build/debug/dev_usart.o
 .debug_loclists
                0x00000eae      0x633 build/debug/drv8323.o
 .debug_loclists
                0x000014e1       0x29 build/debug/freertos.o
 .debug_loclists
                0x0000150a      0x2b7 build/debug/heap_4.o
 .debug_loclists
                0x000017c1       0x5d build/debug/i2c.o
 .debug_loclists
                0x0000181e       0x75 build/debug/list.o
 .debug_loclists
                0x00001893       0x40 build/debug/main.o
 .debug_loclists
                0x000018d3       0xc1 build/debug/port.o
 .debug_loclists
                0x00001994       0x74 build/debug/spi.o
 .debug_loclists
                0x00001a08       0x2e build/debug/state.o
 .debug_loclists
                0x00001a36       0xe1 build/debug/stm32f4xx_hal.o
 .debug_loclists
                0x00001b17      0x911 build/debug/stm32f4xx_hal_adc.o
 .debug_loclists
                0x00002428      0xa57 build/debug/stm32f4xx_hal_can.o
 .debug_loclists
                0x00002e7f      0x54d build/debug/stm32f4xx_hal_cortex.o
 .debug_loclists
                0x000033cc      0x88a build/debug/stm32f4xx_hal_dma.o
 .debug_loclists
                0x00003c56      0x386 build/debug/stm32f4xx_hal_gpio.o
 .debug_loclists
                0x00003fdc     0x3174 build/debug/stm32f4xx_hal_i2c.o
 .debug_loclists
                0x00007150      0x3ef build/debug/stm32f4xx_hal_rcc.o
 .debug_loclists
                0x0000753f      0x99a build/debug/stm32f4xx_hal_rcc_ex.o
 .debug_loclists
                0x00007ed9     0x14c2 build/debug/stm32f4xx_hal_spi.o
 .debug_loclists
                0x0000939b     0x37cb build/debug/stm32f4xx_hal_tim.o
 .debug_loclists
                0x0000cb66     0x1402 build/debug/stm32f4xx_hal_tim_ex.o
 .debug_loclists
                0x0000df68       0xa7 build/debug/stm32f4xx_hal_timebase_tim.o
 .debug_loclists
                0x0000e00f     0x2cd8 build/debug/stm32f4xx_hal_uart.o
 .debug_loclists
                0x00010ce7       0xe7 build/debug/system_stm32f4xx.o
 .debug_loclists
                0x00010dce     0x12a4 build/debug/tasks.o
 .debug_loclists
                0x00012072      0x113 build/debug/tim.o
 .debug_loclists
                0x00012185       0x5e build/debug/usart.o
 .debug_loclists
                0x000121e3      0xb15 C:/Users/Rick/AppData/Roaming/Code/User/globalStorage/bmd.stm32-for-vscode/@xpack-dev-tools/arm-none-eabi-gcc/14.2.1-1.1.1/.content/bin/../lib/gcc/arm-none-eabi/14.2.1/thumb/v7e-m+fp/hard\libgcc.a(_udivmoddi4.o)

.debug_aranges  0x00000000     0x1ae0
 .debug_aranges
                0x00000000       0x40 build/debug/adc.o
 .debug_aranges
                0x00000040       0x30 build/debug/can.o
 .debug_aranges
                0x00000070      0x1d8 build/debug/cmsis_os.o
 .debug_aranges
                0x00000248       0x20 build/debug/controller.o
 .debug_aranges
                0x00000268       0x38 build/debug/dev_usart.o
 .debug_aranges
                0x000002a0       0x20 build/debug/dma.o
 .debug_aranges
                0x000002c0       0x98 build/debug/drv8323.o
 .debug_aranges
                0x00000358       0x30 build/debug/freertos.o
 .debug_aranges
                0x00000388       0x20 build/debug/gpio.o
 .debug_aranges
                0x000003a8       0x58 build/debug/heap_4.o
 .debug_aranges
                0x00000400       0x30 build/debug/i2c.o
 .debug_aranges
                0x00000430       0x40 build/debug/list.o
 .debug_aranges
                0x00000470       0x38 build/debug/main.o
 .debug_aranges
                0x000004a8       0x80 build/debug/port.o
 .debug_aranges
                0x00000528       0x30 build/debug/spi.o
 .debug_aranges
                0x00000558       0x28 build/debug/state.o
 .debug_aranges
                0x00000580       0xf0 build/debug/stm32f4xx_hal.o
 .debug_aranges
                0x00000670       0xe8 build/debug/stm32f4xx_hal_adc.o
 .debug_aranges
                0x00000758      0x138 build/debug/stm32f4xx_hal_can.o
 .debug_aranges
                0x00000890       0xf8 build/debug/stm32f4xx_hal_cortex.o
 .debug_aranges
                0x00000988       0x90 build/debug/stm32f4xx_hal_dma.o
 .debug_aranges
                0x00000a18       0x58 build/debug/stm32f4xx_hal_gpio.o
 .debug_aranges
                0x00000a70      0x2a8 build/debug/stm32f4xx_hal_i2c.o
 .debug_aranges
                0x00000d18       0x20 build/debug/stm32f4xx_hal_msp.o
 .debug_aranges
                0x00000d38       0x88 build/debug/stm32f4xx_hal_rcc.o
 .debug_aranges
                0x00000dc0       0x78 build/debug/stm32f4xx_hal_rcc_ex.o
 .debug_aranges
                0x00000e38      0x1d0 build/debug/stm32f4xx_hal_spi.o
 .debug_aranges
                0x00001008      0x3d0 build/debug/stm32f4xx_hal_tim.o
 .debug_aranges
                0x000013d8      0x168 build/debug/stm32f4xx_hal_tim_ex.o
 .debug_aranges
                0x00001540       0x30 build/debug/stm32f4xx_hal_timebase_tim.o
 .debug_aranges
                0x00001570      0x208 build/debug/stm32f4xx_hal_uart.o
 .debug_aranges
                0x00001778       0x80 build/debug/stm32f4xx_it.o
 .debug_aranges
                0x000017f8       0x28 build/debug/system_stm32f4xx.o
 .debug_aranges
                0x00001820      0x1b8 build/debug/tasks.o
 .debug_aranges
                0x000019d8       0x50 build/debug/tim.o
 .debug_aranges
                0x00001a28       0x30 build/debug/usart.o
 .debug_aranges
                0x00001a58       0x28 build/debug/startup_stm32f446xx.o
 .debug_aranges
                0x00001a80       0x20 C:/Users/Rick/AppData/Roaming/Code/User/globalStorage/bmd.stm32-for-vscode/@xpack-dev-tools/arm-none-eabi-gcc/14.2.1-1.1.1/.content/bin/../lib/gcc/arm-none-eabi/14.2.1/thumb/v7e-m+fp/hard\libgcc.a(_aeabi_uldivmod.o)
 .debug_aranges
                0x00001aa0       0x20 C:/Users/Rick/AppData/Roaming/Code/User/globalStorage/bmd.stm32-for-vscode/@xpack-dev-tools/arm-none-eabi-gcc/14.2.1-1.1.1/.content/bin/../lib/gcc/arm-none-eabi/14.2.1/thumb/v7e-m+fp/hard\libgcc.a(_udivmoddi4.o)
 .debug_aranges
                0x00001ac0       0x20 C:/Users/Rick/AppData/Roaming/Code/User/globalStorage/bmd.stm32-for-vscode/@xpack-dev-tools/arm-none-eabi-gcc/14.2.1-1.1.1/.content/bin/../lib/gcc/arm-none-eabi/14.2.1/thumb/v7e-m+fp/hard\libgcc.a(_dvmd_tls.o)

.debug_rnglists
                0x00000000     0x1562
 .debug_rnglists
                0x00000000       0x2d build/debug/adc.o
 .debug_rnglists
                0x0000002d       0x1f build/debug/can.o
 .debug_rnglists
                0x0000004c      0x15f build/debug/cmsis_os.o
 .debug_rnglists
                0x000001ab       0x14 build/debug/controller.o
 .debug_rnglists
                0x000001bf       0x25 build/debug/dev_usart.o
 .debug_rnglists
                0x000001e4       0x13 build/debug/dma.o
 .debug_rnglists
                0x000001f7       0x6d build/debug/drv8323.o
 .debug_rnglists
                0x00000264       0x1f build/debug/freertos.o
 .debug_rnglists
                0x00000283       0x14 build/debug/gpio.o
 .debug_rnglists
                0x00000297       0x3f build/debug/heap_4.o
 .debug_rnglists
                0x000002d6       0x1f build/debug/i2c.o
 .debug_rnglists
                0x000002f5       0x2b build/debug/list.o
 .debug_rnglists
                0x00000320       0x26 build/debug/main.o
 .debug_rnglists
                0x00000346       0x69 build/debug/port.o
 .debug_rnglists
                0x000003af       0x1f build/debug/spi.o
 .debug_rnglists
                0x000003ce       0x25 build/debug/state.o
 .debug_rnglists
                0x000003f3       0xaf build/debug/stm32f4xx_hal.o
 .debug_rnglists
                0x000004a2       0xb0 build/debug/stm32f4xx_hal_adc.o
 .debug_rnglists
                0x00000552       0xf6 build/debug/stm32f4xx_hal_can.o
 .debug_rnglists
                0x00000648       0xb5 build/debug/stm32f4xx_hal_cortex.o
 .debug_rnglists
                0x000006fd       0x6c build/debug/stm32f4xx_hal_dma.o
 .debug_rnglists
                0x00000769       0x3f build/debug/stm32f4xx_hal_gpio.o
 .debug_rnglists
                0x000007a8      0x236 build/debug/stm32f4xx_hal_i2c.o
 .debug_rnglists
                0x000009de       0x13 build/debug/stm32f4xx_hal_msp.o
 .debug_rnglists
                0x000009f1       0x75 build/debug/stm32f4xx_hal_rcc.o
 .debug_rnglists
                0x00000a66       0x6b build/debug/stm32f4xx_hal_rcc_ex.o
 .debug_rnglists
                0x00000ad1      0x16a build/debug/stm32f4xx_hal_spi.o
 .debug_rnglists
                0x00000c3b      0x302 build/debug/stm32f4xx_hal_tim.o
 .debug_rnglists
                0x00000f3d      0x11b build/debug/stm32f4xx_hal_tim_ex.o
 .debug_rnglists
                0x00001058       0x20 build/debug/stm32f4xx_hal_timebase_tim.o
 .debug_rnglists
                0x00001078      0x1a1 build/debug/stm32f4xx_hal_uart.o
 .debug_rnglists
                0x00001219       0x5b build/debug/stm32f4xx_it.o
 .debug_rnglists
                0x00001274       0x1a build/debug/system_stm32f4xx.o
 .debug_rnglists
                0x0000128e      0x1c7 build/debug/tasks.o
 .debug_rnglists
                0x00001455       0x3b build/debug/tim.o
 .debug_rnglists
                0x00001490       0x20 build/debug/usart.o
 .debug_rnglists
                0x000014b0       0x19 build/debug/startup_stm32f446xx.o
 .debug_rnglists
                0x000014c9       0x99 C:/Users/Rick/AppData/Roaming/Code/User/globalStorage/bmd.stm32-for-vscode/@xpack-dev-tools/arm-none-eabi-gcc/14.2.1-1.1.1/.content/bin/../lib/gcc/arm-none-eabi/14.2.1/thumb/v7e-m+fp/hard\libgcc.a(_udivmoddi4.o)

.debug_line     0x00000000    0x20e4c
 .debug_line    0x00000000      0x5f1 build/debug/adc.o
 .debug_line    0x000005f1      0x37e build/debug/can.o
 .debug_line    0x0000096f     0x1463 build/debug/cmsis_os.o
 .debug_line    0x00001dd2      0x2a9 build/debug/controller.o
 .debug_line    0x0000207b      0x3a7 build/debug/dev_usart.o
 .debug_line    0x00002422      0x227 build/debug/dma.o
 .debug_line    0x00002649      0x503 build/debug/drv8323.o
 .debug_line    0x00002b4c      0x31f build/debug/freertos.o
 .debug_line    0x00002e6b      0x30d build/debug/gpio.o
 .debug_line    0x00003178      0x7fc build/debug/heap_4.o
 .debug_line    0x00003974      0x370 build/debug/i2c.o
 .debug_line    0x00003ce4      0x3fb build/debug/list.o
 .debug_line    0x000040df      0x49f build/debug/main.o
 .debug_line    0x0000457e      0x6c8 build/debug/port.o
 .debug_line    0x00004c46      0x386 build/debug/spi.o
 .debug_line    0x00004fcc      0x2d6 build/debug/state.o
 .debug_line    0x000052a2      0x60d build/debug/stm32f4xx_hal.o
 .debug_line    0x000058af     0x1142 build/debug/stm32f4xx_hal_adc.o
 .debug_line    0x000069f1     0x11f2 build/debug/stm32f4xx_hal_can.o
 .debug_line    0x00007be3      0x8d0 build/debug/stm32f4xx_hal_cortex.o
 .debug_line    0x000084b3      0xec6 build/debug/stm32f4xx_hal_dma.o
 .debug_line    0x00009379      0x787 build/debug/stm32f4xx_hal_gpio.o
 .debug_line    0x00009b00     0x5485 build/debug/stm32f4xx_hal_i2c.o
 .debug_line    0x0000ef85      0x238 build/debug/stm32f4xx_hal_msp.o
 .debug_line    0x0000f1bd      0xc69 build/debug/stm32f4xx_hal_rcc.o
 .debug_line    0x0000fe26     0x150c build/debug/stm32f4xx_hal_rcc_ex.o
 .debug_line    0x00011332     0x24cd build/debug/stm32f4xx_hal_spi.o
 .debug_line    0x000137ff     0x47ca build/debug/stm32f4xx_hal_tim.o
 .debug_line    0x00017fc9     0x1aed build/debug/stm32f4xx_hal_tim_ex.o
 .debug_line    0x00019ab6      0x38f build/debug/stm32f4xx_hal_timebase_tim.o
 .debug_line    0x00019e45     0x354e build/debug/stm32f4xx_hal_uart.o
 .debug_line    0x0001d393      0x393 build/debug/stm32f4xx_it.o
 .debug_line    0x0001d726      0x2f3 build/debug/system_stm32f4xx.o
 .debug_line    0x0001da19     0x21b6 build/debug/tasks.o
 .debug_line    0x0001fbcf      0x6c1 build/debug/tim.o
 .debug_line    0x00020290      0x489 build/debug/usart.o
 .debug_line    0x00020719       0x76 build/debug/startup_stm32f446xx.o
 .debug_line    0x0002078f       0x4e C:/Users/Rick/AppData/Roaming/Code/User/globalStorage/bmd.stm32-for-vscode/@xpack-dev-tools/arm-none-eabi-gcc/14.2.1-1.1.1/.content/bin/../lib/gcc/arm-none-eabi/14.2.1/thumb/v7e-m+fp/hard\libgcc.a(_aeabi_uldivmod.o)
 .debug_line    0x000207dd      0x625 C:/Users/Rick/AppData/Roaming/Code/User/globalStorage/bmd.stm32-for-vscode/@xpack-dev-tools/arm-none-eabi-gcc/14.2.1-1.1.1/.content/bin/../lib/gcc/arm-none-eabi/14.2.1/thumb/v7e-m+fp/hard\libgcc.a(_udivmoddi4.o)
 .debug_line    0x00020e02       0x4a C:/Users/Rick/AppData/Roaming/Code/User/globalStorage/bmd.stm32-for-vscode/@xpack-dev-tools/arm-none-eabi-gcc/14.2.1-1.1.1/.content/bin/../lib/gcc/arm-none-eabi/14.2.1/thumb/v7e-m+fp/hard\libgcc.a(_dvmd_tls.o)

.debug_str      0x00000000     0x874c
 .debug_str     0x00000000     0x874c build/debug/adc.o
                                0x81d (size before relaxing)
 .debug_str     0x0000874c      0x633 build/debug/can.o
 .debug_str     0x0000874c     0x106a build/debug/cmsis_os.o
 .debug_str     0x0000874c      0x688 build/debug/controller.o
 .debug_str     0x0000874c      0x72c build/debug/dev_usart.o
 .debug_str     0x0000874c      0x818 build/debug/dma.o
 .debug_str     0x0000874c      0x8ed build/debug/drv8323.o
 .debug_str     0x0000874c      0x5a1 build/debug/freertos.o
 .debug_str     0x0000874c      0x396 build/debug/gpio.o
 .debug_str     0x0000874c      0x500 build/debug/heap_4.o
 .debug_str     0x0000874c      0x8b9 build/debug/i2c.o
 .debug_str     0x0000874c      0x2e7 build/debug/list.o
 .debug_str     0x0000874c      0xb90 build/debug/main.o
 .debug_str     0x0000874c      0x463 build/debug/port.o
 .debug_str     0x0000874c      0x811 build/debug/spi.o
 .debug_str     0x0000874c      0x29b build/debug/state.o
 .debug_str     0x0000874c      0xbaf build/debug/stm32f4xx_hal.o
 .debug_str     0x0000874c      0x947 build/debug/stm32f4xx_hal_adc.o
 .debug_str     0x0000874c      0xa1a build/debug/stm32f4xx_hal_can.o
 .debug_str     0x0000874c      0xc9b build/debug/stm32f4xx_hal_cortex.o
 .debug_str     0x0000874c      0x75b build/debug/stm32f4xx_hal_dma.o
 .debug_str     0x0000874c      0x4ea build/debug/stm32f4xx_hal_gpio.o
 .debug_str     0x0000874c     0x1027 build/debug/stm32f4xx_hal_i2c.o
 .debug_str     0x0000874c      0x813 build/debug/stm32f4xx_hal_msp.o
 .debug_str     0x0000874c      0x715 build/debug/stm32f4xx_hal_rcc.o
 .debug_str     0x0000874c      0x7fc build/debug/stm32f4xx_hal_rcc_ex.o
 .debug_str     0x0000874c      0xbd9 build/debug/stm32f4xx_hal_spi.o
 .debug_str     0x0000874c     0x16e4 build/debug/stm32f4xx_hal_tim.o
 .debug_str     0x0000874c      0xef0 build/debug/stm32f4xx_hal_tim_ex.o
 .debug_str     0x0000874c      0xeb7 build/debug/stm32f4xx_hal_timebase_tim.o
 .debug_str     0x0000874c      0xd80 build/debug/stm32f4xx_hal_uart.o
 .debug_str     0x0000874c      0xa3b build/debug/stm32f4xx_it.o
 .debug_str     0x0000874c      0x37f build/debug/system_stm32f4xx.o
 .debug_str     0x0000874c     0x1000 build/debug/tasks.o
 .debug_str     0x0000874c     0x11d5 build/debug/tim.o
 .debug_str     0x0000874c      0xdef build/debug/usart.o
 .debug_str     0x0000874c       0x63 build/debug/startup_stm32f446xx.o
 .debug_str     0x0000874c      0x13a C:/Users/Rick/AppData/Roaming/Code/User/globalStorage/bmd.stm32-for-vscode/@xpack-dev-tools/arm-none-eabi-gcc/14.2.1-1.1.1/.content/bin/../lib/gcc/arm-none-eabi/14.2.1/thumb/v7e-m+fp/hard\libgcc.a(_aeabi_uldivmod.o)
 .debug_str     0x0000874c      0x753 C:/Users/Rick/AppData/Roaming/Code/User/globalStorage/bmd.stm32-for-vscode/@xpack-dev-tools/arm-none-eabi-gcc/14.2.1-1.1.1/.content/bin/../lib/gcc/arm-none-eabi/14.2.1/thumb/v7e-m+fp/hard\libgcc.a(_udivmoddi4.o)
 .debug_str     0x0000874c      0x15a C:/Users/Rick/AppData/Roaming/Code/User/globalStorage/bmd.stm32-for-vscode/@xpack-dev-tools/arm-none-eabi-gcc/14.2.1-1.1.1/.content/bin/../lib/gcc/arm-none-eabi/14.2.1/thumb/v7e-m+fp/hard\libgcc.a(_dvmd_tls.o)

.debug_frame    0x00000000     0x491c
 .debug_frame   0x00000000       0xb0 build/debug/adc.o
 .debug_frame   0x000000b0       0x60 build/debug/can.o
 .debug_frame   0x00000110      0x58c build/debug/cmsis_os.o
 .debug_frame   0x0000069c       0x34 build/debug/controller.o
 .debug_frame   0x000006d0       0x78 build/debug/dev_usart.o
 .debug_frame   0x00000748       0x30 build/debug/dma.o
 .debug_frame   0x00000778      0x188 build/debug/drv8323.o
 .debug_frame   0x00000900       0x58 build/debug/freertos.o
 .debug_frame   0x00000958       0x3c build/debug/gpio.o
 .debug_frame   0x00000994       0xd0 build/debug/heap_4.o
 .debug_frame   0x00000a64       0x64 build/debug/i2c.o
 .debug_frame   0x00000ac8       0x70 build/debug/list.o
 .debug_frame   0x00000b38       0x74 build/debug/main.o
 .debug_frame   0x00000bac      0x110 build/debug/port.o
 .debug_frame   0x00000cbc       0x60 build/debug/spi.o
 .debug_frame   0x00000d1c       0x40 build/debug/state.o
 .debug_frame   0x00000d5c      0x1ec build/debug/stm32f4xx_hal.o
 .debug_frame   0x00000f48      0x268 build/debug/stm32f4xx_hal_adc.o
 .debug_frame   0x000011b0      0x2d8 build/debug/stm32f4xx_hal_can.o
 .debug_frame   0x00001488      0x214 build/debug/stm32f4xx_hal_cortex.o
 .debug_frame   0x0000169c      0x188 build/debug/stm32f4xx_hal_dma.o
 .debug_frame   0x00001824       0xd8 build/debug/stm32f4xx_hal_gpio.o
 .debug_frame   0x000018fc      0x988 build/debug/stm32f4xx_hal_i2c.o
 .debug_frame   0x00002284       0x2c build/debug/stm32f4xx_hal_msp.o
 .debug_frame   0x000022b0      0x16c build/debug/stm32f4xx_hal_rcc.o
 .debug_frame   0x0000241c      0x14c build/debug/stm32f4xx_hal_rcc_ex.o
 .debug_frame   0x00002568      0x5c0 build/debug/stm32f4xx_hal_spi.o
 .debug_frame   0x00002b28      0xb10 build/debug/stm32f4xx_hal_tim.o
 .debug_frame   0x00003638      0x418 build/debug/stm32f4xx_hal_tim_ex.o
 .debug_frame   0x00003a50       0x54 build/debug/stm32f4xx_hal_timebase_tim.o
 .debug_frame   0x00003aa4      0x5dc build/debug/stm32f4xx_hal_uart.o
 .debug_frame   0x00004080      0x118 build/debug/stm32f4xx_it.o
 .debug_frame   0x00004198       0x30 build/debug/system_stm32f4xx.o
 .debug_frame   0x000041c8      0x598 build/debug/tasks.o
 .debug_frame   0x00004760       0xf0 build/debug/tim.o
 .debug_frame   0x00004850       0x6c build/debug/usart.o
 .debug_frame   0x000048bc       0x2c C:/Users/Rick/AppData/Roaming/Code/User/globalStorage/bmd.stm32-for-vscode/@xpack-dev-tools/arm-none-eabi-gcc/14.2.1-1.1.1/.content/bin/../lib/gcc/arm-none-eabi/14.2.1/thumb/v7e-m+fp/hard\libgcc.a(_aeabi_uldivmod.o)
 .debug_frame   0x000048e8       0x34 C:/Users/Rick/AppData/Roaming/Code/User/globalStorage/bmd.stm32-for-vscode/@xpack-dev-tools/arm-none-eabi-gcc/14.2.1-1.1.1/.content/bin/../lib/gcc/arm-none-eabi/14.2.1/thumb/v7e-m+fp/hard\libgcc.a(_udivmoddi4.o)

.debug_line_str
                0x00000000      0x17f
 .debug_line_str
                0x00000000      0x17f build/debug/startup_stm32f446xx.o
                                 0x47 (size before relaxing)
 .debug_line_str
                0x0000017f      0x12c C:/Users/Rick/AppData/Roaming/Code/User/globalStorage/bmd.stm32-for-vscode/@xpack-dev-tools/arm-none-eabi-gcc/14.2.1-1.1.1/.content/bin/../lib/gcc/arm-none-eabi/14.2.1/thumb/v7e-m+fp/hard\libgcc.a(_aeabi_uldivmod.o)
 .debug_line_str
                0x0000017f      0x130 C:/Users/Rick/AppData/Roaming/Code/User/globalStorage/bmd.stm32-for-vscode/@xpack-dev-tools/arm-none-eabi-gcc/14.2.1-1.1.1/.content/bin/../lib/gcc/arm-none-eabi/14.2.1/thumb/v7e-m+fp/hard\libgcc.a(_dvmd_tls.o)

Cross Reference Table

Symbol                                            File
ADC_IRQHandler                                    build/debug/startup_stm32f446xx.o
AHBPrescTable                                     build/debug/system_stm32f4xx.o
                                                  build/debug/stm32f4xx_hal_rcc.o
APBPrescTable                                     build/debug/system_stm32f4xx.o
                                                  build/debug/stm32f4xx_hal_rcc.o
BusFault_Handler                                  build/debug/stm32f4xx_it.o
CAN1_RX0_IRQHandler                               build/debug/startup_stm32f446xx.o
CAN1_RX1_IRQHandler                               build/debug/startup_stm32f446xx.o
CAN1_SCE_IRQHandler                               build/debug/startup_stm32f446xx.o
CAN1_TX_IRQHandler                                build/debug/startup_stm32f446xx.o
CAN2_RX0_IRQHandler                               build/debug/startup_stm32f446xx.o
CAN2_RX1_IRQHandler                               build/debug/startup_stm32f446xx.o
CAN2_SCE_IRQHandler                               build/debug/startup_stm32f446xx.o
CAN2_TX_IRQHandler                                build/debug/startup_stm32f446xx.o
CEC_IRQHandler                                    build/debug/startup_stm32f446xx.o
DCMI_IRQHandler                                   build/debug/startup_stm32f446xx.o
DMA1_Stream0_IRQHandler                           build/debug/startup_stm32f446xx.o
DMA1_Stream1_IRQHandler                           build/debug/stm32f4xx_it.o
DMA1_Stream2_IRQHandler                           build/debug/startup_stm32f446xx.o
DMA1_Stream3_IRQHandler                           build/debug/stm32f4xx_it.o
DMA1_Stream4_IRQHandler                           build/debug/startup_stm32f446xx.o
DMA1_Stream5_IRQHandler                           build/debug/startup_stm32f446xx.o
DMA1_Stream6_IRQHandler                           build/debug/startup_stm32f446xx.o
DMA1_Stream7_IRQHandler                           build/debug/startup_stm32f446xx.o
DMA2_Stream0_IRQHandler                           build/debug/startup_stm32f446xx.o
DMA2_Stream1_IRQHandler                           build/debug/startup_stm32f446xx.o
DMA2_Stream2_IRQHandler                           build/debug/startup_stm32f446xx.o
DMA2_Stream3_IRQHandler                           build/debug/startup_stm32f446xx.o
DMA2_Stream4_IRQHandler                           build/debug/startup_stm32f446xx.o
DMA2_Stream5_IRQHandler                           build/debug/startup_stm32f446xx.o
DMA2_Stream6_IRQHandler                           build/debug/startup_stm32f446xx.o
DMA2_Stream7_IRQHandler                           build/debug/startup_stm32f446xx.o
DebugMon_Handler                                  build/debug/stm32f4xx_it.o
Default_Handler                                   build/debug/startup_stm32f446xx.o
EXTI0_IRQHandler                                  build/debug/startup_stm32f446xx.o
EXTI15_10_IRQHandler                              build/debug/startup_stm32f446xx.o
EXTI1_IRQHandler                                  build/debug/startup_stm32f446xx.o
EXTI2_IRQHandler                                  build/debug/startup_stm32f446xx.o
EXTI3_IRQHandler                                  build/debug/startup_stm32f446xx.o
EXTI4_IRQHandler                                  build/debug/startup_stm32f446xx.o
EXTI9_5_IRQHandler                                build/debug/startup_stm32f446xx.o
Error_Handler                                     build/debug/main.o
                                                  build/debug/usart.o
                                                  build/debug/tim.o
                                                  build/debug/spi.o
                                                  build/debug/i2c.o
                                                  build/debug/can.o
                                                  build/debug/adc.o
FLASH_Erase_Sector                                build/debug/stm32f4xx_hal_flash_ex.o
                                                  build/debug/stm32f4xx_hal_flash.o
FLASH_FlushCaches                                 build/debug/stm32f4xx_hal_flash_ex.o
                                                  build/debug/stm32f4xx_hal_flash.o
FLASH_IRQHandler                                  build/debug/startup_stm32f446xx.o
FLASH_WaitForLastOperation                        build/debug/stm32f4xx_hal_flash.o
                                                  build/debug/stm32f4xx_hal_flash_ex.o
FMC_IRQHandler                                    build/debug/startup_stm32f446xx.o
FMPI2C1_ER_IRQHandler                             build/debug/startup_stm32f446xx.o
FMPI2C1_EV_IRQHandler                             build/debug/startup_stm32f446xx.o
FPU_IRQHandler                                    build/debug/startup_stm32f446xx.o
HAL_ADCEx_InjectedConfigChannel                   build/debug/stm32f4xx_hal_adc_ex.o
HAL_ADCEx_InjectedConvCpltCallback                build/debug/current.o
                                                  build/debug/stm32f4xx_hal_adc.o
HAL_ADCEx_InjectedGetValue                        build/debug/stm32f4xx_hal_adc_ex.o
HAL_ADCEx_InjectedPollForConversion               build/debug/stm32f4xx_hal_adc_ex.o
HAL_ADCEx_InjectedStart                           build/debug/stm32f4xx_hal_adc_ex.o
                                                  build/debug/current.o
HAL_ADCEx_InjectedStart_IT                        build/debug/stm32f4xx_hal_adc_ex.o
                                                  build/debug/current.o
HAL_ADCEx_InjectedStop                            build/debug/stm32f4xx_hal_adc_ex.o
HAL_ADCEx_InjectedStop_IT                         build/debug/stm32f4xx_hal_adc_ex.o
HAL_ADCEx_MultiModeConfigChannel                  build/debug/stm32f4xx_hal_adc_ex.o
HAL_ADCEx_MultiModeGetValue                       build/debug/stm32f4xx_hal_adc_ex.o
HAL_ADCEx_MultiModeStart_DMA                      build/debug/stm32f4xx_hal_adc_ex.o
HAL_ADCEx_MultiModeStop_DMA                       build/debug/stm32f4xx_hal_adc_ex.o
HAL_ADC_AnalogWDGConfig                           build/debug/stm32f4xx_hal_adc.o
HAL_ADC_ConfigChannel                             build/debug/stm32f4xx_hal_adc.o
                                                  build/debug/adc.o
HAL_ADC_ConvCpltCallback                          build/debug/stm32f4xx_hal_adc.o
                                                  build/debug/stm32f4xx_hal_adc_ex.o
HAL_ADC_ConvHalfCpltCallback                      build/debug/stm32f4xx_hal_adc.o
                                                  build/debug/stm32f4xx_hal_adc_ex.o
HAL_ADC_DeInit                                    build/debug/stm32f4xx_hal_adc.o